ARM Linker, 5.03 [Build 76] [MDK-ARM Standard]

==============================================================================

Section Cross References

    startup_rvmdk.o(RESET) refers to startup_rvmdk.o(STACK) for StackMem
    startup_rvmdk.o(RESET) refers to uart.o(i.UART2_Int_Handler) for UART2_Int_Handler
    startup_rvmdk.o(RESET) refers to entry.o(.ARM.Collect$$$$00000000) for __main
    lcd.o(i.Address_set) refers to lcd.o(i.lcd_write_command) for lcd_write_command
    lcd.o(i.Address_set) refers to lcd.o(i.lcd_write_data) for lcd_write_data
    lcd.o(i.Address_set1121) refers to lcd.o(i.lcd_write_command) for lcd_write_command
    lcd.o(i.Address_set1121) refers to lcd.o(i.lcd_write_data) for lcd_write_data
    lcd.o(i.LCD_Clear) refers to lcd.o(i.lcd_write_command) for lcd_write_command
    lcd.o(i.LCD_Clear) refers to lcd.o(i.lcd_write_data) for lcd_write_data
    lcd.o(i.LCD_DrawLine) refers to lcd.o(i.Address_set) for Address_set
    lcd.o(i.LCD_DrawLine) refers to lcd.o(i.lcd_write_data) for lcd_write_data
    lcd.o(i.LCD_DrawLine) refers to lcd.o(.data) for .data
    lcd.o(i.LCD_DrawPoint) refers to lcd.o(i.Address_set) for Address_set
    lcd.o(i.LCD_DrawPoint) refers to lcd.o(i.lcd_write_data) for lcd_write_data
    lcd.o(i.LCD_DrawPoint) refers to lcd.o(.data) for .data
    lcd.o(i.LCD_DrawRectangle) refers to lcd.o(i.LCD_DrawLine) for LCD_DrawLine
    lcd.o(i.LCD_SetCursor) refers to lcd.o(i.lcd_write_command) for lcd_write_command
    lcd.o(i.LCD_SetCursor) refers to lcd.o(i.lcd_write_data) for lcd_write_data
    lcd.o(i.LCD_SetCursor) refers to lcd.o(.bss) for .bss
    lcd.o(i.LCD_ShowChar) refers to lcd.o(i.Address_set) for Address_set
    lcd.o(i.LCD_ShowChar) refers to lcd.o(i.lcd_write_data) for lcd_write_data
    lcd.o(i.LCD_ShowChar) refers to lcd.o(.data) for .data
    lcd.o(i.LCD_ShowString) refers to lcd.o(i.LCD_ShowChar) for LCD_ShowChar
    lcd.o(i.LCD_WR_REG_DATA) refers to lcd.o(i.lcd_write_command) for lcd_write_command
    lcd.o(i.LCD_WR_REG_DATA) refers to lcd.o(i.lcd_write_data) for lcd_write_data
    lcd.o(i.LCD_WriteRAM_Prepare) refers to lcd.o(i.lcd_write_command) for lcd_write_command
    lcd.o(i.LCD_WriteRAM_Prepare) refers to lcd.o(.bss) for .bss
    lcd.o(i.lcd_get_control) refers to lcd.o(i.lcd_write_command) for lcd_write_command
    lcd.o(i.lcd_init) refers to lcd.o(i.lcd_write_command) for lcd_write_command
    lcd.o(i.lcd_init) refers to lcd.o(i.lcd_write_data) for lcd_write_data
    lcd.o(i.lcd_init) refers to lcd.o(.bss) for .bss
    key.o(i.KEY_Init) refers to gpio.o(i.GPIOPadConfigSet) for GPIOPadConfigSet
    key.o(i.KEY_Init) refers to gpio.o(i.GPIODirModeSet) for GPIODirModeSet
    key.o(i.KEY_Test) refers to pcf8574.o(i.PCF8574_Single_WriteI2C) for PCF8574_Single_WriteI2C
    key.o(i.KEY_Test) refers to pcf8574.o(i.PCF8574_Single_ReadI2C) for PCF8574_Single_ReadI2C
    key.o(i.KEY_Test) refers to key.o(.data) for .data
    pcf8574.o(i.PCF8574_I2C_GPIO_Config) refers to pcf8574.o(i.PCF8574_I2C_Stop) for PCF8574_I2C_Stop
    pcf8574.o(i.PCF8574_I2C_SendByte) refers to pcf8574.o(i.PCF8574_I2C_RecvACK) for PCF8574_I2C_RecvACK
    pcf8574.o(i.PCF8574_Single_ReadI2C) refers to pcf8574.o(i.PCF8574_I2C_Start) for PCF8574_I2C_Start
    pcf8574.o(i.PCF8574_Single_ReadI2C) refers to pcf8574.o(i.PCF8574_I2C_SendByte) for PCF8574_I2C_SendByte
    pcf8574.o(i.PCF8574_Single_ReadI2C) refers to pcf8574.o(i.PCF8574_I2C_RecvByte) for PCF8574_I2C_RecvByte
    pcf8574.o(i.PCF8574_Single_ReadI2C) refers to pcf8574.o(i.PCF8574_I2C_SendACK) for PCF8574_I2C_SendACK
    pcf8574.o(i.PCF8574_Single_ReadI2C) refers to pcf8574.o(i.PCF8574_I2C_Stop) for PCF8574_I2C_Stop
    pcf8574.o(i.PCF8574_Single_WriteI2C) refers to pcf8574.o(i.PCF8574_I2C_Start) for PCF8574_I2C_Start
    pcf8574.o(i.PCF8574_Single_WriteI2C) refers to pcf8574.o(i.PCF8574_I2C_SendByte) for PCF8574_I2C_SendByte
    pcf8574.o(i.PCF8574_Single_WriteI2C) refers to pcf8574.o(i.PCF8574_I2C_Stop) for PCF8574_I2C_Stop
    main.o(i.main) refers to fpu.o(i.FPUEnable) for FPUEnable
    main.o(i.main) refers to fpu.o(i.FPULazyStackingEnable) for FPULazyStackingEnable
    main.o(i.main) refers to sysctl.o(i.SysCtlClockSet) for SysCtlClockSet
    main.o(i.main) refers to uart.o(i.InitConsole) for InitConsole
    main.o(i.main) refers to pcf8574.o(i.PCF8574_I2C_GPIO_Config) for PCF8574_I2C_GPIO_Config
    main.o(i.main) refers to key.o(i.KEY_Init) for KEY_Init
    main.o(i.main) refers to lcd.o(i.lcd_init) for lcd_init
    main.o(i.main) refers to pcf8574.o(i.PCF8574_Single_WriteI2C) for PCF8574_Single_WriteI2C
    main.o(i.main) refers to lcd.o(i.LCD_Clear) for LCD_Clear
    main.o(i.main) refers to lcd.o(i.LCD_DrawRectangle) for LCD_DrawRectangle
    main.o(i.main) refers to lcd.o(i.LCD_ShowString) for LCD_ShowString
    main.o(i.main) refers to sysctl.o(i.SysCtlPeripheralEnable) for SysCtlPeripheralEnable
    main.o(i.main) refers to hibernate.o(i.HibernateIsActive) for HibernateIsActive
    main.o(i.main) refers to hibernate.o(i.HibernateIntStatus) for HibernateIntStatus
    main.o(i.main) refers to hibernate.o(i.HibernateDataGet) for HibernateDataGet
    main.o(i.main) refers to sysctl.o(i.SysCtlClockGet) for SysCtlClockGet
    main.o(i.main) refers to hibernate.o(i.HibernateEnableExpClk) for HibernateEnableExpClk
    main.o(i.main) refers to ustdlib.o(i.usprintf) for usprintf
    main.o(i.main) refers to sysctl.o(.emb_text) for SysCtlDelay
    main.o(i.main) refers to hibernate.o(i.HibernateDataSet) for HibernateDataSet
    main.o(i.main) refers to hibernate.o(i.HibernateWakeSet) for HibernateWakeSet
    main.o(i.main) refers to hibernate.o(i.HibernateRequest) for HibernateRequest
    uart.o(i.InitConsole) refers to sysctl.o(i.SysCtlPeripheralEnable) for SysCtlPeripheralEnable
    uart.o(i.InitConsole) refers to gpio.o(i.GPIOPinConfigure) for GPIOPinConfigure
    uart.o(i.InitConsole) refers to gpio.o(i.GPIOPinTypeUART) for GPIOPinTypeUART
    uart.o(i.InitConsole) refers to uartstdio.o(i.UARTStdioInit) for UARTStdioInit
    uart.o(i.RFID_Test) refers to uart.o(.data) for .data
    uart.o(i.RFID_Test) refers to uart.o(.bss) for .bss
    uart.o(i.UART2_Int_Config) refers to uart.o(i.UARTFIFOLevelSet) for UARTFIFOLevelSet
    uart.o(i.UART2_Int_Config) refers to uart.o(i.UARTIntRegister) for UARTIntRegister
    uart.o(i.UART2_Int_Config) refers to uart.o(i.UARTIntEnable) for UARTIntEnable
    uart.o(i.UART2_Int_Config) refers to uart.o(i.UART2_Int_Handler) for UART2_Int_Handler
    uart.o(i.UART2_Int_Handler) refers to interrupt.o(i.IntMasterDisable) for IntMasterDisable
    uart.o(i.UART2_Int_Handler) refers to uart.o(i.UARTIntStatus) for UARTIntStatus
    uart.o(i.UART2_Int_Handler) refers to uart.o(i.UARTIntClear) for UARTIntClear
    uart.o(i.UART2_Int_Handler) refers to uart.o(i.UARTCharGet) for UARTCharGet
    uart.o(i.UART2_Int_Handler) refers to uartstdio.o(i.UARTprintf) for UARTprintf
    uart.o(i.UART2_Int_Handler) refers to lcd.o(i.LCD_ShowString) for LCD_ShowString
    uart.o(i.UART2_Int_Handler) refers to interrupt.o(i.IntMasterEnable) for IntMasterEnable
    uart.o(i.UART2_Int_Handler) refers to uart.o(.bss) for .bss
    uart.o(i.UART2_Int_Handler) refers to uart.o(.data) for .data
    uartstdio.o(i.UARTStdioInit) refers to uartstdio.o(i.UARTStdioInitExpClk) for UARTStdioInitExpClk
    uartstdio.o(i.UARTStdioInitExpClk) refers to uartstdio.o(.constdata) for .constdata
    uartstdio.o(i.UARTStdioInitExpClk) refers to uartstdio.o(.data) for .data
    uartstdio.o(i.UARTgetc) refers to uartstdio.o(.data) for .data
    uartstdio.o(i.UARTgets) refers to uartstdio.o(i.UARTwrite) for UARTwrite
    uartstdio.o(i.UARTgets) refers to uartstdio.o(.data) for .data
    uartstdio.o(i.UARTprintf) refers to uartstdio.o(.data) for .data
    uartstdio.o(i.UARTprintf) refers to uartstdio.o(.constdata) for .constdata
    uartstdio.o(i.UARTwrite) refers to uartstdio.o(.data) for .data
    uartstdio.o(.constdata) refers to uartstdio.o(.conststring) for .conststring
    ustdlib.o(i.ulocaltime) refers to ustdlib.o(.constdata) for .constdata
    ustdlib.o(i.umktime) refers to ustdlib.o(i.ulocaltime) for ulocaltime
    ustdlib.o(i.umktime) refers to ustdlib.o(i.ucmptime) for ucmptime
    ustdlib.o(i.urand) refers to ustdlib.o(.data) for .data
    ustdlib.o(i.usnprintf) refers to ustdlib.o(i.uvsnprintf) for uvsnprintf
    ustdlib.o(i.usprintf) refers to ustdlib.o(i.uvsnprintf) for uvsnprintf
    ustdlib.o(i.usrand) refers to ustdlib.o(.data) for .data
    ustdlib.o(i.uvsnprintf) refers to ustdlib.o(.constdata) for .constdata
    ustdlib.o(.constdata) refers to ustdlib.o(.conststring) for .conststring
    gpio.o(i.GPIOPinConfigure) refers to gpio.o(.constdata) for .constdata
    gpio.o(i.GPIOPinTypeADC) refers to gpio.o(i.GPIODirModeSet) for GPIODirModeSet
    gpio.o(i.GPIOPinTypeADC) refers to gpio.o(i.GPIOPadConfigSet) for GPIOPadConfigSet
    gpio.o(i.GPIOPinTypeCAN) refers to gpio.o(i.GPIODirModeSet) for GPIODirModeSet
    gpio.o(i.GPIOPinTypeCAN) refers to gpio.o(i.GPIOPadConfigSet) for GPIOPadConfigSet
    gpio.o(i.GPIOPinTypeComparator) refers to gpio.o(i.GPIODirModeSet) for GPIODirModeSet
    gpio.o(i.GPIOPinTypeComparator) refers to gpio.o(i.GPIOPadConfigSet) for GPIOPadConfigSet
    gpio.o(i.GPIOPinTypeEPI) refers to gpio.o(i.GPIODirModeSet) for GPIODirModeSet
    gpio.o(i.GPIOPinTypeEPI) refers to gpio.o(i.GPIOPadConfigSet) for GPIOPadConfigSet
    gpio.o(i.GPIOPinTypeEthernetLED) refers to gpio.o(i.GPIODirModeSet) for GPIODirModeSet
    gpio.o(i.GPIOPinTypeEthernetLED) refers to gpio.o(i.GPIOPadConfigSet) for GPIOPadConfigSet
    gpio.o(i.GPIOPinTypeEthernetMII) refers to gpio.o(i.GPIODirModeSet) for GPIODirModeSet
    gpio.o(i.GPIOPinTypeEthernetMII) refers to gpio.o(i.GPIOPadConfigSet) for GPIOPadConfigSet
    gpio.o(i.GPIOPinTypeFan) refers to gpio.o(i.GPIODirModeSet) for GPIODirModeSet
    gpio.o(i.GPIOPinTypeFan) refers to gpio.o(i.GPIOPadConfigSet) for GPIOPadConfigSet
    gpio.o(i.GPIOPinTypeGPIOInput) refers to gpio.o(i.GPIODirModeSet) for GPIODirModeSet
    gpio.o(i.GPIOPinTypeGPIOInput) refers to gpio.o(i.GPIOPadConfigSet) for GPIOPadConfigSet
    gpio.o(i.GPIOPinTypeGPIOOutput) refers to gpio.o(i.GPIOPadConfigSet) for GPIOPadConfigSet
    gpio.o(i.GPIOPinTypeGPIOOutput) refers to gpio.o(i.GPIODirModeSet) for GPIODirModeSet
    gpio.o(i.GPIOPinTypeGPIOOutputOD) refers to gpio.o(i.GPIOPadConfigSet) for GPIOPadConfigSet
    gpio.o(i.GPIOPinTypeGPIOOutputOD) refers to gpio.o(i.GPIODirModeSet) for GPIODirModeSet
    gpio.o(i.GPIOPinTypeI2C) refers to gpio.o(i.GPIODirModeSet) for GPIODirModeSet
    gpio.o(i.GPIOPinTypeI2C) refers to gpio.o(i.GPIOPadConfigSet) for GPIOPadConfigSet
    gpio.o(i.GPIOPinTypeI2CSCL) refers to gpio.o(i.GPIODirModeSet) for GPIODirModeSet
    gpio.o(i.GPIOPinTypeI2CSCL) refers to gpio.o(i.GPIOPadConfigSet) for GPIOPadConfigSet
    gpio.o(i.GPIOPinTypeI2S) refers to gpio.o(i.GPIODirModeSet) for GPIODirModeSet
    gpio.o(i.GPIOPinTypeI2S) refers to gpio.o(i.GPIOPadConfigSet) for GPIOPadConfigSet
    gpio.o(i.GPIOPinTypeLPC) refers to gpio.o(i.GPIODirModeSet) for GPIODirModeSet
    gpio.o(i.GPIOPinTypeLPC) refers to gpio.o(i.GPIOPadConfigSet) for GPIOPadConfigSet
    gpio.o(i.GPIOPinTypePECIRx) refers to gpio.o(i.GPIODirModeSet) for GPIODirModeSet
    gpio.o(i.GPIOPinTypePECIRx) refers to gpio.o(i.GPIOPadConfigSet) for GPIOPadConfigSet
    gpio.o(i.GPIOPinTypePECITx) refers to gpio.o(i.GPIODirModeSet) for GPIODirModeSet
    gpio.o(i.GPIOPinTypePECITx) refers to gpio.o(i.GPIOPadConfigSet) for GPIOPadConfigSet
    gpio.o(i.GPIOPinTypePWM) refers to gpio.o(i.GPIODirModeSet) for GPIODirModeSet
    gpio.o(i.GPIOPinTypePWM) refers to gpio.o(i.GPIOPadConfigSet) for GPIOPadConfigSet
    gpio.o(i.GPIOPinTypeQEI) refers to gpio.o(i.GPIODirModeSet) for GPIODirModeSet
    gpio.o(i.GPIOPinTypeQEI) refers to gpio.o(i.GPIOPadConfigSet) for GPIOPadConfigSet
    gpio.o(i.GPIOPinTypeSSI) refers to gpio.o(i.GPIODirModeSet) for GPIODirModeSet
    gpio.o(i.GPIOPinTypeSSI) refers to gpio.o(i.GPIOPadConfigSet) for GPIOPadConfigSet
    gpio.o(i.GPIOPinTypeTimer) refers to gpio.o(i.GPIODirModeSet) for GPIODirModeSet
    gpio.o(i.GPIOPinTypeTimer) refers to gpio.o(i.GPIOPadConfigSet) for GPIOPadConfigSet
    gpio.o(i.GPIOPinTypeUART) refers to gpio.o(i.GPIODirModeSet) for GPIODirModeSet
    gpio.o(i.GPIOPinTypeUART) refers to gpio.o(i.GPIOPadConfigSet) for GPIOPadConfigSet
    gpio.o(i.GPIOPinTypeUSBAnalog) refers to gpio.o(i.GPIODirModeSet) for GPIODirModeSet
    gpio.o(i.GPIOPinTypeUSBAnalog) refers to gpio.o(i.GPIOPadConfigSet) for GPIOPadConfigSet
    gpio.o(i.GPIOPinTypeUSBDigital) refers to gpio.o(i.GPIODirModeSet) for GPIODirModeSet
    gpio.o(i.GPIOPinTypeUSBDigital) refers to gpio.o(i.GPIOPadConfigSet) for GPIOPadConfigSet
    gpio.o(i.GPIOPortIntRegister) refers to gpio.o(i.GPIOGetIntNumber) for GPIOGetIntNumber
    gpio.o(i.GPIOPortIntRegister) refers to interrupt.o(i.IntRegister) for IntRegister
    gpio.o(i.GPIOPortIntRegister) refers to interrupt.o(i.IntEnable) for IntEnable
    gpio.o(i.GPIOPortIntUnregister) refers to gpio.o(i.GPIOGetIntNumber) for GPIOGetIntNumber
    gpio.o(i.GPIOPortIntUnregister) refers to interrupt.o(i.IntDisable) for IntDisable
    gpio.o(i.GPIOPortIntUnregister) refers to interrupt.o(i.IntUnregister) for IntUnregister
    hibernate.o(i.HibernateBatCheckStart) refers to hibernate.o(i.HibernateWriteComplete) for HibernateWriteComplete
    hibernate.o(i.HibernateClockConfig) refers to hibernate.o(i.HibernateWriteComplete) for HibernateWriteComplete
    hibernate.o(i.HibernateClockSelect) refers to hibernate.o(i.HibernateWriteComplete) for HibernateWriteComplete
    hibernate.o(i.HibernateDataSet) refers to hibernate.o(i.HibernateWriteComplete) for HibernateWriteComplete
    hibernate.o(i.HibernateDisable) refers to hibernate.o(i.HibernateWriteComplete) for HibernateWriteComplete
    hibernate.o(i.HibernateEnableExpClk) refers to hibernate.o(i.HibernateWriteComplete) for HibernateWriteComplete
    hibernate.o(i.HibernateIntClear) refers to hibernate.o(i.HibernateWriteComplete) for HibernateWriteComplete
    hibernate.o(i.HibernateIntDisable) refers to hibernate.o(i.HibernateWriteComplete) for HibernateWriteComplete
    hibernate.o(i.HibernateIntEnable) refers to hibernate.o(i.HibernateWriteComplete) for HibernateWriteComplete
    hibernate.o(i.HibernateIntRegister) refers to interrupt.o(i.IntRegister) for IntRegister
    hibernate.o(i.HibernateIntRegister) refers to interrupt.o(i.IntEnable) for IntEnable
    hibernate.o(i.HibernateIntUnregister) refers to interrupt.o(i.IntDisable) for IntDisable
    hibernate.o(i.HibernateIntUnregister) refers to interrupt.o(i.IntUnregister) for IntUnregister
    hibernate.o(i.HibernateLowBatSet) refers to hibernate.o(i.HibernateWriteComplete) for HibernateWriteComplete
    hibernate.o(i.HibernateRTCDisable) refers to hibernate.o(i.HibernateWriteComplete) for HibernateWriteComplete
    hibernate.o(i.HibernateRTCEnable) refers to hibernate.o(i.HibernateWriteComplete) for HibernateWriteComplete
    hibernate.o(i.HibernateRTCMatch0Set) refers to hibernate.o(i.HibernateWriteComplete) for HibernateWriteComplete
    hibernate.o(i.HibernateRTCMatch1Set) refers to hibernate.o(i.HibernateWriteComplete) for HibernateWriteComplete
    hibernate.o(i.HibernateRTCSSMatch0Set) refers to hibernate.o(i.HibernateWriteComplete) for HibernateWriteComplete
    hibernate.o(i.HibernateRTCSet) refers to hibernate.o(i.HibernateWriteComplete) for HibernateWriteComplete
    hibernate.o(i.HibernateRTCTrimSet) refers to hibernate.o(i.HibernateWriteComplete) for HibernateWriteComplete
    hibernate.o(i.HibernateRequest) refers to hibernate.o(i.HibernateWriteComplete) for HibernateWriteComplete
    hibernate.o(i.HibernateWakeSet) refers to hibernate.o(i.HibernateWriteComplete) for HibernateWriteComplete
    hibernate.o(i.HibernateWriteComplete) refers to sysctl.o(.emb_text) for SysCtlDelay
    hibernate.o(i.HibernateWriteComplete) refers to hibernate.o(.data) for .data
    interrupt.o(i.IntDisable) refers to interrupt.o(.constdata) for .constdata
    interrupt.o(i.IntEnable) refers to interrupt.o(.constdata) for .constdata
    interrupt.o(i.IntMasterDisable) refers to cpu.o(.emb_text) for CPUcpsid
    interrupt.o(i.IntMasterEnable) refers to cpu.o(.emb_text) for CPUcpsie
    interrupt.o(i.IntPendClear) refers to interrupt.o(.constdata) for .constdata
    interrupt.o(i.IntPendSet) refers to interrupt.o(.constdata) for .constdata
    interrupt.o(i.IntPriorityGet) refers to interrupt.o(.constdata) for .constdata
    interrupt.o(i.IntPriorityGroupingGet) refers to interrupt.o(.constdata) for .constdata
    interrupt.o(i.IntPriorityGroupingSet) refers to interrupt.o(.constdata) for .constdata
    interrupt.o(i.IntPriorityMaskGet) refers to cpu.o(.emb_text) for CPUbasepriGet
    interrupt.o(i.IntPriorityMaskSet) refers to cpu.o(.emb_text) for CPUbasepriSet
    interrupt.o(i.IntPrioritySet) refers to interrupt.o(.constdata) for .constdata
    interrupt.o(i.IntRegister) refers to interrupt.o(vtable) for vtable
    interrupt.o(i.IntUnregister) refers to interrupt.o(i.IntDefaultHandler) for IntDefaultHandler
    interrupt.o(i.IntUnregister) refers to interrupt.o(vtable) for vtable
    sysctl.o(i.SysCtlClockGet) refers to sysctl.o(.constdata) for .constdata
    sysctl.o(i.SysCtlClockSet) refers to sysctl.o(.emb_text) for SysCtlDelay
    sysctl.o(i.SysCtlDeepSleep) refers to cpu.o(.emb_text) for CPUwfi
    sysctl.o(i.SysCtlI2SMClkSet) refers to sysctl.o(.constdata) for .constdata
    sysctl.o(i.SysCtlIntRegister) refers to interrupt.o(i.IntRegister) for IntRegister
    sysctl.o(i.SysCtlIntRegister) refers to interrupt.o(i.IntEnable) for IntEnable
    sysctl.o(i.SysCtlIntUnregister) refers to interrupt.o(i.IntDisable) for IntDisable
    sysctl.o(i.SysCtlIntUnregister) refers to interrupt.o(i.IntUnregister) for IntUnregister
    sysctl.o(i.SysCtlPeripheralDeepSleepDisable) refers to sysctl.o(.constdata) for .constdata
    sysctl.o(i.SysCtlPeripheralDeepSleepEnable) refers to sysctl.o(.constdata) for .constdata
    sysctl.o(i.SysCtlPeripheralDisable) refers to sysctl.o(.constdata) for .constdata
    sysctl.o(i.SysCtlPeripheralEnable) refers to sysctl.o(.constdata) for .constdata
    sysctl.o(i.SysCtlPeripheralPowerOff) refers to sysctl.o(.constdata) for .constdata
    sysctl.o(i.SysCtlPeripheralPowerOn) refers to sysctl.o(.constdata) for .constdata
    sysctl.o(i.SysCtlPeripheralPresent) refers to sysctl.o(.constdata) for .constdata
    sysctl.o(i.SysCtlPeripheralReady) refers to sysctl.o(.constdata) for .constdata
    sysctl.o(i.SysCtlPeripheralReset) refers to sysctl.o(.constdata) for .constdata
    sysctl.o(i.SysCtlPeripheralSleepDisable) refers to sysctl.o(.constdata) for .constdata
    sysctl.o(i.SysCtlPeripheralSleepEnable) refers to sysctl.o(.constdata) for .constdata
    sysctl.o(i.SysCtlSleep) refers to cpu.o(.emb_text) for CPUwfi
    uart.o(i.UARTIntRegister) refers to interrupt.o(i.IntRegister) for IntRegister
    uart.o(i.UARTIntRegister) refers to interrupt.o(i.IntEnable) for IntEnable
    uart.o(i.UARTIntRegister) refers to uart.o(.constdata) for .constdata
    uart.o(i.UARTIntUnregister) refers to interrupt.o(i.IntDisable) for IntDisable
    uart.o(i.UARTIntUnregister) refers to interrupt.o(i.IntUnregister) for IntUnregister
    uart.o(i.UARTIntUnregister) refers to uart.o(.constdata) for .constdata
    entry.o(.ARM.Collect$$$$00000000) refers (Special) to entry10a.o(.ARM.Collect$$$$0000000D) for __rt_final_cpp
    entry.o(.ARM.Collect$$$$00000000) refers (Special) to entry11a.o(.ARM.Collect$$$$0000000F) for __rt_final_exit
    entry.o(.ARM.Collect$$$$00000000) refers (Special) to entry7b.o(.ARM.Collect$$$$00000008) for _main_clock
    entry.o(.ARM.Collect$$$$00000000) refers (Special) to entry8b.o(.ARM.Collect$$$$0000000A) for _main_cpp_init
    entry.o(.ARM.Collect$$$$00000000) refers (Special) to entry9a.o(.ARM.Collect$$$$0000000B) for _main_init
    entry.o(.ARM.Collect$$$$00000000) refers (Special) to entry5.o(.ARM.Collect$$$$00000004) for _main_scatterload
    entry.o(.ARM.Collect$$$$00000000) refers (Special) to entry2.o(.ARM.Collect$$$$00000001) for _main_stk
    entry2.o(.ARM.Collect$$$$00000001) refers to entry2.o(.ARM.Collect$$$$00002712) for __lit__00000000
    entry2.o(.ARM.Collect$$$$00002712) refers to startup_rvmdk.o(STACK) for __initial_sp
    entry2.o(__vectab_stack_and_reset_area) refers to startup_rvmdk.o(STACK) for __initial_sp
    entry2.o(__vectab_stack_and_reset_area) refers to entry.o(.ARM.Collect$$$$00000000) for __main
    entry5.o(.ARM.Collect$$$$00000004) refers to init.o(.text) for __scatterload
    entry9a.o(.ARM.Collect$$$$0000000B) refers to main.o(i.main) for main
    entry9b.o(.ARM.Collect$$$$0000000C) refers to main.o(i.main) for main
    init.o(.text) refers to entry5.o(.ARM.Collect$$$$00000004) for __main_after_scatterload


==============================================================================

Removing Unused input sections from the image.

    Removing startup_rvmdk.o(HEAP), (0 bytes).
    Removing startup_rvmdk.o(.text), (0 bytes).
    Removing lcd.o(i.Address_set1121), (76 bytes).
    Removing lcd.o(i.LCD_DrawPoint), (28 bytes).
    Removing lcd.o(i.LCD_SetCursor), (628 bytes).
    Removing lcd.o(i.LCD_WR_REG_DATA), (18 bytes).
    Removing lcd.o(i.LCD_WriteRAM_Prepare), (12 bytes).
    Removing lcd.o(i.lcd_backlight_off), (20 bytes).
    Removing lcd.o(i.lcd_backlight_on), (20 bytes).
    Removing lcd.o(i.lcd_get_control), (120 bytes).
    Removing lcd.o(.constdata), (1140 bytes).
    Removing lcd.o(.data), (1 bytes).
    Removing key.o(i.Delay5ms), (10 bytes).
    Removing key.o(i.KEY_Test), (148 bytes).
    Removing key.o(.data), (2 bytes).
    Removing pcf8574.o(i.PCF8574_I2C_RecvByte), (148 bytes).
    Removing pcf8574.o(i.PCF8574_I2C_SendACK), (88 bytes).
    Removing pcf8574.o(i.PCF8574_I2C_delay), (14 bytes).
    Removing pcf8574.o(i.PCF8574_Single_ReadI2C), (40 bytes).
    Removing pcf8574.o(i.PCF8574_delay50us), (10 bytes).
    Removing pcf8574.o(i.PCF8574_delay5ms), (10 bytes).
    Removing pcf8574.o(i.PCF8574_i2c_SDA_input), (36 bytes).
    Removing pcf8574.o(i.PCF8574_i2c_SDA_output), (36 bytes).
    Removing main.o(i.delay), (6 bytes).
    Removing uart.o(i.RFID_Test), (44 bytes).
    Removing uart.o(i.UART2_Int_Config), (52 bytes).
    Removing uart.o(.bss), (10 bytes).
    Removing uart.o(.data), (1 bytes).
    Removing uartstdio.o(i.UARTgetc), (24 bytes).
    Removing uartstdio.o(i.UARTgets), (188 bytes).
    Removing uartstdio.o(i.UARTwrite), (72 bytes).
    Removing ustdlib.o(i.ucmptime), (78 bytes).
    Removing ustdlib.o(i.ulocaltime), (204 bytes).
    Removing ustdlib.o(i.umktime), (156 bytes).
    Removing ustdlib.o(i.urand), (28 bytes).
    Removing ustdlib.o(i.usnprintf), (18 bytes).
    Removing ustdlib.o(i.usrand), (12 bytes).
    Removing ustdlib.o(i.ustrcasecmp), (90 bytes).
    Removing ustdlib.o(i.ustrcmp), (62 bytes).
    Removing ustdlib.o(i.ustrlen), (22 bytes).
    Removing ustdlib.o(i.ustrncmp), (56 bytes).
    Removing ustdlib.o(i.ustrncpy), (40 bytes).
    Removing ustdlib.o(i.ustrnicmp), (90 bytes).
    Removing ustdlib.o(i.ustrstr), (84 bytes).
    Removing ustdlib.o(i.ustrtoul), (164 bytes).
    Removing ustdlib.o(.data), (4 bytes).
    Removing fpu.o(i.FPUDisable), (16 bytes).
    Removing fpu.o(i.FPUFlushToZeroModeSet), (20 bytes).
    Removing fpu.o(i.FPUHalfPrecisionModeSet), (20 bytes).
    Removing fpu.o(i.FPUNaNModeSet), (20 bytes).
    Removing fpu.o(i.FPURoundingModeSet), (20 bytes).
    Removing fpu.o(i.FPUStackingDisable), (16 bytes).
    Removing fpu.o(i.FPUStackingEnable), (20 bytes).
    Removing gpio.o(i.GPIOADCTriggerDisable), (14 bytes).
    Removing gpio.o(i.GPIOADCTriggerEnable), (14 bytes).
    Removing gpio.o(i.GPIODMATriggerDisable), (14 bytes).
    Removing gpio.o(i.GPIODMATriggerEnable), (14 bytes).
    Removing gpio.o(i.GPIODirModeGet), (34 bytes).
    Removing gpio.o(i.GPIOGetIntNumber), (212 bytes).
    Removing gpio.o(i.GPIOIntTypeGet), (48 bytes).
    Removing gpio.o(i.GPIOIntTypeSet), (58 bytes).
    Removing gpio.o(i.GPIOPadConfigGet), (138 bytes).
    Removing gpio.o(i.GPIOPinIntClear), (6 bytes).
    Removing gpio.o(i.GPIOPinIntDisable), (14 bytes).
    Removing gpio.o(i.GPIOPinIntEnable), (14 bytes).
    Removing gpio.o(i.GPIOPinIntStatus), (14 bytes).
    Removing gpio.o(i.GPIOPinRead), (6 bytes).
    Removing gpio.o(i.GPIOPinTypeADC), (28 bytes).
    Removing gpio.o(i.GPIOPinTypeCAN), (28 bytes).
    Removing gpio.o(i.GPIOPinTypeComparator), (28 bytes).
    Removing gpio.o(i.GPIOPinTypeEPI), (28 bytes).
    Removing gpio.o(i.GPIOPinTypeEthernetLED), (28 bytes).
    Removing gpio.o(i.GPIOPinTypeEthernetMII), (28 bytes).
    Removing gpio.o(i.GPIOPinTypeFan), (28 bytes).
    Removing gpio.o(i.GPIOPinTypeGPIOInput), (28 bytes).
    Removing gpio.o(i.GPIOPinTypeGPIOOutput), (28 bytes).
    Removing gpio.o(i.GPIOPinTypeGPIOOutputOD), (28 bytes).
    Removing gpio.o(i.GPIOPinTypeI2C), (28 bytes).
    Removing gpio.o(i.GPIOPinTypeI2CSCL), (72 bytes).
    Removing gpio.o(i.GPIOPinTypeI2S), (28 bytes).
    Removing gpio.o(i.GPIOPinTypeLPC), (28 bytes).
    Removing gpio.o(i.GPIOPinTypePECIRx), (28 bytes).
    Removing gpio.o(i.GPIOPinTypePECITx), (28 bytes).
    Removing gpio.o(i.GPIOPinTypePWM), (28 bytes).
    Removing gpio.o(i.GPIOPinTypeQEI), (28 bytes).
    Removing gpio.o(i.GPIOPinTypeSSI), (28 bytes).
    Removing gpio.o(i.GPIOPinTypeTimer), (28 bytes).
    Removing gpio.o(i.GPIOPinTypeUSBAnalog), (28 bytes).
    Removing gpio.o(i.GPIOPinTypeUSBDigital), (28 bytes).
    Removing gpio.o(i.GPIOPinWrite), (6 bytes).
    Removing gpio.o(i.GPIOPortIntRegister), (26 bytes).
    Removing gpio.o(i.GPIOPortIntUnregister), (22 bytes).
    Removing hibernate.o(i.HibernateBatCheckDone), (16 bytes).
    Removing hibernate.o(i.HibernateBatCheckStart), (20 bytes).
    Removing hibernate.o(i.HibernateClockConfig), (24 bytes).
    Removing hibernate.o(i.HibernateClockSelect), (20 bytes).
    Removing hibernate.o(i.HibernateDisable), (20 bytes).
    Removing hibernate.o(i.HibernateIntClear), (16 bytes).
    Removing hibernate.o(i.HibernateIntDisable), (20 bytes).
    Removing hibernate.o(i.HibernateIntEnable), (16 bytes).
    Removing hibernate.o(i.HibernateIntRegister), (20 bytes).
    Removing hibernate.o(i.HibernateIntUnregister), (18 bytes).
    Removing hibernate.o(i.HibernateLowBatGet), (16 bytes).
    Removing hibernate.o(i.HibernateLowBatSet), (24 bytes).
    Removing hibernate.o(i.HibernateRTCDisable), (20 bytes).
    Removing hibernate.o(i.HibernateRTCEnable), (20 bytes).
    Removing hibernate.o(i.HibernateRTCGet), (12 bytes).
    Removing hibernate.o(i.HibernateRTCMatch0Get), (12 bytes).
    Removing hibernate.o(i.HibernateRTCMatch0Set), (12 bytes).
    Removing hibernate.o(i.HibernateRTCMatch1Get), (12 bytes).
    Removing hibernate.o(i.HibernateRTCMatch1Set), (12 bytes).
    Removing hibernate.o(i.HibernateRTCSSGet), (16 bytes).
    Removing hibernate.o(i.HibernateRTCSSMatch0Get), (12 bytes).
    Removing hibernate.o(i.HibernateRTCSSMatch0Set), (16 bytes).
    Removing hibernate.o(i.HibernateRTCSet), (12 bytes).
    Removing hibernate.o(i.HibernateRTCTrimGet), (12 bytes).
    Removing hibernate.o(i.HibernateRTCTrimSet), (12 bytes).
    Removing hibernate.o(i.HibernateWakeGet), (16 bytes).
    Removing interrupt.o(i.IntDefaultHandler), (2 bytes).
    Removing interrupt.o(i.IntDisable), (100 bytes).
    Removing interrupt.o(i.IntEnable), (100 bytes).
    Removing interrupt.o(i.IntPendClear), (68 bytes).
    Removing interrupt.o(i.IntPendSet), (84 bytes).
    Removing interrupt.o(i.IntPriorityGet), (28 bytes).
    Removing interrupt.o(i.IntPriorityGroupingGet), (40 bytes).
    Removing interrupt.o(i.IntPriorityGroupingSet), (28 bytes).
    Removing interrupt.o(i.IntPriorityMaskGet), (4 bytes).
    Removing interrupt.o(i.IntPriorityMaskSet), (4 bytes).
    Removing interrupt.o(i.IntPrioritySet), (40 bytes).
    Removing interrupt.o(i.IntRegister), (52 bytes).
    Removing interrupt.o(i.IntUnregister), (20 bytes).
    Removing interrupt.o(.constdata), (260 bytes).
    Removing interrupt.o(vtable), (620 bytes).
    Removing sysctl.o(i.SysCtlADCSpeedGet), (16 bytes).
    Removing sysctl.o(i.SysCtlADCSpeedSet), (32 bytes).
    Removing sysctl.o(i.SysCtlBrownOutConfigSet), (16 bytes).
    Removing sysctl.o(i.SysCtlClkVerificationClear), (20 bytes).
    Removing sysctl.o(i.SysCtlDeepSleep), (32 bytes).
    Removing sysctl.o(i.SysCtlDeepSleepClockSet), (12 bytes).
    Removing sysctl.o(i.SysCtlFlashSizeGet), (20 bytes).
    Removing sysctl.o(i.SysCtlGPIOAHBDisable), (20 bytes).
    Removing sysctl.o(i.SysCtlGPIOAHBEnable), (16 bytes).
    Removing sysctl.o(i.SysCtlI2SMClkSet), (216 bytes).
    Removing sysctl.o(i.SysCtlIOSCVerificationSet), (24 bytes).
    Removing sysctl.o(i.SysCtlIntClear), (12 bytes).
    Removing sysctl.o(i.SysCtlIntDisable), (16 bytes).
    Removing sysctl.o(i.SysCtlIntEnable), (16 bytes).
    Removing sysctl.o(i.SysCtlIntRegister), (20 bytes).
    Removing sysctl.o(i.SysCtlIntStatus), (16 bytes).
    Removing sysctl.o(i.SysCtlIntUnregister), (18 bytes).
    Removing sysctl.o(i.SysCtlLDOConfigSet), (12 bytes).
    Removing sysctl.o(i.SysCtlLDOGet), (12 bytes).
    Removing sysctl.o(i.SysCtlLDOSet), (12 bytes).
    Removing sysctl.o(i.SysCtlMOSCConfigSet), (12 bytes).
    Removing sysctl.o(i.SysCtlMOSCVerificationSet), (24 bytes).
    Removing sysctl.o(i.SysCtlPIOSCCalibrate), (76 bytes).
    Removing sysctl.o(i.SysCtlPLLVerificationSet), (24 bytes).
    Removing sysctl.o(i.SysCtlPWMClockGet), (24 bytes).
    Removing sysctl.o(i.SysCtlPWMClockSet), (20 bytes).
    Removing sysctl.o(i.SysCtlPeripheralClockGating), (24 bytes).
    Removing sysctl.o(i.SysCtlPeripheralDeepSleepDisable), (80 bytes).
    Removing sysctl.o(i.SysCtlPeripheralDeepSleepEnable), (80 bytes).
    Removing sysctl.o(i.SysCtlPeripheralDisable), (80 bytes).
    Removing sysctl.o(i.SysCtlPeripheralPowerOff), (72 bytes).
    Removing sysctl.o(i.SysCtlPeripheralPowerOn), (72 bytes).
    Removing sysctl.o(i.SysCtlPeripheralPresent), (112 bytes).
    Removing sysctl.o(i.SysCtlPeripheralReady), (72 bytes).
    Removing sysctl.o(i.SysCtlPeripheralReset), (120 bytes).
    Removing sysctl.o(i.SysCtlPeripheralSleepDisable), (80 bytes).
    Removing sysctl.o(i.SysCtlPeripheralSleepEnable), (80 bytes).
    Removing sysctl.o(i.SysCtlPinPresent), (16 bytes).
    Removing sysctl.o(i.SysCtlReset), (16 bytes).
    Removing sysctl.o(i.SysCtlResetCauseClear), (16 bytes).
    Removing sysctl.o(i.SysCtlResetCauseGet), (12 bytes).
    Removing sysctl.o(i.SysCtlSRAMSizeGet), (20 bytes).
    Removing sysctl.o(i.SysCtlSleep), (4 bytes).
    Removing sysctl.o(i.SysCtlUSBPLLDisable), (16 bytes).
    Removing sysctl.o(i.SysCtlUSBPLLEnable), (16 bytes).
    Removing uart.o(i.UART9BitAddrSend), (34 bytes).
    Removing uart.o(i.UART9BitAddrSet), (10 bytes).
    Removing uart.o(i.UART9BitDisable), (14 bytes).
    Removing uart.o(i.UART9BitEnable), (14 bytes).
    Removing uart.o(i.UARTBreakCtl), (18 bytes).
    Removing uart.o(i.UARTBusy), (8 bytes).
    Removing uart.o(i.UARTCharGetNonBlocking), (16 bytes).
    Removing uart.o(i.UARTCharPut), (12 bytes).
    Removing uart.o(i.UARTCharPutNonBlocking), (16 bytes).
    Removing uart.o(i.UARTCharsAvail), (10 bytes).
    Removing uart.o(i.UARTClockSourceGet), (6 bytes).
    Removing uart.o(i.UARTClockSourceSet), (6 bytes).
    Removing uart.o(i.UARTConfigGetExpClk), (46 bytes).
    Removing uart.o(i.UARTConfigSetExpClk), (110 bytes).
    Removing uart.o(i.UARTDMADisable), (10 bytes).
    Removing uart.o(i.UARTDMAEnable), (8 bytes).
    Removing uart.o(i.UARTDisable), (30 bytes).
    Removing uart.o(i.UARTDisableSIR), (10 bytes).
    Removing uart.o(i.UARTEnable), (20 bytes).
    Removing uart.o(i.UARTEnableSIR), (18 bytes).
    Removing uart.o(i.UARTFIFODisable), (10 bytes).
    Removing uart.o(i.UARTFIFOEnable), (10 bytes).
    Removing uart.o(i.UARTFIFOLevelGet), (16 bytes).
    Removing uart.o(i.UARTFIFOLevelSet), (6 bytes).
    Removing uart.o(i.UARTFlowControlGet), (8 bytes).
    Removing uart.o(i.UARTFlowControlSet), (12 bytes).
    Removing uart.o(i.UARTIntDisable), (10 bytes).
    Removing uart.o(i.UARTIntEnable), (8 bytes).
    Removing uart.o(i.UARTIntRegister), (52 bytes).
    Removing uart.o(i.UARTIntUnregister), (52 bytes).
    Removing uart.o(i.UARTModemControlClear), (14 bytes).
    Removing uart.o(i.UARTModemControlGet), (8 bytes).
    Removing uart.o(i.UARTModemControlSet), (12 bytes).
    Removing uart.o(i.UARTModemStatusGet), (10 bytes).
    Removing uart.o(i.UARTParityModeGet), (8 bytes).
    Removing uart.o(i.UARTParityModeSet), (12 bytes).
    Removing uart.o(i.UARTRxErrorClear), (6 bytes).
    Removing uart.o(i.UARTRxErrorGet), (8 bytes).
    Removing uart.o(i.UARTSmartCardDisable), (10 bytes).
    Removing uart.o(i.UARTSmartCardEnable), (22 bytes).
    Removing uart.o(i.UARTSpaceAvail), (10 bytes).
    Removing uart.o(i.UARTTxIntModeGet), (8 bytes).
    Removing uart.o(i.UARTTxIntModeSet), (12 bytes).
    Removing uart.o(.constdata), (64 bytes).

222 unused section(s) (total 9962 bytes) removed from the image.

==============================================================================

Image Symbol Table

    Local Symbols

    Symbol Name                              Value     Ov Type        Size  Object(Section)

    RESET                                    0x00000000   Section      632  startup_rvmdk.o(RESET)
    ../clib/../cmprslib/zerorunl2.c          0x00000000   Number         0  __dczerorl2.o ABSOLUTE
    ../clib/microlib/init/entry.s            0x00000000   Number         0  entry9b.o ABSOLUTE
    ../clib/microlib/init/entry.s            0x00000000   Number         0  entry2.o ABSOLUTE
    ../clib/microlib/init/entry.s            0x00000000   Number         0  entry10a.o ABSOLUTE
    ../clib/microlib/init/entry.s            0x00000000   Number         0  entry8b.o ABSOLUTE
    ../clib/microlib/init/entry.s            0x00000000   Number         0  entry.o ABSOLUTE
    ../clib/microlib/init/entry.s            0x00000000   Number         0  entry9a.o ABSOLUTE
    ../clib/microlib/init/entry.s            0x00000000   Number         0  entry5.o ABSOLUTE
    ../clib/microlib/init/entry.s            0x00000000   Number         0  entry7a.o ABSOLUTE
    ../clib/microlib/init/entry.s            0x00000000   Number         0  entry11b.o ABSOLUTE
    ../clib/microlib/init/entry.s            0x00000000   Number         0  entry7b.o ABSOLUTE
    ../clib/microlib/init/entry.s            0x00000000   Number         0  entry11a.o ABSOLUTE
    ../clib/microlib/init/entry.s            0x00000000   Number         0  entry10b.o ABSOLUTE
    ../clib/microlib/init/entry.s            0x00000000   Number         0  entry8a.o ABSOLUTE
    ..\..\utils\uartstdio.c                  0x00000000   Number         0  uartstdio.o ABSOLUTE
    ..\..\utils\ustdlib.c                    0x00000000   Number         0  ustdlib.o ABSOLUTE
    HARDWARE\PCF8574.c                       0x00000000   Number         0  pcf8574.o ABSOLUTE
    HARDWARE\key.c                           0x00000000   Number         0  key.o ABSOLUTE
    HARDWARE\lcd.c                           0x00000000   Number         0  lcd.o ABSOLUTE
    HARDWARE\uart.c                          0x00000000   Number         0  uart.o ABSOLUTE
    cpu.c                                    0x00000000   Number         0  cpu.o ABSOLUTE
    cpu.c                                    0x00000000   Number         0  cpu.o ABSOLUTE
    dc.s                                     0x00000000   Number         0  dc.o ABSOLUTE
    fpu.c                                    0x00000000   Number         0  fpu.o ABSOLUTE
    gpio.c                                   0x00000000   Number         0  gpio.o ABSOLUTE
    handlers.s                               0x00000000   Number         0  handlers.o ABSOLUTE
    hibernate.c                              0x00000000   Number         0  hibernate.o ABSOLUTE
    init.s                                   0x00000000   Number         0  init.o ABSOLUTE
    interrupt.c                              0x00000000   Number         0  interrupt.o ABSOLUTE
    main.c                                   0x00000000   Number         0  main.o ABSOLUTE
    startup_rvmdk.S                          0x00000000   Number         0  startup_rvmdk.o ABSOLUTE
    sysctl.c                                 0x00000000   Number         0  sysctl.o ABSOLUTE
    sysctl.c                                 0x00000000   Number         0  sysctl.o ABSOLUTE
    uart.c                                   0x00000000   Number         0  uart.o ABSOLUTE
    $v0                                      0x0000026c   Number         0  startup_rvmdk.o(RESET)
    NmiSR                                    0x00000271   Thumb Code     0  startup_rvmdk.o(RESET)
    FaultISR                                 0x00000273   Thumb Code     0  startup_rvmdk.o(RESET)
    IntDefaultHandler                        0x00000275   Thumb Code     0  startup_rvmdk.o(RESET)
    .ARM.Collect$$$$00000000                 0x00000278   Section        0  entry.o(.ARM.Collect$$$$00000000)
    .ARM.Collect$$$$00000001                 0x00000278   Section        4  entry2.o(.ARM.Collect$$$$00000001)
    .ARM.Collect$$$$00000004                 0x0000027c   Section        4  entry5.o(.ARM.Collect$$$$00000004)
    .ARM.Collect$$$$00000008                 0x00000280   Section        0  entry7b.o(.ARM.Collect$$$$00000008)
    .ARM.Collect$$$$0000000A                 0x00000280   Section        0  entry8b.o(.ARM.Collect$$$$0000000A)
    .ARM.Collect$$$$0000000B                 0x00000280   Section        8  entry9a.o(.ARM.Collect$$$$0000000B)
    .ARM.Collect$$$$0000000D                 0x00000288   Section        0  entry10a.o(.ARM.Collect$$$$0000000D)
    .ARM.Collect$$$$0000000F                 0x00000288   Section        0  entry11a.o(.ARM.Collect$$$$0000000F)
    .ARM.Collect$$$$00002712                 0x00000288   Section        4  entry2.o(.ARM.Collect$$$$00002712)
    __lit__00000000                          0x00000288   Data           4  entry2.o(.ARM.Collect$$$$00002712)
    .emb_text                                0x0000028c   Section        6  sysctl.o(.emb_text)
    $v0                                      0x0000028c   Number         0  sysctl.o(.emb_text)
    .emb_text                                0x00000294   Section       38  cpu.o(.emb_text)
    $v0                                      0x00000294   Number         0  cpu.o(.emb_text)
    .text                                    0x000002bc   Section       36  init.o(.text)
    .text                                    0x000002e0   Section        0  __dczerorl2.o(.text)
    i.Address_set                            0x0000033c   Section        0  lcd.o(i.Address_set)
    i.FPUEnable                              0x00000394   Section        0  fpu.o(i.FPUEnable)
    i.FPULazyStackingEnable                  0x000003a4   Section        0  fpu.o(i.FPULazyStackingEnable)
    i.GPIODirModeSet                         0x000003b4   Section        0  gpio.o(i.GPIODirModeSet)
    i.GPIOPadConfigSet                       0x000003dc   Section        0  gpio.o(i.GPIOPadConfigSet)
    i.GPIOPinConfigure                       0x0000048c   Section        0  gpio.o(i.GPIOPinConfigure)
    i.GPIOPinTypeUART                        0x000004d4   Section        0  gpio.o(i.GPIOPinTypeUART)
    i.HibernateDataGet                       0x000004f0   Section        0  hibernate.o(i.HibernateDataGet)
    i.HibernateDataSet                       0x00000514   Section        0  hibernate.o(i.HibernateDataSet)
    i.HibernateEnableExpClk                  0x00000544   Section        0  hibernate.o(i.HibernateEnableExpClk)
    i.HibernateIntStatus                     0x00000558   Section        0  hibernate.o(i.HibernateIntStatus)
    i.HibernateIsActive                      0x0000056c   Section        0  hibernate.o(i.HibernateIsActive)
    i.HibernateRequest                       0x0000057c   Section        0  hibernate.o(i.HibernateRequest)
    i.HibernateWakeSet                       0x00000590   Section        0  hibernate.o(i.HibernateWakeSet)
    i.HibernateWriteComplete                 0x000005a4   Section        0  hibernate.o(i.HibernateWriteComplete)
    i.InitConsole                            0x000005dc   Section        0  uart.o(i.InitConsole)
    i.IntMasterDisable                       0x00000658   Section        0  interrupt.o(i.IntMasterDisable)
    i.IntMasterEnable                        0x00000662   Section        0  interrupt.o(i.IntMasterEnable)
    i.KEY_Init                               0x0000066c   Section        0  key.o(i.KEY_Init)
    i.LCD_Clear                              0x000006a0   Section        0  lcd.o(i.LCD_Clear)
    i.LCD_DrawLine                           0x00000700   Section        0  lcd.o(i.LCD_DrawLine)
    i.LCD_DrawRectangle                      0x000007a8   Section        0  lcd.o(i.LCD_DrawRectangle)
    i.LCD_ShowChar                           0x000007e8   Section        0  lcd.o(i.LCD_ShowChar)
    i.LCD_ShowString                         0x000008bc   Section        0  lcd.o(i.LCD_ShowString)
    i.PCF8574_I2C_GPIO_Config                0x000008e8   Section        0  pcf8574.o(i.PCF8574_I2C_GPIO_Config)
    i.PCF8574_I2C_RecvACK                    0x0000091c   Section        0  pcf8574.o(i.PCF8574_I2C_RecvACK)
    i.PCF8574_I2C_SendByte                   0x000009ac   Section        0  pcf8574.o(i.PCF8574_I2C_SendByte)
    i.PCF8574_I2C_Start                      0x00000a20   Section        0  pcf8574.o(i.PCF8574_I2C_Start)
    i.PCF8574_I2C_Stop                       0x00000a84   Section        0  pcf8574.o(i.PCF8574_I2C_Stop)
    i.PCF8574_Single_WriteI2C                0x00000ae8   Section        0  pcf8574.o(i.PCF8574_Single_WriteI2C)
    i.SysCtlClockGet                         0x00000b08   Section        0  sysctl.o(i.SysCtlClockGet)
    i.SysCtlClockSet                         0x00000d38   Section        0  sysctl.o(i.SysCtlClockSet)
    i.SysCtlPeripheralEnable                 0x00000ea4   Section        0  sysctl.o(i.SysCtlPeripheralEnable)
    i.UART2_Int_Handler                      0x00000ef4   Section        0  uart.o(i.UART2_Int_Handler)
    i.UARTCharGet                            0x00000fe0   Section        0  uart.o(i.UARTCharGet)
    i.UARTIntClear                           0x00000fec   Section        0  uart.o(i.UARTIntClear)
    i.UARTIntStatus                          0x00000ff0   Section        0  uart.o(i.UARTIntStatus)
    i.UARTStdioInit                          0x00000ffa   Section        0  uartstdio.o(i.UARTStdioInit)
    i.UARTStdioInitExpClk                    0x00001000   Section        0  uartstdio.o(i.UARTStdioInitExpClk)
    i.UARTprintf                             0x00001064   Section        0  uartstdio.o(i.UARTprintf)
    i.__scatterload_copy                     0x00001388   Section       14  handlers.o(i.__scatterload_copy)
    i.__scatterload_null                     0x00001396   Section        2  handlers.o(i.__scatterload_null)
    i.__scatterload_zeroinit                 0x00001398   Section       14  handlers.o(i.__scatterload_zeroinit)
    i.lcd_init                               0x000013a8   Section        0  lcd.o(i.lcd_init)
    i.lcd_write_command                      0x00001704   Section        0  lcd.o(i.lcd_write_command)
    i.lcd_write_data                         0x00001728   Section        0  lcd.o(i.lcd_write_data)
    i.main                                   0x00001750   Section        0  main.o(i.main)
    i.usprintf                               0x000018d4   Section        0  ustdlib.o(i.usprintf)
    i.uvsnprintf                             0x000018ec   Section        0  ustdlib.o(i.uvsnprintf)
    .constdata                               0x00001be8   Section       68  uartstdio.o(.constdata)
    g_pcHex                                  0x00001be8   Data           4  uartstdio.o(.constdata)
    g_ulUARTBase                             0x00001bec   Data          32  uartstdio.o(.constdata)
    g_ulUARTPeriph                           0x00001c0c   Data          32  uartstdio.o(.constdata)
    .constdata                               0x00001c2c   Section       28  ustdlib.o(.constdata)
    g_pcHex                                  0x00001c2c   Data           4  ustdlib.o(.constdata)
    g_psDaysToMonth                          0x00001c30   Data          24  ustdlib.o(.constdata)
    .constdata                               0x00001c48   Section      120  gpio.o(.constdata)
    g_pulGPIOBaseAddrs                       0x00001c48   Data         120  gpio.o(.constdata)
    .constdata                               0x00001cc0   Section      452  sysctl.o(.constdata)
    g_pulDCRegs                              0x00001cc0   Data          16  sysctl.o(.constdata)
    g_pulSRCRRegs                            0x00001cd0   Data          12  sysctl.o(.constdata)
    g_pulRCGCRegs                            0x00001cdc   Data          12  sysctl.o(.constdata)
    g_pulSCGCRegs                            0x00001ce8   Data          12  sysctl.o(.constdata)
    g_pulDCGCRegs                            0x00001cf4   Data          12  sysctl.o(.constdata)
    g_pulXtals                               0x00001d00   Data         108  sysctl.o(.constdata)
    g_ppulPeripheralMap                      0x00001d6c   Data         280  sysctl.o(.constdata)
    .conststring                             0x00001e84   Section       17  uartstdio.o(.conststring)
    .data                                    0x20000000   Section     1528  lcd.o(.data)
    .data                                    0x200005f8   Section        2  uart.o(.data)
    BufferCount                              0x200005f9   Data           1  uart.o(.data)
    .data                                    0x200005fc   Section        8  uartstdio.o(.data)
    bLastWasCR                               0x200005fc   Data           1  uartstdio.o(.data)
    g_ulBase                                 0x20000600   Data           4  uartstdio.o(.data)
    .data                                    0x20000604   Section        4  hibernate.o(.data)
    g_ulWriteDelay                           0x20000604   Data           4  hibernate.o(.data)
    .bss                                     0x20000608   Section       20  lcd.o(.bss)
    .bss                                     0x2000061c   Section       50  uart.o(.bss)
    STACK                                    0x20000650   Section      512  startup_rvmdk.o(STACK)
    StackMem                                 0x20000650   Data           0  startup_rvmdk.o(STACK)

    Global Symbols

    Symbol Name                              Value     Ov Type        Size  Object(Section)

    BuildAttributes$$THM_ISAv4$E$P$D$K$B$S$7EM$VFPi3$EXTD16$VFPS$VFMA$PE$A:L22UL41UL21$X:L11$S22US41US21$IEEE1$IW$USESV6$~STKCKD$USESV7$~SHL$OTIME$EBA8$MICROLIB$REQ8$PRES8$EABIv2 0x00000000   Number         0  anon$$obj.o ABSOLUTE
    __ARM_use_no_argv                        0x00000000   Number         0  main.o ABSOLUTE
    __Vectors                                0x00000000   Data           0  startup_rvmdk.o(RESET)
    __cpp_initialize__aeabi_                  - Undefined Weak Reference
    __cxa_finalize                            - Undefined Weak Reference
    _clock_init                               - Undefined Weak Reference
    _microlib_exit                            - Undefined Weak Reference
    Reset_Handler                            0x0000026d   Thumb Code     0  startup_rvmdk.o(RESET)
    __main                                   0x00000279   Thumb Code     0  entry.o(.ARM.Collect$$$$00000000)
    _main_stk                                0x00000279   Thumb Code     0  entry2.o(.ARM.Collect$$$$00000001)
    _main_scatterload                        0x0000027d   Thumb Code     0  entry5.o(.ARM.Collect$$$$00000004)
    __main_after_scatterload                 0x00000281   Thumb Code     0  entry5.o(.ARM.Collect$$$$00000004)
    _main_clock                              0x00000281   Thumb Code     0  entry7b.o(.ARM.Collect$$$$00000008)
    _main_cpp_init                           0x00000281   Thumb Code     0  entry8b.o(.ARM.Collect$$$$0000000A)
    _main_init                               0x00000281   Thumb Code     0  entry9a.o(.ARM.Collect$$$$0000000B)
    __rt_final_cpp                           0x00000289   Thumb Code     0  entry10a.o(.ARM.Collect$$$$0000000D)
    __rt_final_exit                          0x00000289   Thumb Code     0  entry11a.o(.ARM.Collect$$$$0000000F)
    SysCtlDelay                              0x0000028d   Thumb Code     6  sysctl.o(.emb_text)
    CPUcpsid                                 0x00000295   Thumb Code     8  cpu.o(.emb_text)
    CPUprimask                               0x0000029d   Thumb Code     6  cpu.o(.emb_text)
    CPUcpsie                                 0x000002a3   Thumb Code     8  cpu.o(.emb_text)
    CPUwfi                                   0x000002ab   Thumb Code     4  cpu.o(.emb_text)
    CPUbasepriSet                            0x000002af   Thumb Code     6  cpu.o(.emb_text)
    CPUbasepriGet                            0x000002b5   Thumb Code     6  cpu.o(.emb_text)
    __scatterload                            0x000002bd   Thumb Code    28  init.o(.text)
    __scatterload_rt2                        0x000002bd   Thumb Code     0  init.o(.text)
    __decompress                             0x000002e1   Thumb Code     0  __dczerorl2.o(.text)
    __decompress1                            0x000002e1   Thumb Code    92  __dczerorl2.o(.text)
    Address_set                              0x0000033d   Thumb Code    88  lcd.o(i.Address_set)
    FPUEnable                                0x00000395   Thumb Code    12  fpu.o(i.FPUEnable)
    FPULazyStackingEnable                    0x000003a5   Thumb Code    12  fpu.o(i.FPULazyStackingEnable)
    GPIODirModeSet                           0x000003b5   Thumb Code    40  gpio.o(i.GPIODirModeSet)
    GPIOPadConfigSet                         0x000003dd   Thumb Code   176  gpio.o(i.GPIOPadConfigSet)
    GPIOPinConfigure                         0x0000048d   Thumb Code    64  gpio.o(i.GPIOPinConfigure)
    GPIOPinTypeUART                          0x000004d5   Thumb Code    28  gpio.o(i.GPIOPinTypeUART)
    HibernateDataGet                         0x000004f1   Thumb Code    30  hibernate.o(i.HibernateDataGet)
    HibernateDataSet                         0x00000515   Thumb Code    44  hibernate.o(i.HibernateDataSet)
    HibernateEnableExpClk                    0x00000545   Thumb Code    14  hibernate.o(i.HibernateEnableExpClk)
    HibernateIntStatus                       0x00000559   Thumb Code    16  hibernate.o(i.HibernateIntStatus)
    HibernateIsActive                        0x0000056d   Thumb Code    10  hibernate.o(i.HibernateIsActive)
    HibernateRequest                         0x0000057d   Thumb Code    14  hibernate.o(i.HibernateRequest)
    HibernateWakeSet                         0x00000591   Thumb Code    16  hibernate.o(i.HibernateWakeSet)
    HibernateWriteComplete                   0x000005a5   Thumb Code    40  hibernate.o(i.HibernateWriteComplete)
    InitConsole                              0x000005dd   Thumb Code    92  uart.o(i.InitConsole)
    IntMasterDisable                         0x00000659   Thumb Code    10  interrupt.o(i.IntMasterDisable)
    IntMasterEnable                          0x00000663   Thumb Code    10  interrupt.o(i.IntMasterEnable)
    KEY_Init                                 0x0000066d   Thumb Code    42  key.o(i.KEY_Init)
    LCD_Clear                                0x000006a1   Thumb Code    94  lcd.o(i.LCD_Clear)
    LCD_DrawLine                             0x00000701   Thumb Code   164  lcd.o(i.LCD_DrawLine)
    LCD_DrawRectangle                        0x000007a9   Thumb Code    62  lcd.o(i.LCD_DrawRectangle)
    LCD_ShowChar                             0x000007e9   Thumb Code   202  lcd.o(i.LCD_ShowChar)
    LCD_ShowString                           0x000008bd   Thumb Code    44  lcd.o(i.LCD_ShowString)
    PCF8574_I2C_GPIO_Config                  0x000008e9   Thumb Code    44  pcf8574.o(i.PCF8574_I2C_GPIO_Config)
    PCF8574_I2C_RecvACK                      0x0000091d   Thumb Code   134  pcf8574.o(i.PCF8574_I2C_RecvACK)
    PCF8574_I2C_SendByte                     0x000009ad   Thumb Code   110  pcf8574.o(i.PCF8574_I2C_SendByte)
    PCF8574_I2C_Start                        0x00000a21   Thumb Code    94  pcf8574.o(i.PCF8574_I2C_Start)
    PCF8574_I2C_Stop                         0x00000a85   Thumb Code    94  pcf8574.o(i.PCF8574_I2C_Stop)
    PCF8574_Single_WriteI2C                  0x00000ae9   Thumb Code    32  pcf8574.o(i.PCF8574_Single_WriteI2C)
    SysCtlClockGet                           0x00000b09   Thumb Code   514  sysctl.o(i.SysCtlClockGet)
    SysCtlClockSet                           0x00000d39   Thumb Code   344  sysctl.o(i.SysCtlClockSet)
    SysCtlPeripheralEnable                   0x00000ea5   Thumb Code    70  sysctl.o(i.SysCtlPeripheralEnable)
    UART2_Int_Handler                        0x00000ef5   Thumb Code   198  uart.o(i.UART2_Int_Handler)
    UARTCharGet                              0x00000fe1   Thumb Code    12  uart.o(i.UARTCharGet)
    UARTIntClear                             0x00000fed   Thumb Code     4  uart.o(i.UARTIntClear)
    UARTIntStatus                            0x00000ff1   Thumb Code    10  uart.o(i.UARTIntStatus)
    UARTStdioInit                            0x00000ffb   Thumb Code     4  uartstdio.o(i.UARTStdioInit)
    UARTStdioInitExpClk                      0x00001001   Thumb Code    88  uartstdio.o(i.UARTStdioInitExpClk)
    UARTprintf                               0x00001065   Thumb Code   782  uartstdio.o(i.UARTprintf)
    __scatterload_copy                       0x00001389   Thumb Code    14  handlers.o(i.__scatterload_copy)
    __scatterload_null                       0x00001397   Thumb Code     2  handlers.o(i.__scatterload_null)
    __scatterload_zeroinit                   0x00001399   Thumb Code    14  handlers.o(i.__scatterload_zeroinit)
    lcd_init                                 0x000013a9   Thumb Code   802  lcd.o(i.lcd_init)
    lcd_write_command                        0x00001705   Thumb Code    24  lcd.o(i.lcd_write_command)
    lcd_write_data                           0x00001729   Thumb Code    26  lcd.o(i.lcd_write_data)
    main                                     0x00001751   Thumb Code   272  main.o(i.main)
    usprintf                                 0x000018d5   Thumb Code    22  ustdlib.o(i.usprintf)
    uvsnprintf                               0x000018ed   Thumb Code   750  ustdlib.o(i.uvsnprintf)
    Region$$Table$$Base                      0x00001e98   Number         0  anon$$obj.o(Region$$Table)
    Region$$Table$$Limit                     0x00001eb8   Number         0  anon$$obj.o(Region$$Table)
    POINT_COLOR                              0x20000000   Data           4  lcd.o(.data)
    BACK_COLOR                               0x20000004   Data           4  lcd.o(.data)
    asc2_1608                                0x20000008   Data        1520  lcd.o(.data)
    DBufferFlag                              0x200005f8   Data           1  uart.o(.data)
    lcddev                                   0x20000608   Data          20  lcd.o(.bss)
    BufferA                                  0x2000061c   Data          50  uart.o(.bss)
    __initial_sp                             0x20000850   Data           0  startup_rvmdk.o(STACK)



==============================================================================

Memory Map of the image

  Image Entry point : 0x00000279

  Load Region LR_IROM (Base: 0x00000000, Size: 0x000024c0, Max: 0x00040000, ABSOLUTE, COMPRESSED[0x000021b8])

    Execution Region ER_IROM (Base: 0x00000000, Size: 0x00001eb8, Max: 0x00040000, ABSOLUTE)

    Base Addr    Size         Type   Attr      Idx    E Section Name        Object

    0x00000000   0x00000278   Code   RO            3    RESET               startup_rvmdk.o
    0x00000278   0x00000000   Code   RO         1819  * .ARM.Collect$$$$00000000  mc_w.l(entry.o)
    0x00000278   0x00000004   Code   RO         1822    .ARM.Collect$$$$00000001  mc_w.l(entry2.o)
    0x0000027c   0x00000004   Code   RO         1825    .ARM.Collect$$$$00000004  mc_w.l(entry5.o)
    0x00000280   0x00000000   Code   RO         1827    .ARM.Collect$$$$00000008  mc_w.l(entry7b.o)
    0x00000280   0x00000000   Code   RO         1829    .ARM.Collect$$$$0000000A  mc_w.l(entry8b.o)
    0x00000280   0x00000008   Code   RO         1830    .ARM.Collect$$$$0000000B  mc_w.l(entry9a.o)
    0x00000288   0x00000000   Code   RO         1832    .ARM.Collect$$$$0000000D  mc_w.l(entry10a.o)
    0x00000288   0x00000000   Code   RO         1834    .ARM.Collect$$$$0000000F  mc_w.l(entry11a.o)
    0x00000288   0x00000004   Code   RO         1823    .ARM.Collect$$$$00002712  mc_w.l(entry2.o)
    0x0000028c   0x00000006   Code   RO         1220    .emb_text           driverlib-cm4f.lib(sysctl.o)
    0x00000292   0x00000002   PAD
    0x00000294   0x00000026   Code   RO         1809    .emb_text           driverlib-cm4f.lib(cpu.o)
    0x000002ba   0x00000002   PAD
    0x000002bc   0x00000024   Code   RO         1836    .text               mc_w.l(init.o)
    0x000002e0   0x0000005c   Code   RO         1846    .text               mc_w.l(__dczerorl2.o)
    0x0000033c   0x00000058   Code   RO            9    i.Address_set       lcd.o
    0x00000394   0x00000010   Code   RO          538    i.FPUEnable         driverlib-cm4f.lib(fpu.o)
    0x000003a4   0x00000010   Code   RO          541    i.FPULazyStackingEnable  driverlib-cm4f.lib(fpu.o)
    0x000003b4   0x00000028   Code   RO          611    i.GPIODirModeSet    driverlib-cm4f.lib(gpio.o)
    0x000003dc   0x000000b0   Code   RO          616    i.GPIOPadConfigSet  driverlib-cm4f.lib(gpio.o)
    0x0000048c   0x00000048   Code   RO          617    i.GPIOPinConfigure  driverlib-cm4f.lib(gpio.o)
    0x000004d4   0x0000001c   Code   RO          643    i.GPIOPinTypeUART   driverlib-cm4f.lib(gpio.o)
    0x000004f0   0x00000024   Code   RO          899    i.HibernateDataGet  driverlib-cm4f.lib(hibernate.o)
    0x00000514   0x00000030   Code   RO          900    i.HibernateDataSet  driverlib-cm4f.lib(hibernate.o)
    0x00000544   0x00000014   Code   RO          902    i.HibernateEnableExpClk  driverlib-cm4f.lib(hibernate.o)
    0x00000558   0x00000014   Code   RO          907    i.HibernateIntStatus  driverlib-cm4f.lib(hibernate.o)
    0x0000056c   0x00000010   Code   RO          909    i.HibernateIsActive  driverlib-cm4f.lib(hibernate.o)
    0x0000057c   0x00000014   Code   RO          925    i.HibernateRequest  driverlib-cm4f.lib(hibernate.o)
    0x00000590   0x00000014   Code   RO          927    i.HibernateWakeSet  driverlib-cm4f.lib(hibernate.o)
    0x000005a4   0x00000038   Code   RO          928    i.HibernateWriteComplete  driverlib-cm4f.lib(hibernate.o)
    0x000005dc   0x0000007c   Code   RO          327    i.InitConsole       uart.o
    0x00000658   0x0000000a   Code   RO         1122    i.IntMasterDisable  driverlib-cm4f.lib(interrupt.o)
    0x00000662   0x0000000a   Code   RO         1123    i.IntMasterEnable   driverlib-cm4f.lib(interrupt.o)
    0x0000066c   0x00000034   Code   RO          157    i.KEY_Init          key.o
    0x000006a0   0x0000005e   Code   RO           11    i.LCD_Clear         lcd.o
    0x000006fe   0x00000002   PAD
    0x00000700   0x000000a8   Code   RO           12    i.LCD_DrawLine      lcd.o
    0x000007a8   0x0000003e   Code   RO           14    i.LCD_DrawRectangle  lcd.o
    0x000007e6   0x00000002   PAD
    0x000007e8   0x000000d4   Code   RO           16    i.LCD_ShowChar      lcd.o
    0x000008bc   0x0000002c   Code   RO           17    i.LCD_ShowString    lcd.o
    0x000008e8   0x00000034   Code   RO          192    i.PCF8574_I2C_GPIO_Config  pcf8574.o
    0x0000091c   0x00000090   Code   RO          193    i.PCF8574_I2C_RecvACK  pcf8574.o
    0x000009ac   0x00000074   Code   RO          196    i.PCF8574_I2C_SendByte  pcf8574.o
    0x00000a20   0x00000064   Code   RO          197    i.PCF8574_I2C_Start  pcf8574.o
    0x00000a84   0x00000064   Code   RO          198    i.PCF8574_I2C_Stop  pcf8574.o
    0x00000ae8   0x00000020   Code   RO          201    i.PCF8574_Single_WriteI2C  pcf8574.o
    0x00000b08   0x00000230   Code   RO         1225    i.SysCtlClockGet    driverlib-cm4f.lib(sysctl.o)
    0x00000d38   0x0000016c   Code   RO         1226    i.SysCtlClockSet    driverlib-cm4f.lib(sysctl.o)
    0x00000ea4   0x00000050   Code   RO         1253    i.SysCtlPeripheralEnable  driverlib-cm4f.lib(sysctl.o)
    0x00000ef4   0x000000ec   Code   RO          330    i.UART2_Int_Handler  uart.o
    0x00000fe0   0x0000000c   Code   RO         1526    i.UARTCharGet       driverlib-cm4f.lib(uart.o)
    0x00000fec   0x00000004   Code   RO         1547    i.UARTIntClear      driverlib-cm4f.lib(uart.o)
    0x00000ff0   0x0000000a   Code   RO         1551    i.UARTIntStatus     driverlib-cm4f.lib(uart.o)
    0x00000ffa   0x00000004   Code   RO          369    i.UARTStdioInit     uartstdio.o
    0x00000ffe   0x00000002   PAD
    0x00001000   0x00000064   Code   RO          370    i.UARTStdioInitExpClk  uartstdio.o
    0x00001064   0x00000324   Code   RO          373    i.UARTprintf        uartstdio.o
    0x00001388   0x0000000e   Code   RO         1840    i.__scatterload_copy  mc_w.l(handlers.o)
    0x00001396   0x00000002   Code   RO         1841    i.__scatterload_null  mc_w.l(handlers.o)
    0x00001398   0x0000000e   Code   RO         1842    i.__scatterload_zeroinit  mc_w.l(handlers.o)
    0x000013a6   0x00000002   PAD
    0x000013a8   0x0000035c   Code   RO           23    i.lcd_init          lcd.o
    0x00001704   0x00000024   Code   RO           24    i.lcd_write_command  lcd.o
    0x00001728   0x00000028   Code   RO           25    i.lcd_write_data    lcd.o
    0x00001750   0x00000184   Code   RO          277    i.main              main.o
    0x000018d4   0x00000016   Code   RO          437    i.usprintf          ustdlib.o
    0x000018ea   0x00000002   PAD
    0x000018ec   0x000002fc   Code   RO          447    i.uvsnprintf        ustdlib.o
    0x00001be8   0x00000044   Data   RO          375    .constdata          uartstdio.o
    0x00001c2c   0x0000001c   Data   RO          448    .constdata          ustdlib.o
    0x00001c48   0x00000078   Data   RO          649    .constdata          driverlib-cm4f.lib(gpio.o)
    0x00001cc0   0x000001c4   Data   RO         1269    .constdata          driverlib-cm4f.lib(sysctl.o)
    0x00001e84   0x00000011   Data   RO          376    .conststring        uartstdio.o
    0x00001e95   0x00000003   PAD
    0x00001e98   0x00000020   Data   RO         1838    Region$$Table       anon$$obj.o


    Execution Region RW_IRAM (Base: 0x20000000, Size: 0x00000850, Max: 0x00008000, ABSOLUTE, COMPRESSED[0x00000300])

    Base Addr    Size         Type   Attr      Idx    E Section Name        Object

    0x20000000   0x000005f8   Data   RW           28    .data               lcd.o
    0x200005f8   0x00000002   Data   RW          334    .data               uart.o
    0x200005fa   0x00000002   PAD
    0x200005fc   0x00000008   Data   RW          377    .data               uartstdio.o
    0x20000604   0x00000004   Data   RW          929    .data               driverlib-cm4f.lib(hibernate.o)
    0x20000608   0x00000014   Zero   RW           26    .bss                lcd.o
    0x2000061c   0x00000032   Zero   RW          332    .bss                uart.o
    0x2000064e   0x00000002   PAD
    0x20000650   0x00000200   Zero   RW            1    STACK               startup_rvmdk.o


==============================================================================

Image component sizes


      Code (inc. data)   RO Data    RW Data    ZI Data      Debug   Object Name

        52         10          0          0          0        547   key.o
      1604         98          0       1528         20      36829   lcd.o
       388        116          0          0          0       1939   main.o
       544         36          0          0          0       4950   pcf8574.o
       632        622          0          0        512        288   startup_rvmdk.o
       360         70          0          2         50       2647   uart.o
       908         34         85          8          0       5116   uartstdio.o
       786         14         28          0          0       3954   ustdlib.o

    ----------------------------------------------------------------------
      5282       1000        148       1540        584      56270   Object Totals
         0          0         32          0          0          0   (incl. Generated)
         8          0          3          2          2          0   (incl. Padding)

    ----------------------------------------------------------------------

      Code (inc. data)   RO Data    RW Data    ZI Data      Debug   Library Member Name

        38          0          0          0          0        544   cpu.o
        32          8          0          0          0       4044   fpu.o
       316          8        120          0          0       3269   gpio.o
       236         52          0          4          0       4858   hibernate.o
        20          0          0          0          0        981   interrupt.o
      1010         76        452          0          0       4651   sysctl.o
        26          0          0          0          0       1565   uart.o
        92          0          0          0          0          0   __dczerorl2.o
         0          0          0          0          0          0   entry.o
         0          0          0          0          0          0   entry10a.o
         0          0          0          0          0          0   entry11a.o
         8          4          0          0          0          0   entry2.o
         4          0          0          0          0          0   entry5.o
         0          0          0          0          0          0   entry7b.o
         0          0          0          0          0          0   entry8b.o
         8          4          0          0          0          0   entry9a.o
        30          0          0          0          0          0   handlers.o
        36          8          0          0          0         68   init.o

    ----------------------------------------------------------------------
      1862        160        572          4          0      19980   Library Totals
         6          0          0          0          0          0   (incl. Padding)

    ----------------------------------------------------------------------

      Code (inc. data)   RO Data    RW Data    ZI Data      Debug   Library Name

      1678        144        572          4          0      19912   driverlib-cm4f.lib
       178         16          0          0          0         68   mc_w.l

    ----------------------------------------------------------------------
      1862        160        572          4          0      19980   Library Totals

    ----------------------------------------------------------------------

==============================================================================


      Code (inc. data)   RO Data    RW Data    ZI Data      Debug   

      7144       1160        720       1544        584      72050   Grand Totals
      7144       1160        720        768        584      72050   ELF Image Totals (compressed)
      7144       1160        720        768          0          0   ROM Totals

==============================================================================

    Total RO  Size (Code + RO Data)                 7864 (   7.68kB)
    Total RW  Size (RW Data + ZI Data)              2128 (   2.08kB)
    Total ROM Size (Code + RO Data + RW Data)       8632 (   8.43kB)

==============================================================================

