Component: ARM Compiler 5.05 update 1 (build 106) Tool: armlink [4d0efa]

==============================================================================

Section Cross References

    startup_rvmdk.o(RESET) refers to startup_rvmdk.o(STACK) for StackMem
    startup_rvmdk.o(RESET) refers to soft_i2c_atmel.o(i.Timer0AIntHandler) for Timer0AIntHandler
    startup_rvmdk.o(RESET) refers to entry.o(.ARM.Collect$$$$00000000) for __main
    lcd.o(i.Address_set) refers to lcd.o(i.lcd_write_command) for lcd_write_command
    lcd.o(i.Address_set) refers to lcd.o(i.lcd_write_data) for lcd_write_data
    lcd.o(i.Address_set1121) refers to lcd.o(i.LCD_WR_REG_DATA) for LCD_WR_REG_DATA
    lcd.o(i.LCD_Clear) refers to lcd.o(i.lcd_write_command) for lcd_write_command
    lcd.o(i.LCD_Clear) refers to lcd.o(i.lcd_write_data) for lcd_write_data
    lcd.o(i.LCD_DrawLine) refers to lcd.o(i.LCD_DrawPoint) for LCD_DrawPoint
    lcd.o(i.LCD_DrawPoint) refers to lcd.o(i.Address_set) for Address_set
    lcd.o(i.LCD_DrawPoint) refers to lcd.o(i.lcd_write_data) for lcd_write_data
    lcd.o(i.LCD_DrawPoint) refers to lcd.o(.data) for POINT_COLOR
    lcd.o(i.LCD_DrawRectangle) refers to lcd.o(i.LCD_DrawLine) for LCD_DrawLine
    lcd.o(i.LCD_SetCursor) refers to lcd.o(i.lcd_write_command) for lcd_write_command
    lcd.o(i.LCD_SetCursor) refers to lcd.o(i.lcd_write_data) for lcd_write_data
    lcd.o(i.LCD_SetCursor) refers to lcd.o(i.Address_set1121) for Address_set1121
    lcd.o(i.LCD_SetCursor) refers to lcd.o(i.LCD_WR_REG_DATA) for LCD_WR_REG_DATA
    lcd.o(i.LCD_SetCursor) refers to lcd.o(.bss) for lcddev
    lcd.o(i.LCD_ShowChar) refers to lcd.o(i.Address_set) for Address_set
    lcd.o(i.LCD_ShowChar) refers to lcd.o(i.lcd_write_data) for lcd_write_data
    lcd.o(i.LCD_ShowChar) refers to lcd.o(i.LCD_DrawPoint) for LCD_DrawPoint
    lcd.o(i.LCD_ShowChar) refers to lcd.o(.data) for POINT_COLOR
    lcd.o(i.LCD_ShowString) refers to lcd.o(i.LCD_ShowChar) for LCD_ShowChar
    lcd.o(i.LCD_WR_REG_DATA) refers to lcd.o(i.lcd_write_command) for lcd_write_command
    lcd.o(i.LCD_WR_REG_DATA) refers to lcd.o(i.lcd_write_data) for lcd_write_data
    lcd.o(i.LCD_WriteRAM_Prepare) refers to lcd.o(i.lcd_write_command) for lcd_write_command
    lcd.o(i.LCD_WriteRAM_Prepare) refers to lcd.o(.bss) for lcddev
    lcd.o(i.lcd_get_control) refers to lcd.o(i.lcd_write_command) for lcd_write_command
    lcd.o(i.lcd_get_control) refers to lcd.o(i.lcd_read_data) for lcd_read_data
    lcd.o(i.lcd_init) refers to lcd.o(i.lcd_init_gpio) for lcd_init_gpio
    lcd.o(i.lcd_init) refers to lcd.o(i.lcd_write_command) for lcd_write_command
    lcd.o(i.lcd_init) refers to lcd.o(i.lcd_write_data) for lcd_write_data
    lcd.o(i.lcd_init) refers to lcd.o(.bss) for lcddev
    pcf8574.o(i.PCF8574_I2C_GPIO_Config) refers to pcf8574.o(i.PCF8574_I2C_Stop) for PCF8574_I2C_Stop
    pcf8574.o(i.PCF8574_I2C_RecvACK) refers to pcf8574.o(i.PCF8574_i2c_SDA_input) for PCF8574_i2c_SDA_input
    pcf8574.o(i.PCF8574_I2C_RecvACK) refers to pcf8574.o(i.PCF8574_I2C_delay) for PCF8574_I2C_delay
    pcf8574.o(i.PCF8574_I2C_RecvACK) refers to pcf8574.o(i.PCF8574_i2c_SDA_output) for PCF8574_i2c_SDA_output
    pcf8574.o(i.PCF8574_I2C_RecvByte) refers to pcf8574.o(i.PCF8574_i2c_SDA_input) for PCF8574_i2c_SDA_input
    pcf8574.o(i.PCF8574_I2C_RecvByte) refers to pcf8574.o(i.PCF8574_I2C_delay) for PCF8574_I2C_delay
    pcf8574.o(i.PCF8574_I2C_RecvByte) refers to pcf8574.o(i.PCF8574_i2c_SDA_output) for PCF8574_i2c_SDA_output
    pcf8574.o(i.PCF8574_I2C_SendACK) refers to pcf8574.o(i.PCF8574_I2C_delay) for PCF8574_I2C_delay
    pcf8574.o(i.PCF8574_I2C_SendByte) refers to pcf8574.o(i.PCF8574_I2C_delay) for PCF8574_I2C_delay
    pcf8574.o(i.PCF8574_I2C_SendByte) refers to pcf8574.o(i.PCF8574_I2C_RecvACK) for PCF8574_I2C_RecvACK
    pcf8574.o(i.PCF8574_I2C_Start) refers to pcf8574.o(i.PCF8574_I2C_delay) for PCF8574_I2C_delay
    pcf8574.o(i.PCF8574_I2C_Stop) refers to pcf8574.o(i.PCF8574_I2C_delay) for PCF8574_I2C_delay
    pcf8574.o(i.PCF8574_Single_ReadI2C) refers to pcf8574.o(i.PCF8574_I2C_Start) for PCF8574_I2C_Start
    pcf8574.o(i.PCF8574_Single_ReadI2C) refers to pcf8574.o(i.PCF8574_I2C_SendByte) for PCF8574_I2C_SendByte
    pcf8574.o(i.PCF8574_Single_ReadI2C) refers to pcf8574.o(i.PCF8574_I2C_RecvByte) for PCF8574_I2C_RecvByte
    pcf8574.o(i.PCF8574_Single_ReadI2C) refers to pcf8574.o(i.PCF8574_I2C_SendACK) for PCF8574_I2C_SendACK
    pcf8574.o(i.PCF8574_Single_ReadI2C) refers to pcf8574.o(i.PCF8574_I2C_Stop) for PCF8574_I2C_Stop
    pcf8574.o(i.PCF8574_Single_WriteI2C) refers to pcf8574.o(i.PCF8574_I2C_Start) for PCF8574_I2C_Start
    pcf8574.o(i.PCF8574_Single_WriteI2C) refers to pcf8574.o(i.PCF8574_I2C_SendByte) for PCF8574_I2C_SendByte
    pcf8574.o(i.PCF8574_Single_WriteI2C) refers to pcf8574.o(i.PCF8574_I2C_Stop) for PCF8574_I2C_Stop
    uartstdio.o(i.UARTStdioInit) refers to uartstdio.o(i.UARTStdioInitExpClk) for UARTStdioInitExpClk
    uartstdio.o(i.UARTStdioInitExpClk) refers to uartstdio.o(.constdata) for g_ulUARTPeriph
    uartstdio.o(i.UARTStdioInitExpClk) refers to uartstdio.o(.data) for g_ulBase
    uartstdio.o(i.UARTgetc) refers to uartstdio.o(.data) for g_ulBase
    uartstdio.o(i.UARTgets) refers to uartstdio.o(i.UARTwrite) for UARTwrite
    uartstdio.o(i.UARTgets) refers to uartstdio.o(.data) for g_ulBase
    uartstdio.o(i.UARTprintf) refers to uartstdio.o(i.UARTwrite) for UARTwrite
    uartstdio.o(i.UARTprintf) refers to uartstdio.o(.constdata) for g_pcHex
    uartstdio.o(i.UARTwrite) refers to uartstdio.o(.data) for g_ulBase
    uartstdio.o(.constdata) refers to uartstdio.o(.conststring) for .conststring
    ustdlib.o(i.ulocaltime) refers to ustdlib.o(.constdata) for g_psDaysToMonth
    ustdlib.o(i.umktime) refers to ustdlib.o(i.ulocaltime) for ulocaltime
    ustdlib.o(i.umktime) refers to ustdlib.o(i.ucmptime) for ucmptime
    ustdlib.o(i.urand) refers to ustdlib.o(.data) for g_ulRandomSeed
    ustdlib.o(i.usnprintf) refers to ustdlib.o(i.uvsnprintf) for uvsnprintf
    ustdlib.o(i.usprintf) refers to ustdlib.o(i.uvsnprintf) for uvsnprintf
    ustdlib.o(i.usrand) refers to ustdlib.o(.data) for g_ulRandomSeed
    ustdlib.o(i.ustrcasecmp) refers to ustdlib.o(i.ustrnicmp) for ustrnicmp
    ustdlib.o(i.ustrcmp) refers to ustdlib.o(i.ustrncmp) for ustrncmp
    ustdlib.o(i.ustrstr) refers to ustdlib.o(i.ustrlen) for ustrlen
    ustdlib.o(i.ustrstr) refers to ustdlib.o(i.ustrncmp) for ustrncmp
    ustdlib.o(i.uvsnprintf) refers to ustdlib.o(i.ustrncpy) for ustrncpy
    ustdlib.o(i.uvsnprintf) refers to ustdlib.o(.constdata) for g_pcHex
    ustdlib.o(.constdata) refers to ustdlib.o(.conststring) for .conststring
    soft_i2c_atmel.o(i.AtmelRead) refers to softi2c.o(i.SoftI2CSlaveAddrSet) for SoftI2CSlaveAddrSet
    soft_i2c_atmel.o(i.AtmelRead) refers to softi2c.o(i.SoftI2CDataPut) for SoftI2CDataPut
    soft_i2c_atmel.o(i.AtmelRead) refers to softi2c.o(i.SoftI2CControl) for SoftI2CControl
    soft_i2c_atmel.o(i.AtmelRead) refers to soft_i2c_atmel.o(.data) for g_pucData
    soft_i2c_atmel.o(i.AtmelRead) refers to soft_i2c_atmel.o(.bss) for g_sI2C
    soft_i2c_atmel.o(i.AtmelWrite) refers to softi2c.o(i.SoftI2CSlaveAddrSet) for SoftI2CSlaveAddrSet
    soft_i2c_atmel.o(i.AtmelWrite) refers to softi2c.o(i.SoftI2CDataPut) for SoftI2CDataPut
    soft_i2c_atmel.o(i.AtmelWrite) refers to softi2c.o(i.SoftI2CControl) for SoftI2CControl
    soft_i2c_atmel.o(i.AtmelWrite) refers to soft_i2c_atmel.o(.data) for g_pucData
    soft_i2c_atmel.o(i.AtmelWrite) refers to soft_i2c_atmel.o(.bss) for g_sI2C
    soft_i2c_atmel.o(i.InitConsole) refers to sysctl.o(i.SysCtlPeripheralEnable) for SysCtlPeripheralEnable
    soft_i2c_atmel.o(i.InitConsole) refers to gpio.o(i.GPIOPinConfigure) for GPIOPinConfigure
    soft_i2c_atmel.o(i.InitConsole) refers to gpio.o(i.GPIOPinTypeUART) for GPIOPinTypeUART
    soft_i2c_atmel.o(i.InitConsole) refers to uartstdio.o(i.UARTStdioInit) for UARTStdioInit
    soft_i2c_atmel.o(i.SoftI2CCallback) refers to softi2c.o(i.SoftI2CIntClear) for SoftI2CIntClear
    soft_i2c_atmel.o(i.SoftI2CCallback) refers to softi2c.o(i.SoftI2CDataPut) for SoftI2CDataPut
    soft_i2c_atmel.o(i.SoftI2CCallback) refers to softi2c.o(i.SoftI2CControl) for SoftI2CControl
    soft_i2c_atmel.o(i.SoftI2CCallback) refers to softi2c.o(i.SoftI2CErr) for SoftI2CErr
    soft_i2c_atmel.o(i.SoftI2CCallback) refers to softi2c.o(i.SoftI2CDataGet) for SoftI2CDataGet
    soft_i2c_atmel.o(i.SoftI2CCallback) refers to softi2c.o(i.SoftI2CSlaveAddrSet) for SoftI2CSlaveAddrSet
    soft_i2c_atmel.o(i.SoftI2CCallback) refers to soft_i2c_atmel.o(.bss) for g_sI2C
    soft_i2c_atmel.o(i.SoftI2CCallback) refers to soft_i2c_atmel.o(.data) for g_ulState
    soft_i2c_atmel.o(i.Timer0AIntHandler) refers to timer.o(i.TimerIntClear) for TimerIntClear
    soft_i2c_atmel.o(i.Timer0AIntHandler) refers to softi2c.o(i.SoftI2CTimerTick) for SoftI2CTimerTick
    soft_i2c_atmel.o(i.Timer0AIntHandler) refers to soft_i2c_atmel.o(.bss) for g_sI2C
    soft_i2c_atmel.o(i.main) refers to sysctl.o(i.SysCtlClockSet) for SysCtlClockSet
    soft_i2c_atmel.o(i.main) refers to sysctl.o(i.SysCtlPeripheralEnable) for SysCtlPeripheralEnable
    soft_i2c_atmel.o(i.main) refers to gpio.o(i.GPIOPinTypeI2C) for GPIOPinTypeI2C
    soft_i2c_atmel.o(i.main) refers to memseta.o(.text) for __aeabi_memclr4
    soft_i2c_atmel.o(i.main) refers to softi2c.o(i.SoftI2CCallbackSet) for SoftI2CCallbackSet
    soft_i2c_atmel.o(i.main) refers to softi2c.o(i.SoftI2CSCLGPIOSet) for SoftI2CSCLGPIOSet
    soft_i2c_atmel.o(i.main) refers to softi2c.o(i.SoftI2CSDAGPIOSet) for SoftI2CSDAGPIOSet
    soft_i2c_atmel.o(i.main) refers to softi2c.o(i.SoftI2CInit) for SoftI2CInit
    soft_i2c_atmel.o(i.main) refers to softi2c.o(i.SoftI2CIntEnable) for SoftI2CIntEnable
    soft_i2c_atmel.o(i.main) refers to timer.o(i.TimerConfigure) for TimerConfigure
    soft_i2c_atmel.o(i.main) refers to sysctl.o(i.SysCtlClockGet) for SysCtlClockGet
    soft_i2c_atmel.o(i.main) refers to timer.o(i.TimerLoadSet) for TimerLoadSet
    soft_i2c_atmel.o(i.main) refers to timer.o(i.TimerIntEnable) for TimerIntEnable
    soft_i2c_atmel.o(i.main) refers to timer.o(i.TimerEnable) for TimerEnable
    soft_i2c_atmel.o(i.main) refers to interrupt.o(i.IntEnable) for IntEnable
    soft_i2c_atmel.o(i.main) refers to soft_i2c_atmel.o(i.InitConsole) for InitConsole
    soft_i2c_atmel.o(i.main) refers to uartstdio.o(i.UARTprintf) for UARTprintf
    soft_i2c_atmel.o(i.main) refers to soft_i2c_atmel.o(.bss) for g_sI2C
    soft_i2c_atmel.o(i.main) refers to soft_i2c_atmel.o(i.SoftI2CCallback) for SoftI2CCallback
    gpio.o(i.GPIOPinConfigure) refers to gpio.o(.constdata) for .constdata
    gpio.o(i.GPIOPinTypeADC) refers to gpio.o(i.GPIODirModeSet) for GPIODirModeSet
    gpio.o(i.GPIOPinTypeADC) refers to gpio.o(i.GPIOPadConfigSet) for GPIOPadConfigSet
    gpio.o(i.GPIOPinTypeCAN) refers to gpio.o(i.GPIODirModeSet) for GPIODirModeSet
    gpio.o(i.GPIOPinTypeCAN) refers to gpio.o(i.GPIOPadConfigSet) for GPIOPadConfigSet
    gpio.o(i.GPIOPinTypeComparator) refers to gpio.o(i.GPIODirModeSet) for GPIODirModeSet
    gpio.o(i.GPIOPinTypeComparator) refers to gpio.o(i.GPIOPadConfigSet) for GPIOPadConfigSet
    gpio.o(i.GPIOPinTypeEPI) refers to gpio.o(i.GPIODirModeSet) for GPIODirModeSet
    gpio.o(i.GPIOPinTypeEPI) refers to gpio.o(i.GPIOPadConfigSet) for GPIOPadConfigSet
    gpio.o(i.GPIOPinTypeEthernetLED) refers to gpio.o(i.GPIODirModeSet) for GPIODirModeSet
    gpio.o(i.GPIOPinTypeEthernetLED) refers to gpio.o(i.GPIOPadConfigSet) for GPIOPadConfigSet
    gpio.o(i.GPIOPinTypeEthernetMII) refers to gpio.o(i.GPIODirModeSet) for GPIODirModeSet
    gpio.o(i.GPIOPinTypeEthernetMII) refers to gpio.o(i.GPIOPadConfigSet) for GPIOPadConfigSet
    gpio.o(i.GPIOPinTypeFan) refers to gpio.o(i.GPIODirModeSet) for GPIODirModeSet
    gpio.o(i.GPIOPinTypeFan) refers to gpio.o(i.GPIOPadConfigSet) for GPIOPadConfigSet
    gpio.o(i.GPIOPinTypeGPIOInput) refers to gpio.o(i.GPIODirModeSet) for GPIODirModeSet
    gpio.o(i.GPIOPinTypeGPIOInput) refers to gpio.o(i.GPIOPadConfigSet) for GPIOPadConfigSet
    gpio.o(i.GPIOPinTypeGPIOOutput) refers to gpio.o(i.GPIOPadConfigSet) for GPIOPadConfigSet
    gpio.o(i.GPIOPinTypeGPIOOutput) refers to gpio.o(i.GPIODirModeSet) for GPIODirModeSet
    gpio.o(i.GPIOPinTypeGPIOOutputOD) refers to gpio.o(i.GPIOPadConfigSet) for GPIOPadConfigSet
    gpio.o(i.GPIOPinTypeGPIOOutputOD) refers to gpio.o(i.GPIODirModeSet) for GPIODirModeSet
    gpio.o(i.GPIOPinTypeI2C) refers to gpio.o(i.GPIODirModeSet) for GPIODirModeSet
    gpio.o(i.GPIOPinTypeI2C) refers to gpio.o(i.GPIOPadConfigSet) for GPIOPadConfigSet
    gpio.o(i.GPIOPinTypeI2CSCL) refers to gpio.o(i.GPIODirModeSet) for GPIODirModeSet
    gpio.o(i.GPIOPinTypeI2CSCL) refers to gpio.o(i.GPIOPadConfigSet) for GPIOPadConfigSet
    gpio.o(i.GPIOPinTypeI2S) refers to gpio.o(i.GPIODirModeSet) for GPIODirModeSet
    gpio.o(i.GPIOPinTypeI2S) refers to gpio.o(i.GPIOPadConfigSet) for GPIOPadConfigSet
    gpio.o(i.GPIOPinTypeLPC) refers to gpio.o(i.GPIODirModeSet) for GPIODirModeSet
    gpio.o(i.GPIOPinTypeLPC) refers to gpio.o(i.GPIOPadConfigSet) for GPIOPadConfigSet
    gpio.o(i.GPIOPinTypePECIRx) refers to gpio.o(i.GPIODirModeSet) for GPIODirModeSet
    gpio.o(i.GPIOPinTypePECIRx) refers to gpio.o(i.GPIOPadConfigSet) for GPIOPadConfigSet
    gpio.o(i.GPIOPinTypePECITx) refers to gpio.o(i.GPIODirModeSet) for GPIODirModeSet
    gpio.o(i.GPIOPinTypePECITx) refers to gpio.o(i.GPIOPadConfigSet) for GPIOPadConfigSet
    gpio.o(i.GPIOPinTypePWM) refers to gpio.o(i.GPIODirModeSet) for GPIODirModeSet
    gpio.o(i.GPIOPinTypePWM) refers to gpio.o(i.GPIOPadConfigSet) for GPIOPadConfigSet
    gpio.o(i.GPIOPinTypeQEI) refers to gpio.o(i.GPIODirModeSet) for GPIODirModeSet
    gpio.o(i.GPIOPinTypeQEI) refers to gpio.o(i.GPIOPadConfigSet) for GPIOPadConfigSet
    gpio.o(i.GPIOPinTypeSSI) refers to gpio.o(i.GPIODirModeSet) for GPIODirModeSet
    gpio.o(i.GPIOPinTypeSSI) refers to gpio.o(i.GPIOPadConfigSet) for GPIOPadConfigSet
    gpio.o(i.GPIOPinTypeTimer) refers to gpio.o(i.GPIODirModeSet) for GPIODirModeSet
    gpio.o(i.GPIOPinTypeTimer) refers to gpio.o(i.GPIOPadConfigSet) for GPIOPadConfigSet
    gpio.o(i.GPIOPinTypeUART) refers to gpio.o(i.GPIODirModeSet) for GPIODirModeSet
    gpio.o(i.GPIOPinTypeUART) refers to gpio.o(i.GPIOPadConfigSet) for GPIOPadConfigSet
    gpio.o(i.GPIOPinTypeUSBAnalog) refers to gpio.o(i.GPIODirModeSet) for GPIODirModeSet
    gpio.o(i.GPIOPinTypeUSBAnalog) refers to gpio.o(i.GPIOPadConfigSet) for GPIOPadConfigSet
    gpio.o(i.GPIOPinTypeUSBDigital) refers to gpio.o(i.GPIODirModeSet) for GPIODirModeSet
    gpio.o(i.GPIOPinTypeUSBDigital) refers to gpio.o(i.GPIOPadConfigSet) for GPIOPadConfigSet
    gpio.o(i.GPIOPortIntRegister) refers to gpio.o(i.GPIOGetIntNumber) for GPIOGetIntNumber
    gpio.o(i.GPIOPortIntRegister) refers to interrupt.o(i.IntRegister) for IntRegister
    gpio.o(i.GPIOPortIntRegister) refers to interrupt.o(i.IntEnable) for IntEnable
    gpio.o(i.GPIOPortIntUnregister) refers to gpio.o(i.GPIOGetIntNumber) for GPIOGetIntNumber
    gpio.o(i.GPIOPortIntUnregister) refers to interrupt.o(i.IntDisable) for IntDisable
    gpio.o(i.GPIOPortIntUnregister) refers to interrupt.o(i.IntUnregister) for IntUnregister
    interrupt.o(i.IntDisable) refers to interrupt.o(.constdata) for .constdata
    interrupt.o(i.IntEnable) refers to interrupt.o(.constdata) for .constdata
    interrupt.o(i.IntMasterDisable) refers to cpu.o(.emb_text) for CPUcpsid
    interrupt.o(i.IntMasterEnable) refers to cpu.o(.emb_text) for CPUcpsie
    interrupt.o(i.IntPendClear) refers to interrupt.o(.constdata) for .constdata
    interrupt.o(i.IntPendSet) refers to interrupt.o(.constdata) for .constdata
    interrupt.o(i.IntPriorityGet) refers to interrupt.o(.constdata) for .constdata
    interrupt.o(i.IntPriorityGroupingGet) refers to interrupt.o(.constdata) for .constdata
    interrupt.o(i.IntPriorityGroupingSet) refers to interrupt.o(.constdata) for .constdata
    interrupt.o(i.IntPriorityMaskGet) refers to cpu.o(.emb_text) for CPUbasepriGet
    interrupt.o(i.IntPriorityMaskSet) refers to cpu.o(.emb_text) for CPUbasepriSet
    interrupt.o(i.IntPrioritySet) refers to interrupt.o(.constdata) for .constdata
    interrupt.o(i.IntRegister) refers to interrupt.o(vtable) for vtable
    interrupt.o(i.IntUnregister) refers to interrupt.o(i.IntDefaultHandler) for IntDefaultHandler
    interrupt.o(i.IntUnregister) refers to interrupt.o(vtable) for vtable
    sysctl.o(i.SysCtlClockGet) refers to sysctl.o(.constdata) for .constdata
    sysctl.o(i.SysCtlClockSet) refers to sysctl.o(.emb_text) for SysCtlDelay
    sysctl.o(i.SysCtlDeepSleep) refers to cpu.o(.emb_text) for CPUwfi
    sysctl.o(i.SysCtlI2SMClkSet) refers to sysctl.o(.constdata) for .constdata
    sysctl.o(i.SysCtlIntRegister) refers to interrupt.o(i.IntRegister) for IntRegister
    sysctl.o(i.SysCtlIntRegister) refers to interrupt.o(i.IntEnable) for IntEnable
    sysctl.o(i.SysCtlIntUnregister) refers to interrupt.o(i.IntDisable) for IntDisable
    sysctl.o(i.SysCtlIntUnregister) refers to interrupt.o(i.IntUnregister) for IntUnregister
    sysctl.o(i.SysCtlPeripheralDeepSleepDisable) refers to sysctl.o(.constdata) for .constdata
    sysctl.o(i.SysCtlPeripheralDeepSleepEnable) refers to sysctl.o(.constdata) for .constdata
    sysctl.o(i.SysCtlPeripheralDisable) refers to sysctl.o(.constdata) for .constdata
    sysctl.o(i.SysCtlPeripheralEnable) refers to sysctl.o(.constdata) for .constdata
    sysctl.o(i.SysCtlPeripheralPowerOff) refers to sysctl.o(.constdata) for .constdata
    sysctl.o(i.SysCtlPeripheralPowerOn) refers to sysctl.o(.constdata) for .constdata
    sysctl.o(i.SysCtlPeripheralPresent) refers to sysctl.o(.constdata) for .constdata
    sysctl.o(i.SysCtlPeripheralReady) refers to sysctl.o(.constdata) for .constdata
    sysctl.o(i.SysCtlPeripheralReset) refers to sysctl.o(.constdata) for .constdata
    sysctl.o(i.SysCtlPeripheralSleepDisable) refers to sysctl.o(.constdata) for .constdata
    sysctl.o(i.SysCtlPeripheralSleepEnable) refers to sysctl.o(.constdata) for .constdata
    sysctl.o(i.SysCtlSleep) refers to cpu.o(.emb_text) for CPUwfi
    timer.o(i.TimerIntRegister) refers to interrupt.o(i.IntRegister) for IntRegister
    timer.o(i.TimerIntRegister) refers to interrupt.o(i.IntEnable) for IntEnable
    timer.o(i.TimerIntRegister) refers to timer.o(.constdata) for .constdata
    timer.o(i.TimerIntUnregister) refers to interrupt.o(i.IntDisable) for IntDisable
    timer.o(i.TimerIntUnregister) refers to interrupt.o(i.IntUnregister) for IntUnregister
    timer.o(i.TimerIntUnregister) refers to timer.o(.constdata) for .constdata
    timer.o(i.TimerQuiesce) refers to interrupt.o(i.IntDisable) for IntDisable
    timer.o(i.TimerQuiesce) refers to interrupt.o(i.IntUnregister) for IntUnregister
    timer.o(i.TimerQuiesce) refers to timer.o(.constdata) for .constdata
    entry.o(.ARM.Collect$$$$00000000) refers (Special) to entry10a.o(.ARM.Collect$$$$0000000D) for __rt_final_cpp
    entry.o(.ARM.Collect$$$$00000000) refers (Special) to entry11a.o(.ARM.Collect$$$$0000000F) for __rt_final_exit
    entry.o(.ARM.Collect$$$$00000000) refers (Special) to entry7b.o(.ARM.Collect$$$$00000008) for _main_clock
    entry.o(.ARM.Collect$$$$00000000) refers (Special) to entry8b.o(.ARM.Collect$$$$0000000A) for _main_cpp_init
    entry.o(.ARM.Collect$$$$00000000) refers (Special) to entry9a.o(.ARM.Collect$$$$0000000B) for _main_init
    entry.o(.ARM.Collect$$$$00000000) refers (Special) to entry5.o(.ARM.Collect$$$$00000004) for _main_scatterload
    entry.o(.ARM.Collect$$$$00000000) refers (Special) to entry2.o(.ARM.Collect$$$$00000001) for _main_stk
    entry2.o(.ARM.Collect$$$$00000001) refers to entry2.o(.ARM.Collect$$$$00002712) for __lit__00000000
    entry2.o(.ARM.Collect$$$$00002712) refers to startup_rvmdk.o(STACK) for __initial_sp
    entry2.o(__vectab_stack_and_reset_area) refers to startup_rvmdk.o(STACK) for __initial_sp
    entry2.o(__vectab_stack_and_reset_area) refers to entry.o(.ARM.Collect$$$$00000000) for __main
    entry5.o(.ARM.Collect$$$$00000004) refers to init.o(.text) for __scatterload
    entry9a.o(.ARM.Collect$$$$0000000B) refers to soft_i2c_atmel.o(i.main) for main
    entry9b.o(.ARM.Collect$$$$0000000C) refers to soft_i2c_atmel.o(i.main) for main
    init.o(.text) refers to entry5.o(.ARM.Collect$$$$00000004) for __main_after_scatterload


==============================================================================

Removing Unused input sections from the image.

    Removing startup_rvmdk.o(HEAP), (0 bytes).
    Removing startup_rvmdk.o(.text), (0 bytes).
    Removing lcd.o(i.Address_set), (84 bytes).
    Removing lcd.o(i.Address_set1121), (54 bytes).
    Removing lcd.o(i.LCD_Clear), (96 bytes).
    Removing lcd.o(i.LCD_DrawLine), (172 bytes).
    Removing lcd.o(i.LCD_DrawPoint), (36 bytes).
    Removing lcd.o(i.LCD_DrawRectangle), (60 bytes).
    Removing lcd.o(i.LCD_SetCursor), (488 bytes).
    Removing lcd.o(i.LCD_ShowChar), (232 bytes).
    Removing lcd.o(i.LCD_ShowString), (40 bytes).
    Removing lcd.o(i.LCD_WR_REG_DATA), (20 bytes).
    Removing lcd.o(i.LCD_WriteRAM_Prepare), (16 bytes).
    Removing lcd.o(i.lcd_backlight_off), (24 bytes).
    Removing lcd.o(i.lcd_backlight_on), (24 bytes).
    Removing lcd.o(i.lcd_get_control), (20 bytes).
    Removing lcd.o(i.lcd_init), (724 bytes).
    Removing lcd.o(i.lcd_init_gpio), (272 bytes).
    Removing lcd.o(i.lcd_read_data), (124 bytes).
    Removing lcd.o(i.lcd_write_command), (44 bytes).
    Removing lcd.o(i.lcd_write_data), (44 bytes).
    Removing lcd.o(.bss), (20 bytes).
    Removing lcd.o(.constdata), (1140 bytes).
    Removing lcd.o(.data), (1529 bytes).
    Removing pcf8574.o(i.PCF8574_I2C_GPIO_Config), (56 bytes).
    Removing pcf8574.o(i.PCF8574_I2C_RecvACK), (84 bytes).
    Removing pcf8574.o(i.PCF8574_I2C_RecvByte), (96 bytes).
    Removing pcf8574.o(i.PCF8574_I2C_SendACK), (88 bytes).
    Removing pcf8574.o(i.PCF8574_I2C_SendByte), (112 bytes).
    Removing pcf8574.o(i.PCF8574_I2C_Start), (84 bytes).
    Removing pcf8574.o(i.PCF8574_I2C_Stop), (84 bytes).
    Removing pcf8574.o(i.PCF8574_I2C_delay), (16 bytes).
    Removing pcf8574.o(i.PCF8574_Single_ReadI2C), (42 bytes).
    Removing pcf8574.o(i.PCF8574_Single_WriteI2C), (32 bytes).
    Removing pcf8574.o(i.PCF8574_delay50us), (14 bytes).
    Removing pcf8574.o(i.PCF8574_delay5ms), (14 bytes).
    Removing pcf8574.o(i.PCF8574_i2c_SDA_input), (40 bytes).
    Removing pcf8574.o(i.PCF8574_i2c_SDA_output), (40 bytes).
    Removing uartstdio.o(i.UARTgetc), (24 bytes).
    Removing uartstdio.o(i.UARTgets), (156 bytes).
    Removing softi2c.o(i.SoftI2CBusy), (14 bytes).
    Removing softi2c.o(i.SoftI2CIntDisable), (6 bytes).
    Removing softi2c.o(i.SoftI2CIntStatus), (32 bytes).
    Removing ustdlib.o(i.ucmptime), (162 bytes).
    Removing ustdlib.o(i.ulocaltime), (176 bytes).
    Removing ustdlib.o(i.umktime), (84 bytes).
    Removing ustdlib.o(i.urand), (36 bytes).
    Removing ustdlib.o(i.usnprintf), (38 bytes).
    Removing ustdlib.o(i.usprintf), (38 bytes).
    Removing ustdlib.o(i.usrand), (12 bytes).
    Removing ustdlib.o(i.ustrcasecmp), (20 bytes).
    Removing ustdlib.o(i.ustrcmp), (20 bytes).
    Removing ustdlib.o(i.ustrlen), (16 bytes).
    Removing ustdlib.o(i.ustrncmp), (58 bytes).
    Removing ustdlib.o(i.ustrncpy), (42 bytes).
    Removing ustdlib.o(i.ustrnicmp), (94 bytes).
    Removing ustdlib.o(i.ustrstr), (44 bytes).
    Removing ustdlib.o(i.ustrtoul), (212 bytes).
    Removing ustdlib.o(i.uvsnprintf), (700 bytes).
    Removing ustdlib.o(.constdata), (28 bytes).
    Removing ustdlib.o(.conststring), (17 bytes).
    Removing ustdlib.o(.data), (4 bytes).
    Removing soft_i2c_atmel.o(i.AtmelRead), (96 bytes).
    Removing soft_i2c_atmel.o(i.AtmelWrite), (96 bytes).
    Removing gpio.o(i.GPIOADCTriggerDisable), (14 bytes).
    Removing gpio.o(i.GPIOADCTriggerEnable), (14 bytes).
    Removing gpio.o(i.GPIODMATriggerDisable), (14 bytes).
    Removing gpio.o(i.GPIODMATriggerEnable), (14 bytes).
    Removing gpio.o(i.GPIODirModeGet), (34 bytes).
    Removing gpio.o(i.GPIOGetIntNumber), (212 bytes).
    Removing gpio.o(i.GPIOIntTypeGet), (48 bytes).
    Removing gpio.o(i.GPIOIntTypeSet), (58 bytes).
    Removing gpio.o(i.GPIOPadConfigGet), (138 bytes).
    Removing gpio.o(i.GPIOPinIntClear), (6 bytes).
    Removing gpio.o(i.GPIOPinIntDisable), (14 bytes).
    Removing gpio.o(i.GPIOPinIntEnable), (14 bytes).
    Removing gpio.o(i.GPIOPinIntStatus), (14 bytes).
    Removing gpio.o(i.GPIOPinRead), (6 bytes).
    Removing gpio.o(i.GPIOPinTypeADC), (28 bytes).
    Removing gpio.o(i.GPIOPinTypeCAN), (28 bytes).
    Removing gpio.o(i.GPIOPinTypeComparator), (28 bytes).
    Removing gpio.o(i.GPIOPinTypeEPI), (28 bytes).
    Removing gpio.o(i.GPIOPinTypeEthernetLED), (28 bytes).
    Removing gpio.o(i.GPIOPinTypeEthernetMII), (28 bytes).
    Removing gpio.o(i.GPIOPinTypeFan), (28 bytes).
    Removing gpio.o(i.GPIOPinTypeGPIOInput), (28 bytes).
    Removing gpio.o(i.GPIOPinTypeGPIOOutput), (28 bytes).
    Removing gpio.o(i.GPIOPinTypeGPIOOutputOD), (28 bytes).
    Removing gpio.o(i.GPIOPinTypeI2CSCL), (72 bytes).
    Removing gpio.o(i.GPIOPinTypeI2S), (28 bytes).
    Removing gpio.o(i.GPIOPinTypeLPC), (28 bytes).
    Removing gpio.o(i.GPIOPinTypePECIRx), (28 bytes).
    Removing gpio.o(i.GPIOPinTypePECITx), (28 bytes).
    Removing gpio.o(i.GPIOPinTypePWM), (28 bytes).
    Removing gpio.o(i.GPIOPinTypeQEI), (28 bytes).
    Removing gpio.o(i.GPIOPinTypeSSI), (28 bytes).
    Removing gpio.o(i.GPIOPinTypeTimer), (28 bytes).
    Removing gpio.o(i.GPIOPinTypeUSBAnalog), (28 bytes).
    Removing gpio.o(i.GPIOPinTypeUSBDigital), (28 bytes).
    Removing gpio.o(i.GPIOPinWrite), (6 bytes).
    Removing gpio.o(i.GPIOPortIntRegister), (26 bytes).
    Removing gpio.o(i.GPIOPortIntUnregister), (22 bytes).
    Removing interrupt.o(i.IntDefaultHandler), (2 bytes).
    Removing interrupt.o(i.IntDisable), (100 bytes).
    Removing interrupt.o(i.IntMasterDisable), (10 bytes).
    Removing interrupt.o(i.IntMasterEnable), (10 bytes).
    Removing interrupt.o(i.IntPendClear), (68 bytes).
    Removing interrupt.o(i.IntPendSet), (84 bytes).
    Removing interrupt.o(i.IntPriorityGet), (28 bytes).
    Removing interrupt.o(i.IntPriorityGroupingGet), (40 bytes).
    Removing interrupt.o(i.IntPriorityGroupingSet), (28 bytes).
    Removing interrupt.o(i.IntPriorityMaskGet), (4 bytes).
    Removing interrupt.o(i.IntPriorityMaskSet), (4 bytes).
    Removing interrupt.o(i.IntPrioritySet), (40 bytes).
    Removing interrupt.o(i.IntRegister), (52 bytes).
    Removing interrupt.o(i.IntUnregister), (20 bytes).
    Removing interrupt.o(vtable), (620 bytes).
    Removing sysctl.o(i.SysCtlADCSpeedGet), (16 bytes).
    Removing sysctl.o(i.SysCtlADCSpeedSet), (32 bytes).
    Removing sysctl.o(i.SysCtlBrownOutConfigSet), (16 bytes).
    Removing sysctl.o(i.SysCtlClkVerificationClear), (20 bytes).
    Removing sysctl.o(i.SysCtlDeepSleep), (32 bytes).
    Removing sysctl.o(i.SysCtlDeepSleepClockSet), (12 bytes).
    Removing sysctl.o(i.SysCtlFlashSizeGet), (20 bytes).
    Removing sysctl.o(i.SysCtlGPIOAHBDisable), (20 bytes).
    Removing sysctl.o(i.SysCtlGPIOAHBEnable), (16 bytes).
    Removing sysctl.o(i.SysCtlI2SMClkSet), (216 bytes).
    Removing sysctl.o(i.SysCtlIOSCVerificationSet), (24 bytes).
    Removing sysctl.o(i.SysCtlIntClear), (12 bytes).
    Removing sysctl.o(i.SysCtlIntDisable), (16 bytes).
    Removing sysctl.o(i.SysCtlIntEnable), (16 bytes).
    Removing sysctl.o(i.SysCtlIntRegister), (20 bytes).
    Removing sysctl.o(i.SysCtlIntStatus), (16 bytes).
    Removing sysctl.o(i.SysCtlIntUnregister), (18 bytes).
    Removing sysctl.o(i.SysCtlLDOConfigSet), (12 bytes).
    Removing sysctl.o(i.SysCtlLDOGet), (12 bytes).
    Removing sysctl.o(i.SysCtlLDOSet), (12 bytes).
    Removing sysctl.o(i.SysCtlMOSCConfigSet), (12 bytes).
    Removing sysctl.o(i.SysCtlMOSCVerificationSet), (24 bytes).
    Removing sysctl.o(i.SysCtlPIOSCCalibrate), (76 bytes).
    Removing sysctl.o(i.SysCtlPLLVerificationSet), (24 bytes).
    Removing sysctl.o(i.SysCtlPWMClockGet), (24 bytes).
    Removing sysctl.o(i.SysCtlPWMClockSet), (20 bytes).
    Removing sysctl.o(i.SysCtlPeripheralClockGating), (24 bytes).
    Removing sysctl.o(i.SysCtlPeripheralDeepSleepDisable), (80 bytes).
    Removing sysctl.o(i.SysCtlPeripheralDeepSleepEnable), (80 bytes).
    Removing sysctl.o(i.SysCtlPeripheralDisable), (80 bytes).
    Removing sysctl.o(i.SysCtlPeripheralPowerOff), (72 bytes).
    Removing sysctl.o(i.SysCtlPeripheralPowerOn), (72 bytes).
    Removing sysctl.o(i.SysCtlPeripheralPresent), (112 bytes).
    Removing sysctl.o(i.SysCtlPeripheralReady), (72 bytes).
    Removing sysctl.o(i.SysCtlPeripheralReset), (120 bytes).
    Removing sysctl.o(i.SysCtlPeripheralSleepDisable), (80 bytes).
    Removing sysctl.o(i.SysCtlPeripheralSleepEnable), (80 bytes).
    Removing sysctl.o(i.SysCtlPinPresent), (16 bytes).
    Removing sysctl.o(i.SysCtlReset), (16 bytes).
    Removing sysctl.o(i.SysCtlResetCauseClear), (16 bytes).
    Removing sysctl.o(i.SysCtlResetCauseGet), (12 bytes).
    Removing sysctl.o(i.SysCtlSRAMSizeGet), (20 bytes).
    Removing sysctl.o(i.SysCtlSleep), (4 bytes).
    Removing sysctl.o(i.SysCtlUSBPLLDisable), (16 bytes).
    Removing sysctl.o(i.SysCtlUSBPLLEnable), (16 bytes).
    Removing timer.o(i.TimerControlEvent), (18 bytes).
    Removing timer.o(i.TimerControlLevel), (22 bytes).
    Removing timer.o(i.TimerControlStall), (22 bytes).
    Removing timer.o(i.TimerControlTrigger), (22 bytes).
    Removing timer.o(i.TimerControlWaitOnTrigger), (48 bytes).
    Removing timer.o(i.TimerDisable), (16 bytes).
    Removing timer.o(i.TimerIntDisable), (10 bytes).
    Removing timer.o(i.TimerIntRegister), (88 bytes).
    Removing timer.o(i.TimerIntStatus), (10 bytes).
    Removing timer.o(i.TimerIntUnregister), (80 bytes).
    Removing timer.o(i.TimerLoadGet), (10 bytes).
    Removing timer.o(i.TimerLoadGet64), (14 bytes).
    Removing timer.o(i.TimerLoadSet64), (6 bytes).
    Removing timer.o(i.TimerMatchGet), (10 bytes).
    Removing timer.o(i.TimerMatchGet64), (14 bytes).
    Removing timer.o(i.TimerMatchSet), (18 bytes).
    Removing timer.o(i.TimerMatchSet64), (6 bytes).
    Removing timer.o(i.TimerPrescaleGet), (10 bytes).
    Removing timer.o(i.TimerPrescaleMatchGet), (10 bytes).
    Removing timer.o(i.TimerPrescaleMatchSet), (18 bytes).
    Removing timer.o(i.TimerPrescaleSet), (18 bytes).
    Removing timer.o(i.TimerQuiesce), (152 bytes).
    Removing timer.o(i.TimerRTCDisable), (10 bytes).
    Removing timer.o(i.TimerRTCEnable), (10 bytes).
    Removing timer.o(i.TimerSynchronize), (4 bytes).
    Removing timer.o(i.TimerValueGet), (10 bytes).
    Removing timer.o(i.TimerValueGet64), (14 bytes).
    Removing timer.o(.constdata), (96 bytes).
    Removing cpu.o(.emb_text), (38 bytes).

191 unused section(s) (total 13216 bytes) removed from the image.

==============================================================================

Image Symbol Table

    Local Symbols

    Symbol Name                              Value     Ov Type        Size  Object(Section)

    RESET                                    0x00000000   Section      632  startup_rvmdk.o(RESET)
    ../clib/microlib/init/entry.s            0x00000000   Number         0  entry5.o ABSOLUTE
    ../clib/microlib/init/entry.s            0x00000000   Number         0  entry11a.o ABSOLUTE
    ../clib/microlib/init/entry.s            0x00000000   Number         0  entry11b.o ABSOLUTE
    ../clib/microlib/init/entry.s            0x00000000   Number         0  entry10b.o ABSOLUTE
    ../clib/microlib/init/entry.s            0x00000000   Number         0  entry10a.o ABSOLUTE
    ../clib/microlib/init/entry.s            0x00000000   Number         0  entry9b.o ABSOLUTE
    ../clib/microlib/init/entry.s            0x00000000   Number         0  entry9a.o ABSOLUTE
    ../clib/microlib/init/entry.s            0x00000000   Number         0  entry8b.o ABSOLUTE
    ../clib/microlib/init/entry.s            0x00000000   Number         0  entry8a.o ABSOLUTE
    ../clib/microlib/init/entry.s            0x00000000   Number         0  entry7b.o ABSOLUTE
    ../clib/microlib/init/entry.s            0x00000000   Number         0  entry7a.o ABSOLUTE
    ../clib/microlib/init/entry.s            0x00000000   Number         0  entry.o ABSOLUTE
    ../clib/microlib/init/entry.s            0x00000000   Number         0  entry2.o ABSOLUTE
    ../clib/microlib/string/memset.c         0x00000000   Number         0  memseta.o ABSOLUTE
    ..\..\utils\softi2c.c                    0x00000000   Number         0  softi2c.o ABSOLUTE
    ..\..\utils\uartstdio.c                  0x00000000   Number         0  uartstdio.o ABSOLUTE
    ..\..\utils\ustdlib.c                    0x00000000   Number         0  ustdlib.o ABSOLUTE
    HARDWARE\PCF8574.c                       0x00000000   Number         0  pcf8574.o ABSOLUTE
    HARDWARE\lcd.c                           0x00000000   Number         0  lcd.o ABSOLUTE
    cpu.c                                    0x00000000   Number         0  cpu.o ABSOLUTE
    cpu.c                                    0x00000000   Number         0  cpu.o ABSOLUTE
    dc.s                                     0x00000000   Number         0  dc.o ABSOLUTE
    gpio.c                                   0x00000000   Number         0  gpio.o ABSOLUTE
    handlers.s                               0x00000000   Number         0  handlers.o ABSOLUTE
    init.s                                   0x00000000   Number         0  init.o ABSOLUTE
    interrupt.c                              0x00000000   Number         0  interrupt.o ABSOLUTE
    soft_i2c_atmel.c                         0x00000000   Number         0  soft_i2c_atmel.o ABSOLUTE
    startup_rvmdk.S                          0x00000000   Number         0  startup_rvmdk.o ABSOLUTE
    sysctl.c                                 0x00000000   Number         0  sysctl.o ABSOLUTE
    sysctl.c                                 0x00000000   Number         0  sysctl.o ABSOLUTE
    timer.c                                  0x00000000   Number         0  timer.o ABSOLUTE
    $v0                                      0x0000026c   Number         0  startup_rvmdk.o(RESET)
    NmiSR                                    0x00000271   Thumb Code     0  startup_rvmdk.o(RESET)
    FaultISR                                 0x00000273   Thumb Code     0  startup_rvmdk.o(RESET)
    IntDefaultHandler                        0x00000275   Thumb Code     0  startup_rvmdk.o(RESET)
    .ARM.Collect$$$$00000000                 0x00000278   Section        0  entry.o(.ARM.Collect$$$$00000000)
    .ARM.Collect$$$$00000001                 0x00000278   Section        4  entry2.o(.ARM.Collect$$$$00000001)
    .ARM.Collect$$$$00000004                 0x0000027c   Section        4  entry5.o(.ARM.Collect$$$$00000004)
    .ARM.Collect$$$$00000008                 0x00000280   Section        0  entry7b.o(.ARM.Collect$$$$00000008)
    .ARM.Collect$$$$0000000A                 0x00000280   Section        0  entry8b.o(.ARM.Collect$$$$0000000A)
    .ARM.Collect$$$$0000000B                 0x00000280   Section        8  entry9a.o(.ARM.Collect$$$$0000000B)
    .ARM.Collect$$$$0000000D                 0x00000288   Section        0  entry10a.o(.ARM.Collect$$$$0000000D)
    .ARM.Collect$$$$0000000F                 0x00000288   Section        0  entry11a.o(.ARM.Collect$$$$0000000F)
    .ARM.Collect$$$$00002712                 0x00000288   Section        4  entry2.o(.ARM.Collect$$$$00002712)
    __lit__00000000                          0x00000288   Data           4  entry2.o(.ARM.Collect$$$$00002712)
    .emb_text                                0x0000028c   Section        6  sysctl.o(.emb_text)
    $v0                                      0x0000028c   Number         0  sysctl.o(.emb_text)
    .text                                    0x00000292   Section        0  memseta.o(.text)
    .text                                    0x000002b8   Section       36  init.o(.text)
    i.GPIODirModeSet                         0x000002dc   Section        0  gpio.o(i.GPIODirModeSet)
    i.GPIOPadConfigSet                       0x00000304   Section        0  gpio.o(i.GPIOPadConfigSet)
    i.GPIOPinConfigure                       0x000003b4   Section        0  gpio.o(i.GPIOPinConfigure)
    i.GPIOPinTypeI2C                         0x000003fc   Section        0  gpio.o(i.GPIOPinTypeI2C)
    i.GPIOPinTypeUART                        0x00000418   Section        0  gpio.o(i.GPIOPinTypeUART)
    i.InitConsole                            0x00000434   Section        0  soft_i2c_atmel.o(i.InitConsole)
    i.IntEnable                              0x00000478   Section        0  interrupt.o(i.IntEnable)
    i.SoftI2CCallback                        0x000004dc   Section        0  soft_i2c_atmel.o(i.SoftI2CCallback)
    i.SoftI2CCallbackSet                     0x00000670   Section        0  softi2c.o(i.SoftI2CCallbackSet)
    i.SoftI2CControl                         0x00000674   Section        0  softi2c.o(i.SoftI2CControl)
    i.SoftI2CDataGet                         0x00000680   Section        0  softi2c.o(i.SoftI2CDataGet)
    i.SoftI2CDataPut                         0x00000686   Section        0  softi2c.o(i.SoftI2CDataPut)
    i.SoftI2CErr                             0x0000068a   Section        0  softi2c.o(i.SoftI2CErr)
    i.SoftI2CInit                            0x000006e4   Section        0  softi2c.o(i.SoftI2CInit)
    i.SoftI2CIntClear                        0x00000762   Section        0  softi2c.o(i.SoftI2CIntClear)
    i.SoftI2CIntEnable                       0x00000768   Section        0  softi2c.o(i.SoftI2CIntEnable)
    i.SoftI2CSCLGPIOSet                      0x0000076e   Section        0  softi2c.o(i.SoftI2CSCLGPIOSet)
    i.SoftI2CSDAGPIOSet                      0x00000776   Section        0  softi2c.o(i.SoftI2CSDAGPIOSet)
    i.SoftI2CSlaveAddrSet                    0x0000077e   Section        0  softi2c.o(i.SoftI2CSlaveAddrSet)
    i.SoftI2CTimerTick                       0x000007c8   Section        0  softi2c.o(i.SoftI2CTimerTick)
    i.SysCtlClockGet                         0x00000cf0   Section        0  sysctl.o(i.SysCtlClockGet)
    i.SysCtlClockSet                         0x00000f20   Section        0  sysctl.o(i.SysCtlClockSet)
    i.SysCtlPeripheralEnable                 0x0000108c   Section        0  sysctl.o(i.SysCtlPeripheralEnable)
    i.Timer0AIntHandler                      0x000010dc   Section        0  soft_i2c_atmel.o(i.Timer0AIntHandler)
    i.TimerConfigure                         0x000010f8   Section        0  timer.o(i.TimerConfigure)
    i.TimerEnable                            0x0000111c   Section        0  timer.o(i.TimerEnable)
    i.TimerIntClear                          0x0000112a   Section        0  timer.o(i.TimerIntClear)
    i.TimerIntEnable                         0x0000112e   Section        0  timer.o(i.TimerIntEnable)
    i.TimerLoadSet                           0x00001136   Section        0  timer.o(i.TimerLoadSet)
    i.UARTStdioInit                          0x00001148   Section        0  uartstdio.o(i.UARTStdioInit)
    i.UARTStdioInitExpClk                    0x00001158   Section        0  uartstdio.o(i.UARTStdioInitExpClk)
    i.UARTprintf                             0x000011d0   Section        0  uartstdio.o(i.UARTprintf)
    i.UARTwrite                              0x00001430   Section        0  uartstdio.o(i.UARTwrite)
    i.__scatterload_copy                     0x00001470   Section       14  handlers.o(i.__scatterload_copy)
    i.__scatterload_null                     0x0000147e   Section        2  handlers.o(i.__scatterload_null)
    i.__scatterload_zeroinit                 0x00001480   Section       14  handlers.o(i.__scatterload_zeroinit)
    i.main                                   0x00001490   Section        0  soft_i2c_atmel.o(i.main)
    .constdata                               0x0000159c   Section       68  uartstdio.o(.constdata)
    g_pcHex                                  0x0000159c   Data           4  uartstdio.o(.constdata)
    g_ulUARTBase                             0x000015a0   Data          32  uartstdio.o(.constdata)
    g_ulUARTPeriph                           0x000015c0   Data          32  uartstdio.o(.constdata)
    .constdata                               0x000015e0   Section      120  gpio.o(.constdata)
    g_pulGPIOBaseAddrs                       0x000015e0   Data         120  gpio.o(.constdata)
    .constdata                               0x00001658   Section      260  interrupt.o(.constdata)
    g_pulPriority                            0x00001658   Data          32  interrupt.o(.constdata)
    g_pulRegs                                0x00001678   Data         148  interrupt.o(.constdata)
    g_pulEnRegs                              0x0000170c   Data          20  interrupt.o(.constdata)
    g_pulDisRegs                             0x00001720   Data          20  interrupt.o(.constdata)
    g_pulPendRegs                            0x00001734   Data          20  interrupt.o(.constdata)
    g_pulUnpendRegs                          0x00001748   Data          20  interrupt.o(.constdata)
    .constdata                               0x0000175c   Section      452  sysctl.o(.constdata)
    g_pulDCRegs                              0x0000175c   Data          16  sysctl.o(.constdata)
    g_pulSRCRRegs                            0x0000176c   Data          12  sysctl.o(.constdata)
    g_pulRCGCRegs                            0x00001778   Data          12  sysctl.o(.constdata)
    g_pulSCGCRegs                            0x00001784   Data          12  sysctl.o(.constdata)
    g_pulDCGCRegs                            0x00001790   Data          12  sysctl.o(.constdata)
    g_pulXtals                               0x0000179c   Data         108  sysctl.o(.constdata)
    g_ppulPeripheralMap                      0x00001808   Data         280  sysctl.o(.constdata)
    .conststring                             0x00001920   Section       17  uartstdio.o(.conststring)
    .data                                    0x20000000   Section        5  uartstdio.o(.data)
    g_ulBase                                 0x20000000   Data           4  uartstdio.o(.data)
    bLastWasCR                               0x20000004   Data           1  uartstdio.o(.data)
    .data                                    0x20000008   Section       12  soft_i2c_atmel.o(.data)
    g_pucData                                0x20000008   Data           4  soft_i2c_atmel.o(.data)
    g_ulCount                                0x2000000c   Data           4  soft_i2c_atmel.o(.data)
    g_ulState                                0x20000010   Data           4  soft_i2c_atmel.o(.data)
    .bss                                     0x20000014   Section       20  soft_i2c_atmel.o(.bss)
    g_sI2C                                   0x20000014   Data          20  soft_i2c_atmel.o(.bss)
    STACK                                    0x20000028   Section      512  startup_rvmdk.o(STACK)
    StackMem                                 0x20000028   Data           0  startup_rvmdk.o(STACK)

    Global Symbols

    Symbol Name                              Value     Ov Type        Size  Object(Section)

    BuildAttributes$$THM_ISAv4$E$P$D$K$B$S$7EM$VFPi3$EXTD16$VFPS$VFMA$PE$A:L22UL41UL21$X:L11$S22US41US21$IEEE1$IW$USESV6$~STKCKD$USESV7$~SHL$OTIME$EBA8$MICROLIB$REQ8$PRES8$EABIv2 0x00000000   Number         0  anon$$obj.o ABSOLUTE
    __ARM_use_no_argv                        0x00000000   Number         0  soft_i2c_atmel.o ABSOLUTE
    __Vectors                                0x00000000   Data           0  startup_rvmdk.o(RESET)
    __cpp_initialize__aeabi_                  - Undefined Weak Reference
    __cxa_finalize                            - Undefined Weak Reference
    __decompress                              - Undefined Weak Reference
    _clock_init                               - Undefined Weak Reference
    _microlib_exit                            - Undefined Weak Reference
    Reset_Handler                            0x0000026d   Thumb Code     0  startup_rvmdk.o(RESET)
    __main                                   0x00000279   Thumb Code     0  entry.o(.ARM.Collect$$$$00000000)
    _main_stk                                0x00000279   Thumb Code     0  entry2.o(.ARM.Collect$$$$00000001)
    _main_scatterload                        0x0000027d   Thumb Code     0  entry5.o(.ARM.Collect$$$$00000004)
    __main_after_scatterload                 0x00000281   Thumb Code     0  entry5.o(.ARM.Collect$$$$00000004)
    _main_clock                              0x00000281   Thumb Code     0  entry7b.o(.ARM.Collect$$$$00000008)
    _main_cpp_init                           0x00000281   Thumb Code     0  entry8b.o(.ARM.Collect$$$$0000000A)
    _main_init                               0x00000281   Thumb Code     0  entry9a.o(.ARM.Collect$$$$0000000B)
    __rt_final_cpp                           0x00000289   Thumb Code     0  entry10a.o(.ARM.Collect$$$$0000000D)
    __rt_final_exit                          0x00000289   Thumb Code     0  entry11a.o(.ARM.Collect$$$$0000000F)
    SysCtlDelay                              0x0000028d   Thumb Code     6  sysctl.o(.emb_text)
    __aeabi_memset                           0x00000293   Thumb Code    14  memseta.o(.text)
    __aeabi_memset4                          0x00000293   Thumb Code     0  memseta.o(.text)
    __aeabi_memset8                          0x00000293   Thumb Code     0  memseta.o(.text)
    __aeabi_memclr                           0x000002a1   Thumb Code     4  memseta.o(.text)
    __aeabi_memclr4                          0x000002a1   Thumb Code     0  memseta.o(.text)
    __aeabi_memclr8                          0x000002a1   Thumb Code     0  memseta.o(.text)
    _memset$wrapper                          0x000002a5   Thumb Code    18  memseta.o(.text)
    __scatterload                            0x000002b9   Thumb Code    28  init.o(.text)
    __scatterload_rt2                        0x000002b9   Thumb Code     0  init.o(.text)
    GPIODirModeSet                           0x000002dd   Thumb Code    40  gpio.o(i.GPIODirModeSet)
    GPIOPadConfigSet                         0x00000305   Thumb Code   176  gpio.o(i.GPIOPadConfigSet)
    GPIOPinConfigure                         0x000003b5   Thumb Code    64  gpio.o(i.GPIOPinConfigure)
    GPIOPinTypeI2C                           0x000003fd   Thumb Code    28  gpio.o(i.GPIOPinTypeI2C)
    GPIOPinTypeUART                          0x00000419   Thumb Code    28  gpio.o(i.GPIOPinTypeUART)
    InitConsole                              0x00000435   Thumb Code    46  soft_i2c_atmel.o(i.InitConsole)
    IntEnable                                0x00000479   Thumb Code    92  interrupt.o(i.IntEnable)
    SoftI2CCallback                          0x000004dd   Thumb Code   386  soft_i2c_atmel.o(i.SoftI2CCallback)
    SoftI2CCallbackSet                       0x00000671   Thumb Code     4  softi2c.o(i.SoftI2CCallbackSet)
    SoftI2CControl                           0x00000675   Thumb Code    12  softi2c.o(i.SoftI2CControl)
    SoftI2CDataGet                           0x00000681   Thumb Code     6  softi2c.o(i.SoftI2CDataGet)
    SoftI2CDataPut                           0x00000687   Thumb Code     4  softi2c.o(i.SoftI2CDataPut)
    SoftI2CErr                               0x0000068b   Thumb Code    90  softi2c.o(i.SoftI2CErr)
    SoftI2CInit                              0x000006e5   Thumb Code   126  softi2c.o(i.SoftI2CInit)
    SoftI2CIntClear                          0x00000763   Thumb Code     6  softi2c.o(i.SoftI2CIntClear)
    SoftI2CIntEnable                         0x00000769   Thumb Code     6  softi2c.o(i.SoftI2CIntEnable)
    SoftI2CSCLGPIOSet                        0x0000076f   Thumb Code     8  softi2c.o(i.SoftI2CSCLGPIOSet)
    SoftI2CSDAGPIOSet                        0x00000777   Thumb Code     8  softi2c.o(i.SoftI2CSDAGPIOSet)
    SoftI2CSlaveAddrSet                      0x0000077f   Thumb Code    74  softi2c.o(i.SoftI2CSlaveAddrSet)
    SoftI2CTimerTick                         0x000007c9   Thumb Code  1320  softi2c.o(i.SoftI2CTimerTick)
    SysCtlClockGet                           0x00000cf1   Thumb Code   514  sysctl.o(i.SysCtlClockGet)
    SysCtlClockSet                           0x00000f21   Thumb Code   344  sysctl.o(i.SysCtlClockSet)
    SysCtlPeripheralEnable                   0x0000108d   Thumb Code    70  sysctl.o(i.SysCtlPeripheralEnable)
    Timer0AIntHandler                        0x000010dd   Thumb Code    18  soft_i2c_atmel.o(i.Timer0AIntHandler)
    TimerConfigure                           0x000010f9   Thumb Code    36  timer.o(i.TimerConfigure)
    TimerEnable                              0x0000111d   Thumb Code    14  timer.o(i.TimerEnable)
    TimerIntClear                            0x0000112b   Thumb Code     4  timer.o(i.TimerIntClear)
    TimerIntEnable                           0x0000112f   Thumb Code     8  timer.o(i.TimerIntEnable)
    TimerLoadSet                             0x00001137   Thumb Code    18  timer.o(i.TimerLoadSet)
    UARTStdioInit                            0x00001149   Thumb Code    16  uartstdio.o(i.UARTStdioInit)
    UARTStdioInitExpClk                      0x00001159   Thumb Code   106  uartstdio.o(i.UARTStdioInitExpClk)
    UARTprintf                               0x000011d1   Thumb Code   592  uartstdio.o(i.UARTprintf)
    UARTwrite                                0x00001431   Thumb Code    58  uartstdio.o(i.UARTwrite)
    __scatterload_copy                       0x00001471   Thumb Code    14  handlers.o(i.__scatterload_copy)
    __scatterload_null                       0x0000147f   Thumb Code     2  handlers.o(i.__scatterload_null)
    __scatterload_zeroinit                   0x00001481   Thumb Code    14  handlers.o(i.__scatterload_zeroinit)
    main                                     0x00001491   Thumb Code   188  soft_i2c_atmel.o(i.main)
    Region$$Table$$Base                      0x00001934   Number         0  anon$$obj.o(Region$$Table)
    Region$$Table$$Limit                     0x00001954   Number         0  anon$$obj.o(Region$$Table)
    __initial_sp                             0x20000228   Data           0  startup_rvmdk.o(STACK)



==============================================================================

Memory Map of the image

  Image Entry point : 0x00000279

  Load Region LR_IROM (Base: 0x00000000, Size: 0x00001968, Max: 0x00040000, ABSOLUTE)

    Execution Region ER_IROM (Base: 0x00000000, Size: 0x00001954, Max: 0x00040000, ABSOLUTE)

    Base Addr    Size         Type   Attr      Idx    E Section Name        Object

    0x00000000   0x00000278   Code   RO            3    RESET               startup_rvmdk.o
    0x00000278   0x00000000   Code   RO         1560  * .ARM.Collect$$$$00000000  mc_w.l(entry.o)
    0x00000278   0x00000004   Code   RO         1565    .ARM.Collect$$$$00000001  mc_w.l(entry2.o)
    0x0000027c   0x00000004   Code   RO         1568    .ARM.Collect$$$$00000004  mc_w.l(entry5.o)
    0x00000280   0x00000000   Code   RO         1570    .ARM.Collect$$$$00000008  mc_w.l(entry7b.o)
    0x00000280   0x00000000   Code   RO         1572    .ARM.Collect$$$$0000000A  mc_w.l(entry8b.o)
    0x00000280   0x00000008   Code   RO         1573    .ARM.Collect$$$$0000000B  mc_w.l(entry9a.o)
    0x00000288   0x00000000   Code   RO         1575    .ARM.Collect$$$$0000000D  mc_w.l(entry10a.o)
    0x00000288   0x00000000   Code   RO         1577    .ARM.Collect$$$$0000000F  mc_w.l(entry11a.o)
    0x00000288   0x00000004   Code   RO         1566    .ARM.Collect$$$$00002712  mc_w.l(entry2.o)
    0x0000028c   0x00000006   Code   RO         1041    .emb_text           driverlib-cm4f.lib(sysctl.o)
    0x00000292   0x00000024   Code   RO         1563    .text               mc_w.l(memseta.o)
    0x000002b6   0x00000002   PAD
    0x000002b8   0x00000024   Code   RO         1579    .text               mc_w.l(init.o)
    0x000002dc   0x00000028   Code   RO          647    i.GPIODirModeSet    driverlib-cm4f.lib(gpio.o)
    0x00000304   0x000000b0   Code   RO          652    i.GPIOPadConfigSet  driverlib-cm4f.lib(gpio.o)
    0x000003b4   0x00000048   Code   RO          653    i.GPIOPinConfigure  driverlib-cm4f.lib(gpio.o)
    0x000003fc   0x0000001c   Code   RO          669    i.GPIOPinTypeI2C    driverlib-cm4f.lib(gpio.o)
    0x00000418   0x0000001c   Code   RO          679    i.GPIOPinTypeUART   driverlib-cm4f.lib(gpio.o)
    0x00000434   0x00000044   Code   RO          559    i.InitConsole       soft_i2c_atmel.o
    0x00000478   0x00000064   Code   RO          936    i.IntEnable         driverlib-cm4f.lib(interrupt.o)
    0x000004dc   0x00000194   Code   RO          560    i.SoftI2CCallback   soft_i2c_atmel.o
    0x00000670   0x00000004   Code   RO          345    i.SoftI2CCallbackSet  softi2c.o
    0x00000674   0x0000000c   Code   RO          346    i.SoftI2CControl    softi2c.o
    0x00000680   0x00000006   Code   RO          347    i.SoftI2CDataGet    softi2c.o
    0x00000686   0x00000004   Code   RO          348    i.SoftI2CDataPut    softi2c.o
    0x0000068a   0x0000005a   Code   RO          349    i.SoftI2CErr        softi2c.o
    0x000006e4   0x0000007e   Code   RO          350    i.SoftI2CInit       softi2c.o
    0x00000762   0x00000006   Code   RO          351    i.SoftI2CIntClear   softi2c.o
    0x00000768   0x00000006   Code   RO          353    i.SoftI2CIntEnable  softi2c.o
    0x0000076e   0x00000008   Code   RO          355    i.SoftI2CSCLGPIOSet  softi2c.o
    0x00000776   0x00000008   Code   RO          356    i.SoftI2CSDAGPIOSet  softi2c.o
    0x0000077e   0x0000004a   Code   RO          357    i.SoftI2CSlaveAddrSet  softi2c.o
    0x000007c8   0x00000528   Code   RO          358    i.SoftI2CTimerTick  softi2c.o
    0x00000cf0   0x00000230   Code   RO         1046    i.SysCtlClockGet    driverlib-cm4f.lib(sysctl.o)
    0x00000f20   0x0000016c   Code   RO         1047    i.SysCtlClockSet    driverlib-cm4f.lib(sysctl.o)
    0x0000108c   0x00000050   Code   RO         1074    i.SysCtlPeripheralEnable  driverlib-cm4f.lib(sysctl.o)
    0x000010dc   0x0000001c   Code   RO          561    i.Timer0AIntHandler  soft_i2c_atmel.o
    0x000010f8   0x00000024   Code   RO         1344    i.TimerConfigure    driverlib-cm4f.lib(timer.o)
    0x0000111c   0x0000000e   Code   RO         1351    i.TimerEnable       driverlib-cm4f.lib(timer.o)
    0x0000112a   0x00000004   Code   RO         1352    i.TimerIntClear     driverlib-cm4f.lib(timer.o)
    0x0000112e   0x00000008   Code   RO         1354    i.TimerIntEnable    driverlib-cm4f.lib(timer.o)
    0x00001136   0x00000012   Code   RO         1360    i.TimerLoadSet      driverlib-cm4f.lib(timer.o)
    0x00001148   0x00000010   Code   RO          268    i.UARTStdioInit     uartstdio.o
    0x00001158   0x00000078   Code   RO          269    i.UARTStdioInitExpClk  uartstdio.o
    0x000011d0   0x00000260   Code   RO          272    i.UARTprintf        uartstdio.o
    0x00001430   0x00000040   Code   RO          273    i.UARTwrite         uartstdio.o
    0x00001470   0x0000000e   Code   RO         1583    i.__scatterload_copy  mc_w.l(handlers.o)
    0x0000147e   0x00000002   Code   RO         1584    i.__scatterload_null  mc_w.l(handlers.o)
    0x00001480   0x0000000e   Code   RO         1585    i.__scatterload_zeroinit  mc_w.l(handlers.o)
    0x0000148e   0x00000002   PAD
    0x00001490   0x0000010c   Code   RO          562    i.main              soft_i2c_atmel.o
    0x0000159c   0x00000044   Data   RO          274    .constdata          uartstdio.o
    0x000015e0   0x00000078   Data   RO          685    .constdata          driverlib-cm4f.lib(gpio.o)
    0x00001658   0x00000104   Data   RO          949    .constdata          driverlib-cm4f.lib(interrupt.o)
    0x0000175c   0x000001c4   Data   RO         1090    .constdata          driverlib-cm4f.lib(sysctl.o)
    0x00001920   0x00000011   Data   RO          275    .conststring        uartstdio.o
    0x00001931   0x00000003   PAD
    0x00001934   0x00000020   Data   RO         1581    Region$$Table       anon$$obj.o


    Execution Region RW_IRAM (Base: 0x20000000, Size: 0x00000228, Max: 0x00008000, ABSOLUTE)

    Base Addr    Size         Type   Attr      Idx    E Section Name        Object

    0x20000000   0x00000005   Data   RW          276    .data               uartstdio.o
    0x20000005   0x00000003   PAD
    0x20000008   0x0000000c   Data   RW          564    .data               soft_i2c_atmel.o
    0x20000014   0x00000014   Zero   RW          563    .bss                soft_i2c_atmel.o
    0x20000028   0x00000200   Zero   RW            1    STACK               startup_rvmdk.o


==============================================================================

Image component sizes


      Code (inc. data)   RO Data    RW Data    ZI Data      Debug   Object Name

         0          0          0          0          0       4752   lcd.o
       768        140          0         12         20      28435   soft_i2c_atmel.o
      1664         26          0          0          0      11073   softi2c.o
       632        622          0          0        512        340   startup_rvmdk.o
       808         36         85          5          0       6002   uartstdio.o

    ----------------------------------------------------------------------
      3872        824        120         20        532      50602   Object Totals
         0          0         32          0          0          0   (incl. Generated)
         0          0          3          3          0          0   (incl. Padding)

    ----------------------------------------------------------------------

      Code (inc. data)   RO Data    RW Data    ZI Data      Debug   Library Member Name

       344          8        120          0          0       3874   gpio.o
       100          8        260          0          0       1416   interrupt.o
      1010         76        452          0          0       4651   sysctl.o
        80          0          0          0          0       2675   timer.o
         0          0          0          0          0          0   entry.o
         0          0          0          0          0          0   entry10a.o
         0          0          0          0          0          0   entry11a.o
         8          4          0          0          0          0   entry2.o
         4          0          0          0          0          0   entry5.o
         0          0          0          0          0          0   entry7b.o
         0          0          0          0          0          0   entry8b.o
         8          4          0          0          0          0   entry9a.o
        30          0          0          0          0          0   handlers.o
        36          8          0          0          0         68   init.o
        36          0          0          0          0        108   memseta.o

    ----------------------------------------------------------------------
      1660        108        832          0          0      12792   Library Totals
         4          0          0          0          0          0   (incl. Padding)

    ----------------------------------------------------------------------

      Code (inc. data)   RO Data    RW Data    ZI Data      Debug   Library Name

      1534         92        832          0          0      12616   driverlib-cm4f.lib
       122         16          0          0          0        176   mc_w.l

    ----------------------------------------------------------------------
      1660        108        832          0          0      12792   Library Totals

    ----------------------------------------------------------------------

==============================================================================


      Code (inc. data)   RO Data    RW Data    ZI Data      Debug   

      5532        932        952         20        532      60898   Grand Totals
      5532        932        952         20        532      60898   ELF Image Totals
      5532        932        952         20          0          0   ROM Totals

==============================================================================

    Total RO  Size (Code + RO Data)                 6484 (   6.33kB)
    Total RW  Size (RW Data + ZI Data)               552 (   0.54kB)
    Total ROM Size (Code + RO Data + RW Data)       6504 (   6.35kB)

==============================================================================

