<!doctype html public "-//w3c//dtd html 4.0 transitional//en">
<html><head>
<title>Static Call Graph - [.\rvmdk\lcd_hello.axf]</title></head>
<body><HR>
<H1>Static Call Graph for image .\rvmdk\lcd_hello.axf</H1><HR>
<BR><P>#&#060CALLGRAPH&#062# ARM Linker, 5.03 [Build 76]: Last Updated: Mon May 28 20:59:44 2018
<BR><P>
<H3>Maximum Stack Usage =          0 bytes + Unknown(Functions without stacksize, Cycles, Untraceable Function Pointers)</H3><H3>
Call chain for Maximum Stack Depth:</H3>

<P>
<H3>
Functions with no stack information
</H3><UL>
 <LI><a href="#[0]">Reset_Handler</a>
 <LI><a href="#[1]">NmiSR</a>
 <LI><a href="#[2]">FaultISR</a>
 <LI><a href="#[3]">IntDefaultHandler</a>
</UL>
</UL>
<P>
<H3>
Mutually Recursive functions
</H3> <LI><a href="#[8]">SysCtlDelay</a>&nbsp;&nbsp;&nbsp;&rArr;&nbsp;&nbsp;&nbsp;<a href="#[8]">SysCtlDelay</a><BR>
 <LI><a href="#[1]">NmiSR</a>&nbsp;&nbsp;&nbsp;&rArr;&nbsp;&nbsp;&nbsp;<a href="#[1]">NmiSR</a><BR>
 <LI><a href="#[2]">FaultISR</a>&nbsp;&nbsp;&nbsp;&rArr;&nbsp;&nbsp;&nbsp;<a href="#[2]">FaultISR</a><BR>
 <LI><a href="#[3]">IntDefaultHandler</a>&nbsp;&nbsp;&nbsp;&rArr;&nbsp;&nbsp;&nbsp;<a href="#[3]">IntDefaultHandler</a><BR>
</UL>
<P>
<H3>
Function Pointers
</H3><UL>
 <LI><a href="#[2]">FaultISR</a> from startup_rvmdk.o(RESET) referenced from startup_rvmdk.o(RESET)
 <LI><a href="#[3]">IntDefaultHandler</a> from startup_rvmdk.o(RESET) referenced 121 times from startup_rvmdk.o(RESET)
 <LI><a href="#[1]">NmiSR</a> from startup_rvmdk.o(RESET) referenced from startup_rvmdk.o(RESET)
 <LI><a href="#[0]">Reset_Handler</a> from startup_rvmdk.o(RESET) referenced from startup_rvmdk.o(RESET)
 <LI><a href="#[4]">main</a> from main.o(i.main) referenced from entry9a.o(.ARM.Collect$$$$0000000B)
</UL>
<P>
<H3>
Global Symbols
</H3>
<P><STRONG><a name="[0]"></a>Reset_Handler</STRONG> (Thumb, 0 bytes, Stack size unknown bytes, startup_rvmdk.o(RESET))
<BR><BR>[Calls]<UL><LI><a href="#[5]">&gt;&gt;</a>&nbsp;&nbsp;&nbsp;__main
</UL>
<BR>[Address Reference Count : 1]<UL><LI> startup_rvmdk.o(RESET)
</UL>
<P><STRONG><a name="[5]"></a>__main</STRONG> (Thumb, 0 bytes, Stack size unknown bytes, entry.o(.ARM.Collect$$$$00000000))
<BR><BR>[Called By]<UL><LI><a href="#[0]">&gt;&gt;</a>&nbsp;&nbsp;&nbsp;Reset_Handler
</UL>

<P><STRONG><a name="[b]"></a>_main_stk</STRONG> (Thumb, 0 bytes, Stack size unknown bytes, entry2.o(.ARM.Collect$$$$00000001))

<P><STRONG><a name="[6]"></a>_main_scatterload</STRONG> (Thumb, 0 bytes, Stack size unknown bytes, entry5.o(.ARM.Collect$$$$00000004))
<BR><BR>[Calls]<UL><LI><a href="#[7]">&gt;&gt;</a>&nbsp;&nbsp;&nbsp;__scatterload
</UL>

<P><STRONG><a name="[9]"></a>__main_after_scatterload</STRONG> (Thumb, 0 bytes, Stack size unknown bytes, entry5.o(.ARM.Collect$$$$00000004))
<BR><BR>[Called By]<UL><LI><a href="#[7]">&gt;&gt;</a>&nbsp;&nbsp;&nbsp;__scatterload
</UL>

<P><STRONG><a name="[c]"></a>_main_clock</STRONG> (Thumb, 0 bytes, Stack size unknown bytes, entry7b.o(.ARM.Collect$$$$00000008))

<P><STRONG><a name="[d]"></a>_main_cpp_init</STRONG> (Thumb, 0 bytes, Stack size unknown bytes, entry8b.o(.ARM.Collect$$$$0000000A))

<P><STRONG><a name="[e]"></a>_main_init</STRONG> (Thumb, 0 bytes, Stack size unknown bytes, entry9a.o(.ARM.Collect$$$$0000000B))

<P><STRONG><a name="[f]"></a>__rt_final_cpp</STRONG> (Thumb, 0 bytes, Stack size unknown bytes, entry10a.o(.ARM.Collect$$$$0000000D))

<P><STRONG><a name="[10]"></a>__rt_final_exit</STRONG> (Thumb, 0 bytes, Stack size unknown bytes, entry11a.o(.ARM.Collect$$$$0000000F))

<P><STRONG><a name="[8]"></a>SysCtlDelay</STRONG> (Thumb, 6 bytes, Stack size 0 bytes, sysctl.o(.emb_text))
<BR><BR>[Calls]<UL><LI><a href="#[8]">&gt;&gt;</a>&nbsp;&nbsp;&nbsp;SysCtlDelay
</UL>
<BR>[Called By]<UL><LI><a href="#[8]">&gt;&gt;</a>&nbsp;&nbsp;&nbsp;SysCtlDelay
<LI><a href="#[4]">&gt;&gt;</a>&nbsp;&nbsp;&nbsp;main
</UL>

<P><STRONG><a name="[7]"></a>__scatterload</STRONG> (Thumb, 28 bytes, Stack size 0 bytes, init.o(.text))
<BR><BR>[Calls]<UL><LI><a href="#[9]">&gt;&gt;</a>&nbsp;&nbsp;&nbsp;__main_after_scatterload
</UL>
<BR>[Called By]<UL><LI><a href="#[6]">&gt;&gt;</a>&nbsp;&nbsp;&nbsp;_main_scatterload
</UL>

<P><STRONG><a name="[11]"></a>__scatterload_rt2</STRONG> (Thumb, 0 bytes, Stack size 0 bytes, init.o(.text), UNUSED)

<P><STRONG><a name="[12]"></a>__scatterload_copy</STRONG> (Thumb, 14 bytes, Stack size unknown bytes, handlers.o(i.__scatterload_copy), UNUSED)

<P><STRONG><a name="[13]"></a>__scatterload_null</STRONG> (Thumb, 2 bytes, Stack size unknown bytes, handlers.o(i.__scatterload_null), UNUSED)

<P><STRONG><a name="[14]"></a>__scatterload_zeroinit</STRONG> (Thumb, 14 bytes, Stack size unknown bytes, handlers.o(i.__scatterload_zeroinit), UNUSED)

<P><STRONG><a name="[4]"></a>main</STRONG> (Thumb, 108 bytes, Stack size 0 bytes, main.o(i.main))
<BR><BR>[Calls]<UL><LI><a href="#[8]">&gt;&gt;</a>&nbsp;&nbsp;&nbsp;SysCtlDelay
<LI><a href="#[a]">&gt;&gt;</a>&nbsp;&nbsp;&nbsp;sysclock_cfg
</UL>
<BR>[Address Reference Count : 1]<UL><LI> entry9a.o(.ARM.Collect$$$$0000000B)
</UL>
<P><STRONG><a name="[a]"></a>sysclock_cfg</STRONG> (Thumb, 162 bytes, Stack size 0 bytes, main.o(i.sysclock_cfg))
<BR><BR>[Called By]<UL><LI><a href="#[4]">&gt;&gt;</a>&nbsp;&nbsp;&nbsp;main
</UL>
<P>
<H3>
Local Symbols
</H3>
<P><STRONG><a name="[1]"></a>NmiSR</STRONG> (Thumb, 0 bytes, Stack size unknown bytes, startup_rvmdk.o(RESET))
<BR><BR>[Calls]<UL><LI><a href="#[1]">&gt;&gt;</a>&nbsp;&nbsp;&nbsp;NmiSR
</UL>
<BR>[Called By]<UL><LI><a href="#[1]">&gt;&gt;</a>&nbsp;&nbsp;&nbsp;NmiSR
</UL>
<BR>[Address Reference Count : 1]<UL><LI> startup_rvmdk.o(RESET)
</UL>
<P><STRONG><a name="[2]"></a>FaultISR</STRONG> (Thumb, 0 bytes, Stack size unknown bytes, startup_rvmdk.o(RESET))
<BR><BR>[Calls]<UL><LI><a href="#[2]">&gt;&gt;</a>&nbsp;&nbsp;&nbsp;FaultISR
</UL>
<BR>[Called By]<UL><LI><a href="#[2]">&gt;&gt;</a>&nbsp;&nbsp;&nbsp;FaultISR
</UL>
<BR>[Address Reference Count : 1]<UL><LI> startup_rvmdk.o(RESET)
</UL>
<P><STRONG><a name="[3]"></a>IntDefaultHandler</STRONG> (Thumb, 0 bytes, Stack size unknown bytes, startup_rvmdk.o(RESET))
<BR><BR>[Calls]<UL><LI><a href="#[3]">&gt;&gt;</a>&nbsp;&nbsp;&nbsp;IntDefaultHandler
</UL>
<BR>[Called By]<UL><LI><a href="#[3]">&gt;&gt;</a>&nbsp;&nbsp;&nbsp;IntDefaultHandler
</UL>
<BR>[Address Reference Count : 1]<UL><LI> startup_rvmdk.o(RESET)
</UL><P>
<H3>
Undefined Global Symbols
</H3><HR></body></html>
