<html>
<body>
<pre>
<h1>礦ision Build Log</h1>
<h2>Project:</h2>
C:\Users\Think\Desktop\TM4C123G实验开发平台20151208\02 程序文档\A实验\QFLM4F232\实验1 GPIO-KEY实验\lcd_hello.uvprojx
Project File Date:  05/12/2018

<h2>Output:</h2>
Rebuild target 'Target 1'
assembling startup_rvmdk.S...
compiling main.c...
main.c(19): warning:  #1295-D: Deprecated declaration sysclock_cfg - give arg types
  void sysclock_cfg();
main.c(151): warning:  #940-D: missing return statement at end of non-void function "GPIO_cfg"
  }
main.c: 2 warnings, 0 errors
linking...
Program Size: Code=1040 RO-data=16 RW-data=0 ZI-data=512  
FromELF: creating hex file...
After Build - User command #1: fromelf --bin --output .\rvmdk\lcd_hello.bin .\rvmdk\lcd_hello.axf
".\rvmdk\lcd_hello.axf" - 0 Error(s), 2 Warning(s).
Load "C:\\Users\\Think\\Desktop\\TM4C123G实验开发平台20151208\\02 程序文档\\A实验\\QFLM4F232\\实验1 GPIO-KEY实验\\rvmdk\\lcd_hello.axf" 
Set JLink Project File to "C:\Users\Think\Desktop\TM4C123G实验开发平台20151208\02 程序文档\A实验\QFLM4F232\实验1 GPIO-KEY实验\JLinkSettings.ini"
* JLink Info: Device "LM4F232H5QD" selected (256 KB flash, 32 KB RAM).
 
JLink info:
------------
DLL: V4.76e, compiled Sep 20 2013 16:06:28
Firmware: J-Link ARM V8 compiled Jan 31 2018 18:34:52
Hardware: V8.00
S/N : 20080643 
Feature(s) : RDI,FlashDL,FlashBP,JFlash,GDBFull 
 
* JLink Info: Found SWD-DP with ID 0x2BA01477
* JLink Info: Found Cortex-M4 r0p1, Little endian.
* JLink Info: FPUnit: 6 code (BP) slots and 2 literal slots
* JLink Info: TPIU fitted.
* JLink Info: ETM fitted.
ROMTableAddr = 0xE00FF003
 
Target info:
------------
Device: LM4F232H5QD
VTarget = 3.222V
State of Pins: 
TCK: 0, TDI: 1, TDO: 0, TMS: 0, TRES: 1, TRST: 1
Hardware-Breakpoints: 6
Software-Breakpoints: 8192
Watchpoints:          4
JTAG speed: 2000 kHz
 
Erase Done.
Programming Done.
Verify OK.
</pre>
</body>
</html>
