<html>
<body>
<pre>
<h1>µVision Build Log</h1>
<h2>Project:</h2>
F:\«∂»Î ΩLM4F232H5—ßœ∞∞Â_LSD-TEST4F232H5_V1.0_C\LSD-TEST4F232H5_V1.0_Code\LSD-TEST4F232H5_V1.0_code\lcd_hello\lcd_hello.uvproj
Project File Date:  10/14/2011

<h2>Output:</h2>
Build target 'Target 1'
assembling startup_rvmdk.S...
compiling lcd_hello.c...
linking...
.\rvmdk\lcd_hello.axf: Error: L6218E: Undefined symbol Kitronix320x240x16_SSD2119Init (referred from lcd_hello.o).
.\rvmdk\lcd_hello.axf: Error: L6218E: Undefined symbol g_sKitronix320x240x16_SSD2119 (referred from lcd_hello.o).
Target not created
Build target 'Target 1'
assembling startup_rvmdk.S...
compiling lcd_hello.c...
compiling kitronix320x240x16_ssd2119_8bit.c...
linking...
Program Size: Code=6280 RO-data=8184 RW-data=12 ZI-data=1028  
".\rvmdk\lcd_hello.axf" - 0 Error(s), 0 Warning(s).
