ARM Linker, 5.03 [Build 76] [MDK-ARM Standard]

==============================================================================

Section Cross References

    startup_rvmdk.o(RESET) refers to startup_rvmdk.o(STACK) for StackMem
    startup_rvmdk.o(RESET) refers to main.o(i.Watchdog_Timer) for Watchdog_Timer
    startup_rvmdk.o(RESET) refers to uart.o(i.UART2_Int_Handler) for UART2_Int_Handler
    startup_rvmdk.o(RESET) refers to entry.o(.ARM.Collect$$$$00000000) for __main
    lcd.o(i.Address_set) refers to lcd.o(i.lcd_write_command) for lcd_write_command
    lcd.o(i.Address_set) refers to lcd.o(i.lcd_write_data) for lcd_write_data
    lcd.o(i.Address_set1121) refers to lcd.o(i.lcd_write_command) for lcd_write_command
    lcd.o(i.Address_set1121) refers to lcd.o(i.lcd_write_data) for lcd_write_data
    lcd.o(i.LCD_Clear) refers to lcd.o(i.lcd_write_command) for lcd_write_command
    lcd.o(i.LCD_Clear) refers to lcd.o(i.lcd_write_data) for lcd_write_data
    lcd.o(i.LCD_DrawLine) refers to lcd.o(i.Address_set) for Address_set
    lcd.o(i.LCD_DrawLine) refers to lcd.o(i.lcd_write_data) for lcd_write_data
    lcd.o(i.LCD_DrawLine) refers to lcd.o(.data) for .data
    lcd.o(i.LCD_DrawPoint) refers to lcd.o(i.Address_set) for Address_set
    lcd.o(i.LCD_DrawPoint) refers to lcd.o(i.lcd_write_data) for lcd_write_data
    lcd.o(i.LCD_DrawPoint) refers to lcd.o(.data) for .data
    lcd.o(i.LCD_DrawRectangle) refers to lcd.o(i.LCD_DrawLine) for LCD_DrawLine
    lcd.o(i.LCD_SetCursor) refers to lcd.o(i.lcd_write_command) for lcd_write_command
    lcd.o(i.LCD_SetCursor) refers to lcd.o(i.lcd_write_data) for lcd_write_data
    lcd.o(i.LCD_SetCursor) refers to lcd.o(.bss) for .bss
    lcd.o(i.LCD_ShowChar) refers to lcd.o(i.Address_set) for Address_set
    lcd.o(i.LCD_ShowChar) refers to lcd.o(i.lcd_write_data) for lcd_write_data
    lcd.o(i.LCD_ShowChar) refers to lcd.o(.data) for .data
    lcd.o(i.LCD_ShowString) refers to lcd.o(i.LCD_ShowChar) for LCD_ShowChar
    lcd.o(i.LCD_WR_REG_DATA) refers to lcd.o(i.lcd_write_command) for lcd_write_command
    lcd.o(i.LCD_WR_REG_DATA) refers to lcd.o(i.lcd_write_data) for lcd_write_data
    lcd.o(i.LCD_WriteRAM_Prepare) refers to lcd.o(i.lcd_write_command) for lcd_write_command
    lcd.o(i.LCD_WriteRAM_Prepare) refers to lcd.o(.bss) for .bss
    lcd.o(i.lcd_get_control) refers to lcd.o(i.lcd_write_command) for lcd_write_command
    lcd.o(i.lcd_init) refers to lcd.o(i.lcd_write_command) for lcd_write_command
    lcd.o(i.lcd_init) refers to lcd.o(i.lcd_write_data) for lcd_write_data
    lcd.o(i.lcd_init) refers to lcd.o(.bss) for .bss
    key.o(i.KEY_Init) refers to gpio.o(i.GPIOPadConfigSet) for GPIOPadConfigSet
    key.o(i.KEY_Init) refers to gpio.o(i.GPIODirModeSet) for GPIODirModeSet
    key.o(i.KEY_Test) refers to pcf8574.o(i.PCF8574_Single_WriteI2C) for PCF8574_Single_WriteI2C
    key.o(i.KEY_Test) refers to pcf8574.o(i.PCF8574_Single_ReadI2C) for PCF8574_Single_ReadI2C
    key.o(i.KEY_Test) refers to key.o(.data) for .data
    pcf8574.o(i.PCF8574_I2C_GPIO_Config) refers to pcf8574.o(i.PCF8574_I2C_Stop) for PCF8574_I2C_Stop
    pcf8574.o(i.PCF8574_I2C_SendByte) refers to pcf8574.o(i.PCF8574_I2C_RecvACK) for PCF8574_I2C_RecvACK
    pcf8574.o(i.PCF8574_Single_ReadI2C) refers to pcf8574.o(i.PCF8574_I2C_Start) for PCF8574_I2C_Start
    pcf8574.o(i.PCF8574_Single_ReadI2C) refers to pcf8574.o(i.PCF8574_I2C_SendByte) for PCF8574_I2C_SendByte
    pcf8574.o(i.PCF8574_Single_ReadI2C) refers to pcf8574.o(i.PCF8574_I2C_RecvByte) for PCF8574_I2C_RecvByte
    pcf8574.o(i.PCF8574_Single_ReadI2C) refers to pcf8574.o(i.PCF8574_I2C_SendACK) for PCF8574_I2C_SendACK
    pcf8574.o(i.PCF8574_Single_ReadI2C) refers to pcf8574.o(i.PCF8574_I2C_Stop) for PCF8574_I2C_Stop
    pcf8574.o(i.PCF8574_Single_WriteI2C) refers to pcf8574.o(i.PCF8574_I2C_Start) for PCF8574_I2C_Start
    pcf8574.o(i.PCF8574_Single_WriteI2C) refers to pcf8574.o(i.PCF8574_I2C_SendByte) for PCF8574_I2C_SendByte
    pcf8574.o(i.PCF8574_Single_WriteI2C) refers to pcf8574.o(i.PCF8574_I2C_Stop) for PCF8574_I2C_Stop
    main.o(i.Watchdog_Timer) refers to pcf8574.o(i.PCF8574_Single_WriteI2C) for PCF8574_Single_WriteI2C
    main.o(i.main) refers to fpu.o(i.FPUEnable) for FPUEnable
    main.o(i.main) refers to fpu.o(i.FPULazyStackingEnable) for FPULazyStackingEnable
    main.o(i.main) refers to sysctl.o(i.SysCtlClockSet) for SysCtlClockSet
    main.o(i.main) refers to uart.o(i.InitConsole) for InitConsole
    main.o(i.main) refers to pcf8574.o(i.PCF8574_I2C_GPIO_Config) for PCF8574_I2C_GPIO_Config
    main.o(i.main) refers to key.o(i.KEY_Init) for KEY_Init
    main.o(i.main) refers to lcd.o(i.lcd_init) for lcd_init
    main.o(i.main) refers to pcf8574.o(i.PCF8574_Single_WriteI2C) for PCF8574_Single_WriteI2C
    main.o(i.main) refers to sysctl.o(i.SysCtlPeripheralEnable) for SysCtlPeripheralEnable
    main.o(i.main) refers to gpio.o(i.GPIOPinTypeGPIOOutput) for GPIOPinTypeGPIOOutput
    main.o(i.main) refers to gpio.o(i.GPIOPadConfigSet) for GPIOPadConfigSet
    main.o(i.main) refers to gpio.o(i.GPIODirModeSet) for GPIODirModeSet
    main.o(i.main) refers to interrupt.o(i.IntPrioritySet) for IntPrioritySet
    main.o(i.main) refers to gpio.o(i.GPIOIntTypeSet) for GPIOIntTypeSet
    main.o(i.main) refers to gpio.o(i.GPIOPinIntEnable) for GPIOPinIntEnable
    main.o(i.main) refers to interrupt.o(i.IntEnable) for IntEnable
    main.o(i.main) refers to watchdog.o(i.WatchdogReloadSet) for WatchdogReloadSet
    main.o(i.main) refers to watchdog.o(i.WatchdogResetEnable) for WatchdogResetEnable
    main.o(i.main) refers to watchdog.o(i.WatchdogEnable) for WatchdogEnable
    main.o(i.main) refers to watchdog.o(i.WatchdogLock) for WatchdogLock
    main.o(i.main) refers to lcd.o(i.LCD_Clear) for LCD_Clear
    main.o(i.main) refers to lcd.o(i.LCD_DrawRectangle) for LCD_DrawRectangle
    main.o(i.main) refers to lcd.o(i.LCD_ShowString) for LCD_ShowString
    main.o(i.main) refers to gpio.o(i.GPIOPinWrite) for GPIOPinWrite
    uart.o(i.InitConsole) refers to sysctl.o(i.SysCtlPeripheralEnable) for SysCtlPeripheralEnable
    uart.o(i.InitConsole) refers to gpio.o(i.GPIOPinConfigure) for GPIOPinConfigure
    uart.o(i.InitConsole) refers to gpio.o(i.GPIOPinTypeUART) for GPIOPinTypeUART
    uart.o(i.InitConsole) refers to uartstdio.o(i.UARTStdioInit) for UARTStdioInit
    uart.o(i.RFID_Test) refers to uart.o(.data) for .data
    uart.o(i.RFID_Test) refers to uart.o(.bss) for .bss
    uart.o(i.UART2_Int_Config) refers to uart.o(i.UARTFIFOLevelSet) for UARTFIFOLevelSet
    uart.o(i.UART2_Int_Config) refers to uart.o(i.UARTIntRegister) for UARTIntRegister
    uart.o(i.UART2_Int_Config) refers to uart.o(i.UARTIntEnable) for UARTIntEnable
    uart.o(i.UART2_Int_Config) refers to uart.o(i.UART2_Int_Handler) for UART2_Int_Handler
    uart.o(i.UART2_Int_Handler) refers to interrupt.o(i.IntMasterDisable) for IntMasterDisable
    uart.o(i.UART2_Int_Handler) refers to uart.o(i.UARTIntStatus) for UARTIntStatus
    uart.o(i.UART2_Int_Handler) refers to uart.o(i.UARTIntClear) for UARTIntClear
    uart.o(i.UART2_Int_Handler) refers to uart.o(i.UARTCharGet) for UARTCharGet
    uart.o(i.UART2_Int_Handler) refers to uartstdio.o(i.UARTprintf) for UARTprintf
    uart.o(i.UART2_Int_Handler) refers to lcd.o(i.LCD_ShowString) for LCD_ShowString
    uart.o(i.UART2_Int_Handler) refers to interrupt.o(i.IntMasterEnable) for IntMasterEnable
    uart.o(i.UART2_Int_Handler) refers to uart.o(.bss) for .bss
    uart.o(i.UART2_Int_Handler) refers to uart.o(.data) for .data
    uartstdio.o(i.UARTStdioInit) refers to uartstdio.o(i.UARTStdioInitExpClk) for UARTStdioInitExpClk
    uartstdio.o(i.UARTStdioInitExpClk) refers to uartstdio.o(.constdata) for .constdata
    uartstdio.o(i.UARTStdioInitExpClk) refers to uartstdio.o(.data) for .data
    uartstdio.o(i.UARTgetc) refers to uartstdio.o(.data) for .data
    uartstdio.o(i.UARTgets) refers to uartstdio.o(i.UARTwrite) for UARTwrite
    uartstdio.o(i.UARTgets) refers to uartstdio.o(.data) for .data
    uartstdio.o(i.UARTprintf) refers to uartstdio.o(.data) for .data
    uartstdio.o(i.UARTprintf) refers to uartstdio.o(.constdata) for .constdata
    uartstdio.o(i.UARTwrite) refers to uartstdio.o(.data) for .data
    uartstdio.o(.constdata) refers to uartstdio.o(.conststring) for .conststring
    gpio.o(i.GPIOPinConfigure) refers to gpio.o(.constdata) for .constdata
    gpio.o(i.GPIOPinTypeADC) refers to gpio.o(i.GPIODirModeSet) for GPIODirModeSet
    gpio.o(i.GPIOPinTypeADC) refers to gpio.o(i.GPIOPadConfigSet) for GPIOPadConfigSet
    gpio.o(i.GPIOPinTypeCAN) refers to gpio.o(i.GPIODirModeSet) for GPIODirModeSet
    gpio.o(i.GPIOPinTypeCAN) refers to gpio.o(i.GPIOPadConfigSet) for GPIOPadConfigSet
    gpio.o(i.GPIOPinTypeComparator) refers to gpio.o(i.GPIODirModeSet) for GPIODirModeSet
    gpio.o(i.GPIOPinTypeComparator) refers to gpio.o(i.GPIOPadConfigSet) for GPIOPadConfigSet
    gpio.o(i.GPIOPinTypeEPI) refers to gpio.o(i.GPIODirModeSet) for GPIODirModeSet
    gpio.o(i.GPIOPinTypeEPI) refers to gpio.o(i.GPIOPadConfigSet) for GPIOPadConfigSet
    gpio.o(i.GPIOPinTypeEthernetLED) refers to gpio.o(i.GPIODirModeSet) for GPIODirModeSet
    gpio.o(i.GPIOPinTypeEthernetLED) refers to gpio.o(i.GPIOPadConfigSet) for GPIOPadConfigSet
    gpio.o(i.GPIOPinTypeEthernetMII) refers to gpio.o(i.GPIODirModeSet) for GPIODirModeSet
    gpio.o(i.GPIOPinTypeEthernetMII) refers to gpio.o(i.GPIOPadConfigSet) for GPIOPadConfigSet
    gpio.o(i.GPIOPinTypeFan) refers to gpio.o(i.GPIODirModeSet) for GPIODirModeSet
    gpio.o(i.GPIOPinTypeFan) refers to gpio.o(i.GPIOPadConfigSet) for GPIOPadConfigSet
    gpio.o(i.GPIOPinTypeGPIOInput) refers to gpio.o(i.GPIODirModeSet) for GPIODirModeSet
    gpio.o(i.GPIOPinTypeGPIOInput) refers to gpio.o(i.GPIOPadConfigSet) for GPIOPadConfigSet
    gpio.o(i.GPIOPinTypeGPIOOutput) refers to gpio.o(i.GPIOPadConfigSet) for GPIOPadConfigSet
    gpio.o(i.GPIOPinTypeGPIOOutput) refers to gpio.o(i.GPIODirModeSet) for GPIODirModeSet
    gpio.o(i.GPIOPinTypeGPIOOutputOD) refers to gpio.o(i.GPIOPadConfigSet) for GPIOPadConfigSet
    gpio.o(i.GPIOPinTypeGPIOOutputOD) refers to gpio.o(i.GPIODirModeSet) for GPIODirModeSet
    gpio.o(i.GPIOPinTypeI2C) refers to gpio.o(i.GPIODirModeSet) for GPIODirModeSet
    gpio.o(i.GPIOPinTypeI2C) refers to gpio.o(i.GPIOPadConfigSet) for GPIOPadConfigSet
    gpio.o(i.GPIOPinTypeI2CSCL) refers to gpio.o(i.GPIODirModeSet) for GPIODirModeSet
    gpio.o(i.GPIOPinTypeI2CSCL) refers to gpio.o(i.GPIOPadConfigSet) for GPIOPadConfigSet
    gpio.o(i.GPIOPinTypeI2S) refers to gpio.o(i.GPIODirModeSet) for GPIODirModeSet
    gpio.o(i.GPIOPinTypeI2S) refers to gpio.o(i.GPIOPadConfigSet) for GPIOPadConfigSet
    gpio.o(i.GPIOPinTypeLPC) refers to gpio.o(i.GPIODirModeSet) for GPIODirModeSet
    gpio.o(i.GPIOPinTypeLPC) refers to gpio.o(i.GPIOPadConfigSet) for GPIOPadConfigSet
    gpio.o(i.GPIOPinTypePECIRx) refers to gpio.o(i.GPIODirModeSet) for GPIODirModeSet
    gpio.o(i.GPIOPinTypePECIRx) refers to gpio.o(i.GPIOPadConfigSet) for GPIOPadConfigSet
    gpio.o(i.GPIOPinTypePECITx) refers to gpio.o(i.GPIODirModeSet) for GPIODirModeSet
    gpio.o(i.GPIOPinTypePECITx) refers to gpio.o(i.GPIOPadConfigSet) for GPIOPadConfigSet
    gpio.o(i.GPIOPinTypePWM) refers to gpio.o(i.GPIODirModeSet) for GPIODirModeSet
    gpio.o(i.GPIOPinTypePWM) refers to gpio.o(i.GPIOPadConfigSet) for GPIOPadConfigSet
    gpio.o(i.GPIOPinTypeQEI) refers to gpio.o(i.GPIODirModeSet) for GPIODirModeSet
    gpio.o(i.GPIOPinTypeQEI) refers to gpio.o(i.GPIOPadConfigSet) for GPIOPadConfigSet
    gpio.o(i.GPIOPinTypeSSI) refers to gpio.o(i.GPIODirModeSet) for GPIODirModeSet
    gpio.o(i.GPIOPinTypeSSI) refers to gpio.o(i.GPIOPadConfigSet) for GPIOPadConfigSet
    gpio.o(i.GPIOPinTypeTimer) refers to gpio.o(i.GPIODirModeSet) for GPIODirModeSet
    gpio.o(i.GPIOPinTypeTimer) refers to gpio.o(i.GPIOPadConfigSet) for GPIOPadConfigSet
    gpio.o(i.GPIOPinTypeUART) refers to gpio.o(i.GPIODirModeSet) for GPIODirModeSet
    gpio.o(i.GPIOPinTypeUART) refers to gpio.o(i.GPIOPadConfigSet) for GPIOPadConfigSet
    gpio.o(i.GPIOPinTypeUSBAnalog) refers to gpio.o(i.GPIODirModeSet) for GPIODirModeSet
    gpio.o(i.GPIOPinTypeUSBAnalog) refers to gpio.o(i.GPIOPadConfigSet) for GPIOPadConfigSet
    gpio.o(i.GPIOPinTypeUSBDigital) refers to gpio.o(i.GPIODirModeSet) for GPIODirModeSet
    gpio.o(i.GPIOPinTypeUSBDigital) refers to gpio.o(i.GPIOPadConfigSet) for GPIOPadConfigSet
    gpio.o(i.GPIOPortIntRegister) refers to gpio.o(i.GPIOGetIntNumber) for GPIOGetIntNumber
    gpio.o(i.GPIOPortIntRegister) refers to interrupt.o(i.IntRegister) for IntRegister
    gpio.o(i.GPIOPortIntRegister) refers to interrupt.o(i.IntEnable) for IntEnable
    gpio.o(i.GPIOPortIntUnregister) refers to gpio.o(i.GPIOGetIntNumber) for GPIOGetIntNumber
    gpio.o(i.GPIOPortIntUnregister) refers to interrupt.o(i.IntDisable) for IntDisable
    gpio.o(i.GPIOPortIntUnregister) refers to interrupt.o(i.IntUnregister) for IntUnregister
    interrupt.o(i.IntDisable) refers to interrupt.o(.constdata) for .constdata
    interrupt.o(i.IntEnable) refers to interrupt.o(.constdata) for .constdata
    interrupt.o(i.IntMasterDisable) refers to cpu.o(.emb_text) for CPUcpsid
    interrupt.o(i.IntMasterEnable) refers to cpu.o(.emb_text) for CPUcpsie
    interrupt.o(i.IntPendClear) refers to interrupt.o(.constdata) for .constdata
    interrupt.o(i.IntPendSet) refers to interrupt.o(.constdata) for .constdata
    interrupt.o(i.IntPriorityGet) refers to interrupt.o(.constdata) for .constdata
    interrupt.o(i.IntPriorityGroupingGet) refers to interrupt.o(.constdata) for .constdata
    interrupt.o(i.IntPriorityGroupingSet) refers to interrupt.o(.constdata) for .constdata
    interrupt.o(i.IntPriorityMaskGet) refers to cpu.o(.emb_text) for CPUbasepriGet
    interrupt.o(i.IntPriorityMaskSet) refers to cpu.o(.emb_text) for CPUbasepriSet
    interrupt.o(i.IntPrioritySet) refers to interrupt.o(.constdata) for .constdata
    interrupt.o(i.IntRegister) refers to interrupt.o(vtable) for vtable
    interrupt.o(i.IntUnregister) refers to interrupt.o(i.IntDefaultHandler) for IntDefaultHandler
    interrupt.o(i.IntUnregister) refers to interrupt.o(vtable) for vtable
    sysctl.o(i.SysCtlClockGet) refers to sysctl.o(.constdata) for .constdata
    sysctl.o(i.SysCtlClockSet) refers to sysctl.o(.emb_text) for SysCtlDelay
    sysctl.o(i.SysCtlDeepSleep) refers to cpu.o(.emb_text) for CPUwfi
    sysctl.o(i.SysCtlI2SMClkSet) refers to sysctl.o(.constdata) for .constdata
    sysctl.o(i.SysCtlIntRegister) refers to interrupt.o(i.IntRegister) for IntRegister
    sysctl.o(i.SysCtlIntRegister) refers to interrupt.o(i.IntEnable) for IntEnable
    sysctl.o(i.SysCtlIntUnregister) refers to interrupt.o(i.IntDisable) for IntDisable
    sysctl.o(i.SysCtlIntUnregister) refers to interrupt.o(i.IntUnregister) for IntUnregister
    sysctl.o(i.SysCtlPeripheralDeepSleepDisable) refers to sysctl.o(.constdata) for .constdata
    sysctl.o(i.SysCtlPeripheralDeepSleepEnable) refers to sysctl.o(.constdata) for .constdata
    sysctl.o(i.SysCtlPeripheralDisable) refers to sysctl.o(.constdata) for .constdata
    sysctl.o(i.SysCtlPeripheralEnable) refers to sysctl.o(.constdata) for .constdata
    sysctl.o(i.SysCtlPeripheralPowerOff) refers to sysctl.o(.constdata) for .constdata
    sysctl.o(i.SysCtlPeripheralPowerOn) refers to sysctl.o(.constdata) for .constdata
    sysctl.o(i.SysCtlPeripheralPresent) refers to sysctl.o(.constdata) for .constdata
    sysctl.o(i.SysCtlPeripheralReady) refers to sysctl.o(.constdata) for .constdata
    sysctl.o(i.SysCtlPeripheralReset) refers to sysctl.o(.constdata) for .constdata
    sysctl.o(i.SysCtlPeripheralSleepDisable) refers to sysctl.o(.constdata) for .constdata
    sysctl.o(i.SysCtlPeripheralSleepEnable) refers to sysctl.o(.constdata) for .constdata
    sysctl.o(i.SysCtlSleep) refers to cpu.o(.emb_text) for CPUwfi
    uart.o(i.UARTIntRegister) refers to interrupt.o(i.IntRegister) for IntRegister
    uart.o(i.UARTIntRegister) refers to interrupt.o(i.IntEnable) for IntEnable
    uart.o(i.UARTIntRegister) refers to uart.o(.constdata) for .constdata
    uart.o(i.UARTIntUnregister) refers to interrupt.o(i.IntDisable) for IntDisable
    uart.o(i.UARTIntUnregister) refers to interrupt.o(i.IntUnregister) for IntUnregister
    uart.o(i.UARTIntUnregister) refers to uart.o(.constdata) for .constdata
    watchdog.o(i.WatchdogIntRegister) refers to interrupt.o(i.IntRegister) for IntRegister
    watchdog.o(i.WatchdogIntRegister) refers to interrupt.o(i.IntEnable) for IntEnable
    watchdog.o(i.WatchdogIntUnregister) refers to interrupt.o(i.IntDisable) for IntDisable
    watchdog.o(i.WatchdogIntUnregister) refers to interrupt.o(i.IntUnregister) for IntUnregister
    entry.o(.ARM.Collect$$$$00000000) refers (Special) to entry10a.o(.ARM.Collect$$$$0000000D) for __rt_final_cpp
    entry.o(.ARM.Collect$$$$00000000) refers (Special) to entry11a.o(.ARM.Collect$$$$0000000F) for __rt_final_exit
    entry.o(.ARM.Collect$$$$00000000) refers (Special) to entry7b.o(.ARM.Collect$$$$00000008) for _main_clock
    entry.o(.ARM.Collect$$$$00000000) refers (Special) to entry8b.o(.ARM.Collect$$$$0000000A) for _main_cpp_init
    entry.o(.ARM.Collect$$$$00000000) refers (Special) to entry9a.o(.ARM.Collect$$$$0000000B) for _main_init
    entry.o(.ARM.Collect$$$$00000000) refers (Special) to entry5.o(.ARM.Collect$$$$00000004) for _main_scatterload
    entry.o(.ARM.Collect$$$$00000000) refers (Special) to entry2.o(.ARM.Collect$$$$00000001) for _main_stk
    entry2.o(.ARM.Collect$$$$00000001) refers to entry2.o(.ARM.Collect$$$$00002712) for __lit__00000000
    entry2.o(.ARM.Collect$$$$00002712) refers to startup_rvmdk.o(STACK) for __initial_sp
    entry2.o(__vectab_stack_and_reset_area) refers to startup_rvmdk.o(STACK) for __initial_sp
    entry2.o(__vectab_stack_and_reset_area) refers to entry.o(.ARM.Collect$$$$00000000) for __main
    entry5.o(.ARM.Collect$$$$00000004) refers to init.o(.text) for __scatterload
    entry9a.o(.ARM.Collect$$$$0000000B) refers to main.o(i.main) for main
    entry9b.o(.ARM.Collect$$$$0000000C) refers to main.o(i.main) for main
    init.o(.text) refers to entry5.o(.ARM.Collect$$$$00000004) for __main_after_scatterload


==============================================================================

Removing Unused input sections from the image.

    Removing startup_rvmdk.o(HEAP), (0 bytes).
    Removing startup_rvmdk.o(.text), (0 bytes).
    Removing lcd.o(i.Address_set1121), (76 bytes).
    Removing lcd.o(i.LCD_DrawPoint), (28 bytes).
    Removing lcd.o(i.LCD_SetCursor), (628 bytes).
    Removing lcd.o(i.LCD_WR_REG_DATA), (18 bytes).
    Removing lcd.o(i.LCD_WriteRAM_Prepare), (12 bytes).
    Removing lcd.o(i.lcd_backlight_off), (20 bytes).
    Removing lcd.o(i.lcd_backlight_on), (20 bytes).
    Removing lcd.o(i.lcd_get_control), (120 bytes).
    Removing lcd.o(.constdata), (1140 bytes).
    Removing lcd.o(.data), (1 bytes).
    Removing key.o(i.Delay5ms), (10 bytes).
    Removing key.o(i.KEY_Test), (148 bytes).
    Removing key.o(.data), (2 bytes).
    Removing pcf8574.o(i.PCF8574_I2C_RecvByte), (148 bytes).
    Removing pcf8574.o(i.PCF8574_I2C_SendACK), (88 bytes).
    Removing pcf8574.o(i.PCF8574_I2C_delay), (14 bytes).
    Removing pcf8574.o(i.PCF8574_Single_ReadI2C), (40 bytes).
    Removing pcf8574.o(i.PCF8574_delay50us), (10 bytes).
    Removing pcf8574.o(i.PCF8574_delay5ms), (10 bytes).
    Removing pcf8574.o(i.PCF8574_i2c_SDA_input), (36 bytes).
    Removing pcf8574.o(i.PCF8574_i2c_SDA_output), (36 bytes).
    Removing main.o(i.delay), (6 bytes).
    Removing uart.o(i.RFID_Test), (44 bytes).
    Removing uart.o(i.UART2_Int_Config), (52 bytes).
    Removing uart.o(.bss), (10 bytes).
    Removing uart.o(.data), (1 bytes).
    Removing uartstdio.o(i.UARTgetc), (24 bytes).
    Removing uartstdio.o(i.UARTgets), (188 bytes).
    Removing uartstdio.o(i.UARTwrite), (72 bytes).
    Removing fpu.o(i.FPUDisable), (16 bytes).
    Removing fpu.o(i.FPUFlushToZeroModeSet), (20 bytes).
    Removing fpu.o(i.FPUHalfPrecisionModeSet), (20 bytes).
    Removing fpu.o(i.FPUNaNModeSet), (20 bytes).
    Removing fpu.o(i.FPURoundingModeSet), (20 bytes).
    Removing fpu.o(i.FPUStackingDisable), (16 bytes).
    Removing fpu.o(i.FPUStackingEnable), (20 bytes).
    Removing gpio.o(i.GPIOADCTriggerDisable), (14 bytes).
    Removing gpio.o(i.GPIOADCTriggerEnable), (14 bytes).
    Removing gpio.o(i.GPIODMATriggerDisable), (14 bytes).
    Removing gpio.o(i.GPIODMATriggerEnable), (14 bytes).
    Removing gpio.o(i.GPIODirModeGet), (34 bytes).
    Removing gpio.o(i.GPIOGetIntNumber), (212 bytes).
    Removing gpio.o(i.GPIOIntTypeGet), (48 bytes).
    Removing gpio.o(i.GPIOPadConfigGet), (138 bytes).
    Removing gpio.o(i.GPIOPinIntClear), (6 bytes).
    Removing gpio.o(i.GPIOPinIntDisable), (14 bytes).
    Removing gpio.o(i.GPIOPinIntStatus), (14 bytes).
    Removing gpio.o(i.GPIOPinRead), (6 bytes).
    Removing gpio.o(i.GPIOPinTypeADC), (28 bytes).
    Removing gpio.o(i.GPIOPinTypeCAN), (28 bytes).
    Removing gpio.o(i.GPIOPinTypeComparator), (28 bytes).
    Removing gpio.o(i.GPIOPinTypeEPI), (28 bytes).
    Removing gpio.o(i.GPIOPinTypeEthernetLED), (28 bytes).
    Removing gpio.o(i.GPIOPinTypeEthernetMII), (28 bytes).
    Removing gpio.o(i.GPIOPinTypeFan), (28 bytes).
    Removing gpio.o(i.GPIOPinTypeGPIOInput), (28 bytes).
    Removing gpio.o(i.GPIOPinTypeGPIOOutputOD), (28 bytes).
    Removing gpio.o(i.GPIOPinTypeI2C), (28 bytes).
    Removing gpio.o(i.GPIOPinTypeI2CSCL), (72 bytes).
    Removing gpio.o(i.GPIOPinTypeI2S), (28 bytes).
    Removing gpio.o(i.GPIOPinTypeLPC), (28 bytes).
    Removing gpio.o(i.GPIOPinTypePECIRx), (28 bytes).
    Removing gpio.o(i.GPIOPinTypePECITx), (28 bytes).
    Removing gpio.o(i.GPIOPinTypePWM), (28 bytes).
    Removing gpio.o(i.GPIOPinTypeQEI), (28 bytes).
    Removing gpio.o(i.GPIOPinTypeSSI), (28 bytes).
    Removing gpio.o(i.GPIOPinTypeTimer), (28 bytes).
    Removing gpio.o(i.GPIOPinTypeUSBAnalog), (28 bytes).
    Removing gpio.o(i.GPIOPinTypeUSBDigital), (28 bytes).
    Removing gpio.o(i.GPIOPortIntRegister), (26 bytes).
    Removing gpio.o(i.GPIOPortIntUnregister), (22 bytes).
    Removing interrupt.o(i.IntDefaultHandler), (2 bytes).
    Removing interrupt.o(i.IntDisable), (100 bytes).
    Removing interrupt.o(i.IntPendClear), (68 bytes).
    Removing interrupt.o(i.IntPendSet), (84 bytes).
    Removing interrupt.o(i.IntPriorityGet), (28 bytes).
    Removing interrupt.o(i.IntPriorityGroupingGet), (40 bytes).
    Removing interrupt.o(i.IntPriorityGroupingSet), (28 bytes).
    Removing interrupt.o(i.IntPriorityMaskGet), (4 bytes).
    Removing interrupt.o(i.IntPriorityMaskSet), (4 bytes).
    Removing interrupt.o(i.IntRegister), (52 bytes).
    Removing interrupt.o(i.IntUnregister), (20 bytes).
    Removing interrupt.o(vtable), (620 bytes).
    Removing sysctl.o(i.SysCtlADCSpeedGet), (16 bytes).
    Removing sysctl.o(i.SysCtlADCSpeedSet), (32 bytes).
    Removing sysctl.o(i.SysCtlBrownOutConfigSet), (16 bytes).
    Removing sysctl.o(i.SysCtlClkVerificationClear), (20 bytes).
    Removing sysctl.o(i.SysCtlClockGet), (560 bytes).
    Removing sysctl.o(i.SysCtlDeepSleep), (32 bytes).
    Removing sysctl.o(i.SysCtlDeepSleepClockSet), (12 bytes).
    Removing sysctl.o(i.SysCtlFlashSizeGet), (20 bytes).
    Removing sysctl.o(i.SysCtlGPIOAHBDisable), (20 bytes).
    Removing sysctl.o(i.SysCtlGPIOAHBEnable), (16 bytes).
    Removing sysctl.o(i.SysCtlI2SMClkSet), (216 bytes).
    Removing sysctl.o(i.SysCtlIOSCVerificationSet), (24 bytes).
    Removing sysctl.o(i.SysCtlIntClear), (12 bytes).
    Removing sysctl.o(i.SysCtlIntDisable), (16 bytes).
    Removing sysctl.o(i.SysCtlIntEnable), (16 bytes).
    Removing sysctl.o(i.SysCtlIntRegister), (20 bytes).
    Removing sysctl.o(i.SysCtlIntStatus), (16 bytes).
    Removing sysctl.o(i.SysCtlIntUnregister), (18 bytes).
    Removing sysctl.o(i.SysCtlLDOConfigSet), (12 bytes).
    Removing sysctl.o(i.SysCtlLDOGet), (12 bytes).
    Removing sysctl.o(i.SysCtlLDOSet), (12 bytes).
    Removing sysctl.o(i.SysCtlMOSCConfigSet), (12 bytes).
    Removing sysctl.o(i.SysCtlMOSCVerificationSet), (24 bytes).
    Removing sysctl.o(i.SysCtlPIOSCCalibrate), (76 bytes).
    Removing sysctl.o(i.SysCtlPLLVerificationSet), (24 bytes).
    Removing sysctl.o(i.SysCtlPWMClockGet), (24 bytes).
    Removing sysctl.o(i.SysCtlPWMClockSet), (20 bytes).
    Removing sysctl.o(i.SysCtlPeripheralClockGating), (24 bytes).
    Removing sysctl.o(i.SysCtlPeripheralDeepSleepDisable), (80 bytes).
    Removing sysctl.o(i.SysCtlPeripheralDeepSleepEnable), (80 bytes).
    Removing sysctl.o(i.SysCtlPeripheralDisable), (80 bytes).
    Removing sysctl.o(i.SysCtlPeripheralPowerOff), (72 bytes).
    Removing sysctl.o(i.SysCtlPeripheralPowerOn), (72 bytes).
    Removing sysctl.o(i.SysCtlPeripheralPresent), (112 bytes).
    Removing sysctl.o(i.SysCtlPeripheralReady), (72 bytes).
    Removing sysctl.o(i.SysCtlPeripheralReset), (120 bytes).
    Removing sysctl.o(i.SysCtlPeripheralSleepDisable), (80 bytes).
    Removing sysctl.o(i.SysCtlPeripheralSleepEnable), (80 bytes).
    Removing sysctl.o(i.SysCtlPinPresent), (16 bytes).
    Removing sysctl.o(i.SysCtlReset), (16 bytes).
    Removing sysctl.o(i.SysCtlResetCauseClear), (16 bytes).
    Removing sysctl.o(i.SysCtlResetCauseGet), (12 bytes).
    Removing sysctl.o(i.SysCtlSRAMSizeGet), (20 bytes).
    Removing sysctl.o(i.SysCtlSleep), (4 bytes).
    Removing sysctl.o(i.SysCtlUSBPLLDisable), (16 bytes).
    Removing sysctl.o(i.SysCtlUSBPLLEnable), (16 bytes).
    Removing uart.o(i.UART9BitAddrSend), (34 bytes).
    Removing uart.o(i.UART9BitAddrSet), (10 bytes).
    Removing uart.o(i.UART9BitDisable), (14 bytes).
    Removing uart.o(i.UART9BitEnable), (14 bytes).
    Removing uart.o(i.UARTBreakCtl), (18 bytes).
    Removing uart.o(i.UARTBusy), (8 bytes).
    Removing uart.o(i.UARTCharGetNonBlocking), (16 bytes).
    Removing uart.o(i.UARTCharPut), (12 bytes).
    Removing uart.o(i.UARTCharPutNonBlocking), (16 bytes).
    Removing uart.o(i.UARTCharsAvail), (10 bytes).
    Removing uart.o(i.UARTClockSourceGet), (6 bytes).
    Removing uart.o(i.UARTClockSourceSet), (6 bytes).
    Removing uart.o(i.UARTConfigGetExpClk), (46 bytes).
    Removing uart.o(i.UARTConfigSetExpClk), (110 bytes).
    Removing uart.o(i.UARTDMADisable), (10 bytes).
    Removing uart.o(i.UARTDMAEnable), (8 bytes).
    Removing uart.o(i.UARTDisable), (30 bytes).
    Removing uart.o(i.UARTDisableSIR), (10 bytes).
    Removing uart.o(i.UARTEnable), (20 bytes).
    Removing uart.o(i.UARTEnableSIR), (18 bytes).
    Removing uart.o(i.UARTFIFODisable), (10 bytes).
    Removing uart.o(i.UARTFIFOEnable), (10 bytes).
    Removing uart.o(i.UARTFIFOLevelGet), (16 bytes).
    Removing uart.o(i.UARTFIFOLevelSet), (6 bytes).
    Removing uart.o(i.UARTFlowControlGet), (8 bytes).
    Removing uart.o(i.UARTFlowControlSet), (12 bytes).
    Removing uart.o(i.UARTIntDisable), (10 bytes).
    Removing uart.o(i.UARTIntEnable), (8 bytes).
    Removing uart.o(i.UARTIntRegister), (52 bytes).
    Removing uart.o(i.UARTIntUnregister), (52 bytes).
    Removing uart.o(i.UARTModemControlClear), (14 bytes).
    Removing uart.o(i.UARTModemControlGet), (8 bytes).
    Removing uart.o(i.UARTModemControlSet), (12 bytes).
    Removing uart.o(i.UARTModemStatusGet), (10 bytes).
    Removing uart.o(i.UARTParityModeGet), (8 bytes).
    Removing uart.o(i.UARTParityModeSet), (12 bytes).
    Removing uart.o(i.UARTRxErrorClear), (6 bytes).
    Removing uart.o(i.UARTRxErrorGet), (8 bytes).
    Removing uart.o(i.UARTSmartCardDisable), (10 bytes).
    Removing uart.o(i.UARTSmartCardEnable), (22 bytes).
    Removing uart.o(i.UARTSpaceAvail), (10 bytes).
    Removing uart.o(i.UARTTxIntModeGet), (8 bytes).
    Removing uart.o(i.UARTTxIntModeSet), (12 bytes).
    Removing uart.o(.constdata), (64 bytes).
    Removing watchdog.o(i.WatchdogIntClear), (6 bytes).
    Removing watchdog.o(i.WatchdogIntEnable), (10 bytes).
    Removing watchdog.o(i.WatchdogIntRegister), (18 bytes).
    Removing watchdog.o(i.WatchdogIntStatus), (10 bytes).
    Removing watchdog.o(i.WatchdogIntTypeSet), (12 bytes).
    Removing watchdog.o(i.WatchdogIntUnregister), (18 bytes).
    Removing watchdog.o(i.WatchdogLockState), (12 bytes).
    Removing watchdog.o(i.WatchdogReloadGet), (4 bytes).
    Removing watchdog.o(i.WatchdogResetDisable), (10 bytes).
    Removing watchdog.o(i.WatchdogRunning), (8 bytes).
    Removing watchdog.o(i.WatchdogStallDisable), (16 bytes).
    Removing watchdog.o(i.WatchdogStallEnable), (16 bytes).
    Removing watchdog.o(i.WatchdogUnlock), (12 bytes).
    Removing watchdog.o(i.WatchdogValueGet), (4 bytes).

189 unused section(s) (total 8638 bytes) removed from the image.

==============================================================================

Image Symbol Table

    Local Symbols

    Symbol Name                              Value     Ov Type        Size  Object(Section)

    RESET                                    0x00000000   Section      632  startup_rvmdk.o(RESET)
    ../clib/../cmprslib/zerorunl2.c          0x00000000   Number         0  __dczerorl2.o ABSOLUTE
    ../clib/microlib/init/entry.s            0x00000000   Number         0  entry10b.o ABSOLUTE
    ../clib/microlib/init/entry.s            0x00000000   Number         0  entry10a.o ABSOLUTE
    ../clib/microlib/init/entry.s            0x00000000   Number         0  entry9b.o ABSOLUTE
    ../clib/microlib/init/entry.s            0x00000000   Number         0  entry8b.o ABSOLUTE
    ../clib/microlib/init/entry.s            0x00000000   Number         0  entry8a.o ABSOLUTE
    ../clib/microlib/init/entry.s            0x00000000   Number         0  entry7b.o ABSOLUTE
    ../clib/microlib/init/entry.s            0x00000000   Number         0  entry7a.o ABSOLUTE
    ../clib/microlib/init/entry.s            0x00000000   Number         0  entry5.o ABSOLUTE
    ../clib/microlib/init/entry.s            0x00000000   Number         0  entry2.o ABSOLUTE
    ../clib/microlib/init/entry.s            0x00000000   Number         0  entry.o ABSOLUTE
    ../clib/microlib/init/entry.s            0x00000000   Number         0  entry9a.o ABSOLUTE
    ../clib/microlib/init/entry.s            0x00000000   Number         0  entry11b.o ABSOLUTE
    ../clib/microlib/init/entry.s            0x00000000   Number         0  entry11a.o ABSOLUTE
    ..\..\utils\uartstdio.c                  0x00000000   Number         0  uartstdio.o ABSOLUTE
    HARDWARE\PCF8574.c                       0x00000000   Number         0  pcf8574.o ABSOLUTE
    HARDWARE\key.c                           0x00000000   Number         0  key.o ABSOLUTE
    HARDWARE\lcd.c                           0x00000000   Number         0  lcd.o ABSOLUTE
    HARDWARE\uart.c                          0x00000000   Number         0  uart.o ABSOLUTE
    cpu.c                                    0x00000000   Number         0  cpu.o ABSOLUTE
    cpu.c                                    0x00000000   Number         0  cpu.o ABSOLUTE
    dc.s                                     0x00000000   Number         0  dc.o ABSOLUTE
    fpu.c                                    0x00000000   Number         0  fpu.o ABSOLUTE
    gpio.c                                   0x00000000   Number         0  gpio.o ABSOLUTE
    handlers.s                               0x00000000   Number         0  handlers.o ABSOLUTE
    init.s                                   0x00000000   Number         0  init.o ABSOLUTE
    interrupt.c                              0x00000000   Number         0  interrupt.o ABSOLUTE
    main.c                                   0x00000000   Number         0  main.o ABSOLUTE
    startup_rvmdk.S                          0x00000000   Number         0  startup_rvmdk.o ABSOLUTE
    sysctl.c                                 0x00000000   Number         0  sysctl.o ABSOLUTE
    sysctl.c                                 0x00000000   Number         0  sysctl.o ABSOLUTE
    uart.c                                   0x00000000   Number         0  uart.o ABSOLUTE
    watchdog.c                               0x00000000   Number         0  watchdog.o ABSOLUTE
    $v0                                      0x0000026c   Number         0  startup_rvmdk.o(RESET)
    NmiSR                                    0x00000271   Thumb Code     0  startup_rvmdk.o(RESET)
    FaultISR                                 0x00000273   Thumb Code     0  startup_rvmdk.o(RESET)
    IntDefaultHandler                        0x00000275   Thumb Code     0  startup_rvmdk.o(RESET)
    .ARM.Collect$$$$00000000                 0x00000278   Section        0  entry.o(.ARM.Collect$$$$00000000)
    .ARM.Collect$$$$00000001                 0x00000278   Section        4  entry2.o(.ARM.Collect$$$$00000001)
    .ARM.Collect$$$$00000004                 0x0000027c   Section        4  entry5.o(.ARM.Collect$$$$00000004)
    .ARM.Collect$$$$00000008                 0x00000280   Section        0  entry7b.o(.ARM.Collect$$$$00000008)
    .ARM.Collect$$$$0000000A                 0x00000280   Section        0  entry8b.o(.ARM.Collect$$$$0000000A)
    .ARM.Collect$$$$0000000B                 0x00000280   Section        8  entry9a.o(.ARM.Collect$$$$0000000B)
    .ARM.Collect$$$$0000000D                 0x00000288   Section        0  entry10a.o(.ARM.Collect$$$$0000000D)
    .ARM.Collect$$$$0000000F                 0x00000288   Section        0  entry11a.o(.ARM.Collect$$$$0000000F)
    .ARM.Collect$$$$00002712                 0x00000288   Section        4  entry2.o(.ARM.Collect$$$$00002712)
    __lit__00000000                          0x00000288   Data           4  entry2.o(.ARM.Collect$$$$00002712)
    .emb_text                                0x0000028c   Section        6  sysctl.o(.emb_text)
    $v0                                      0x0000028c   Number         0  sysctl.o(.emb_text)
    .emb_text                                0x00000294   Section       38  cpu.o(.emb_text)
    $v0                                      0x00000294   Number         0  cpu.o(.emb_text)
    .text                                    0x000002bc   Section       36  init.o(.text)
    .text                                    0x000002e0   Section        0  __dczerorl2.o(.text)
    i.Address_set                            0x0000033c   Section        0  lcd.o(i.Address_set)
    i.FPUEnable                              0x00000394   Section        0  fpu.o(i.FPUEnable)
    i.FPULazyStackingEnable                  0x000003a4   Section        0  fpu.o(i.FPULazyStackingEnable)
    i.GPIODirModeSet                         0x000003b4   Section        0  gpio.o(i.GPIODirModeSet)
    i.GPIOIntTypeSet                         0x000003dc   Section        0  gpio.o(i.GPIOIntTypeSet)
    i.GPIOPadConfigSet                       0x00000416   Section        0  gpio.o(i.GPIOPadConfigSet)
    i.GPIOPinConfigure                       0x000004c8   Section        0  gpio.o(i.GPIOPinConfigure)
    i.GPIOPinIntEnable                       0x00000510   Section        0  gpio.o(i.GPIOPinIntEnable)
    i.GPIOPinTypeGPIOOutput                  0x0000051e   Section        0  gpio.o(i.GPIOPinTypeGPIOOutput)
    i.GPIOPinTypeUART                        0x0000053a   Section        0  gpio.o(i.GPIOPinTypeUART)
    i.GPIOPinWrite                           0x00000556   Section        0  gpio.o(i.GPIOPinWrite)
    i.InitConsole                            0x0000055c   Section        0  uart.o(i.InitConsole)
    i.IntEnable                              0x000005d8   Section        0  interrupt.o(i.IntEnable)
    i.IntMasterDisable                       0x0000063c   Section        0  interrupt.o(i.IntMasterDisable)
    i.IntMasterEnable                        0x00000646   Section        0  interrupt.o(i.IntMasterEnable)
    i.IntPrioritySet                         0x00000650   Section        0  interrupt.o(i.IntPrioritySet)
    i.KEY_Init                               0x00000678   Section        0  key.o(i.KEY_Init)
    i.LCD_Clear                              0x000006ac   Section        0  lcd.o(i.LCD_Clear)
    i.LCD_DrawLine                           0x0000070c   Section        0  lcd.o(i.LCD_DrawLine)
    i.LCD_DrawRectangle                      0x000007b4   Section        0  lcd.o(i.LCD_DrawRectangle)
    i.LCD_ShowChar                           0x000007f4   Section        0  lcd.o(i.LCD_ShowChar)
    i.LCD_ShowString                         0x000008c8   Section        0  lcd.o(i.LCD_ShowString)
    i.PCF8574_I2C_GPIO_Config                0x000008f4   Section        0  pcf8574.o(i.PCF8574_I2C_GPIO_Config)
    i.PCF8574_I2C_RecvACK                    0x00000928   Section        0  pcf8574.o(i.PCF8574_I2C_RecvACK)
    i.PCF8574_I2C_SendByte                   0x000009b8   Section        0  pcf8574.o(i.PCF8574_I2C_SendByte)
    i.PCF8574_I2C_Start                      0x00000a2c   Section        0  pcf8574.o(i.PCF8574_I2C_Start)
    i.PCF8574_I2C_Stop                       0x00000a90   Section        0  pcf8574.o(i.PCF8574_I2C_Stop)
    i.PCF8574_Single_WriteI2C                0x00000af4   Section        0  pcf8574.o(i.PCF8574_Single_WriteI2C)
    i.SysCtlClockSet                         0x00000b14   Section        0  sysctl.o(i.SysCtlClockSet)
    i.SysCtlPeripheralEnable                 0x00000c80   Section        0  sysctl.o(i.SysCtlPeripheralEnable)
    i.UART2_Int_Handler                      0x00000cd0   Section        0  uart.o(i.UART2_Int_Handler)
    i.UARTCharGet                            0x00000dbc   Section        0  uart.o(i.UARTCharGet)
    i.UARTIntClear                           0x00000dc8   Section        0  uart.o(i.UARTIntClear)
    i.UARTIntStatus                          0x00000dcc   Section        0  uart.o(i.UARTIntStatus)
    i.UARTStdioInit                          0x00000dd6   Section        0  uartstdio.o(i.UARTStdioInit)
    i.UARTStdioInitExpClk                    0x00000ddc   Section        0  uartstdio.o(i.UARTStdioInitExpClk)
    i.UARTprintf                             0x00000e40   Section        0  uartstdio.o(i.UARTprintf)
    i.WatchdogEnable                         0x00001164   Section        0  watchdog.o(i.WatchdogEnable)
    i.WatchdogLock                           0x0000116e   Section        0  watchdog.o(i.WatchdogLock)
    i.WatchdogReloadSet                      0x00001176   Section        0  watchdog.o(i.WatchdogReloadSet)
    i.WatchdogResetEnable                    0x0000117a   Section        0  watchdog.o(i.WatchdogResetEnable)
    i.Watchdog_Timer                         0x00001184   Section        0  main.o(i.Watchdog_Timer)
    i.__scatterload_copy                     0x000011a8   Section       14  handlers.o(i.__scatterload_copy)
    i.__scatterload_null                     0x000011b6   Section        2  handlers.o(i.__scatterload_null)
    i.__scatterload_zeroinit                 0x000011b8   Section       14  handlers.o(i.__scatterload_zeroinit)
    i.lcd_init                               0x000011c8   Section        0  lcd.o(i.lcd_init)
    i.lcd_write_command                      0x00001524   Section        0  lcd.o(i.lcd_write_command)
    i.lcd_write_data                         0x00001548   Section        0  lcd.o(i.lcd_write_data)
    i.main                                   0x00001570   Section        0  main.o(i.main)
    .constdata                               0x000016e4   Section       68  uartstdio.o(.constdata)
    g_pcHex                                  0x000016e4   Data           4  uartstdio.o(.constdata)
    g_ulUARTBase                             0x000016e8   Data          32  uartstdio.o(.constdata)
    g_ulUARTPeriph                           0x00001708   Data          32  uartstdio.o(.constdata)
    .constdata                               0x00001728   Section      120  gpio.o(.constdata)
    g_pulGPIOBaseAddrs                       0x00001728   Data         120  gpio.o(.constdata)
    .constdata                               0x000017a0   Section      260  interrupt.o(.constdata)
    g_pulPriority                            0x000017a0   Data          32  interrupt.o(.constdata)
    g_pulRegs                                0x000017c0   Data         148  interrupt.o(.constdata)
    g_pulEnRegs                              0x00001854   Data          20  interrupt.o(.constdata)
    g_pulDisRegs                             0x00001868   Data          20  interrupt.o(.constdata)
    g_pulPendRegs                            0x0000187c   Data          20  interrupt.o(.constdata)
    g_pulUnpendRegs                          0x00001890   Data          20  interrupt.o(.constdata)
    .constdata                               0x000018a4   Section      452  sysctl.o(.constdata)
    g_pulDCRegs                              0x000018a4   Data          16  sysctl.o(.constdata)
    g_pulSRCRRegs                            0x000018b4   Data          12  sysctl.o(.constdata)
    g_pulRCGCRegs                            0x000018c0   Data          12  sysctl.o(.constdata)
    g_pulSCGCRegs                            0x000018cc   Data          12  sysctl.o(.constdata)
    g_pulDCGCRegs                            0x000018d8   Data          12  sysctl.o(.constdata)
    g_pulXtals                               0x000018e4   Data         108  sysctl.o(.constdata)
    g_ppulPeripheralMap                      0x00001950   Data         280  sysctl.o(.constdata)
    .conststring                             0x00001a68   Section       17  uartstdio.o(.conststring)
    .data                                    0x20000000   Section     1528  lcd.o(.data)
    .data                                    0x200005f8   Section        2  uart.o(.data)
    BufferCount                              0x200005f9   Data           1  uart.o(.data)
    .data                                    0x200005fc   Section        8  uartstdio.o(.data)
    bLastWasCR                               0x200005fc   Data           1  uartstdio.o(.data)
    g_ulBase                                 0x20000600   Data           4  uartstdio.o(.data)
    .bss                                     0x20000604   Section       20  lcd.o(.bss)
    .bss                                     0x20000618   Section       50  uart.o(.bss)
    STACK                                    0x20000650   Section      512  startup_rvmdk.o(STACK)
    StackMem                                 0x20000650   Data           0  startup_rvmdk.o(STACK)

    Global Symbols

    Symbol Name                              Value     Ov Type        Size  Object(Section)

    BuildAttributes$$THM_ISAv4$E$P$D$K$B$S$7EM$VFPi3$EXTD16$VFPS$VFMA$PE$A:L22UL41UL21$X:L11$S22US41US21$IEEE1$IW$USESV6$~STKCKD$USESV7$~SHL$OTIME$EBA8$MICROLIB$REQ8$PRES8$EABIv2 0x00000000   Number         0  anon$$obj.o ABSOLUTE
    __ARM_use_no_argv                        0x00000000   Number         0  main.o ABSOLUTE
    __Vectors                                0x00000000   Data           0  startup_rvmdk.o(RESET)
    __cpp_initialize__aeabi_                  - Undefined Weak Reference
    __cxa_finalize                            - Undefined Weak Reference
    _clock_init                               - Undefined Weak Reference
    _microlib_exit                            - Undefined Weak Reference
    Reset_Handler                            0x0000026d   Thumb Code     0  startup_rvmdk.o(RESET)
    __main                                   0x00000279   Thumb Code     0  entry.o(.ARM.Collect$$$$00000000)
    _main_stk                                0x00000279   Thumb Code     0  entry2.o(.ARM.Collect$$$$00000001)
    _main_scatterload                        0x0000027d   Thumb Code     0  entry5.o(.ARM.Collect$$$$00000004)
    __main_after_scatterload                 0x00000281   Thumb Code     0  entry5.o(.ARM.Collect$$$$00000004)
    _main_clock                              0x00000281   Thumb Code     0  entry7b.o(.ARM.Collect$$$$00000008)
    _main_cpp_init                           0x00000281   Thumb Code     0  entry8b.o(.ARM.Collect$$$$0000000A)
    _main_init                               0x00000281   Thumb Code     0  entry9a.o(.ARM.Collect$$$$0000000B)
    __rt_final_cpp                           0x00000289   Thumb Code     0  entry10a.o(.ARM.Collect$$$$0000000D)
    __rt_final_exit                          0x00000289   Thumb Code     0  entry11a.o(.ARM.Collect$$$$0000000F)
    SysCtlDelay                              0x0000028d   Thumb Code     6  sysctl.o(.emb_text)
    CPUcpsid                                 0x00000295   Thumb Code     8  cpu.o(.emb_text)
    CPUprimask                               0x0000029d   Thumb Code     6  cpu.o(.emb_text)
    CPUcpsie                                 0x000002a3   Thumb Code     8  cpu.o(.emb_text)
    CPUwfi                                   0x000002ab   Thumb Code     4  cpu.o(.emb_text)
    CPUbasepriSet                            0x000002af   Thumb Code     6  cpu.o(.emb_text)
    CPUbasepriGet                            0x000002b5   Thumb Code     6  cpu.o(.emb_text)
    __scatterload                            0x000002bd   Thumb Code    28  init.o(.text)
    __scatterload_rt2                        0x000002bd   Thumb Code     0  init.o(.text)
    __decompress                             0x000002e1   Thumb Code     0  __dczerorl2.o(.text)
    __decompress1                            0x000002e1   Thumb Code    92  __dczerorl2.o(.text)
    Address_set                              0x0000033d   Thumb Code    88  lcd.o(i.Address_set)
    FPUEnable                                0x00000395   Thumb Code    12  fpu.o(i.FPUEnable)
    FPULazyStackingEnable                    0x000003a5   Thumb Code    12  fpu.o(i.FPULazyStackingEnable)
    GPIODirModeSet                           0x000003b5   Thumb Code    40  gpio.o(i.GPIODirModeSet)
    GPIOIntTypeSet                           0x000003dd   Thumb Code    58  gpio.o(i.GPIOIntTypeSet)
    GPIOPadConfigSet                         0x00000417   Thumb Code   176  gpio.o(i.GPIOPadConfigSet)
    GPIOPinConfigure                         0x000004c9   Thumb Code    64  gpio.o(i.GPIOPinConfigure)
    GPIOPinIntEnable                         0x00000511   Thumb Code    14  gpio.o(i.GPIOPinIntEnable)
    GPIOPinTypeGPIOOutput                    0x0000051f   Thumb Code    28  gpio.o(i.GPIOPinTypeGPIOOutput)
    GPIOPinTypeUART                          0x0000053b   Thumb Code    28  gpio.o(i.GPIOPinTypeUART)
    GPIOPinWrite                             0x00000557   Thumb Code     6  gpio.o(i.GPIOPinWrite)
    InitConsole                              0x0000055d   Thumb Code    92  uart.o(i.InitConsole)
    IntEnable                                0x000005d9   Thumb Code    92  interrupt.o(i.IntEnable)
    IntMasterDisable                         0x0000063d   Thumb Code    10  interrupt.o(i.IntMasterDisable)
    IntMasterEnable                          0x00000647   Thumb Code    10  interrupt.o(i.IntMasterEnable)
    IntPrioritySet                           0x00000651   Thumb Code    36  interrupt.o(i.IntPrioritySet)
    KEY_Init                                 0x00000679   Thumb Code    42  key.o(i.KEY_Init)
    LCD_Clear                                0x000006ad   Thumb Code    94  lcd.o(i.LCD_Clear)
    LCD_DrawLine                             0x0000070d   Thumb Code   164  lcd.o(i.LCD_DrawLine)
    LCD_DrawRectangle                        0x000007b5   Thumb Code    62  lcd.o(i.LCD_DrawRectangle)
    LCD_ShowChar                             0x000007f5   Thumb Code   202  lcd.o(i.LCD_ShowChar)
    LCD_ShowString                           0x000008c9   Thumb Code    44  lcd.o(i.LCD_ShowString)
    PCF8574_I2C_GPIO_Config                  0x000008f5   Thumb Code    44  pcf8574.o(i.PCF8574_I2C_GPIO_Config)
    PCF8574_I2C_RecvACK                      0x00000929   Thumb Code   134  pcf8574.o(i.PCF8574_I2C_RecvACK)
    PCF8574_I2C_SendByte                     0x000009b9   Thumb Code   110  pcf8574.o(i.PCF8574_I2C_SendByte)
    PCF8574_I2C_Start                        0x00000a2d   Thumb Code    94  pcf8574.o(i.PCF8574_I2C_Start)
    PCF8574_I2C_Stop                         0x00000a91   Thumb Code    94  pcf8574.o(i.PCF8574_I2C_Stop)
    PCF8574_Single_WriteI2C                  0x00000af5   Thumb Code    32  pcf8574.o(i.PCF8574_Single_WriteI2C)
    SysCtlClockSet                           0x00000b15   Thumb Code   344  sysctl.o(i.SysCtlClockSet)
    SysCtlPeripheralEnable                   0x00000c81   Thumb Code    70  sysctl.o(i.SysCtlPeripheralEnable)
    UART2_Int_Handler                        0x00000cd1   Thumb Code   198  uart.o(i.UART2_Int_Handler)
    UARTCharGet                              0x00000dbd   Thumb Code    12  uart.o(i.UARTCharGet)
    UARTIntClear                             0x00000dc9   Thumb Code     4  uart.o(i.UARTIntClear)
    UARTIntStatus                            0x00000dcd   Thumb Code    10  uart.o(i.UARTIntStatus)
    UARTStdioInit                            0x00000dd7   Thumb Code     4  uartstdio.o(i.UARTStdioInit)
    UARTStdioInitExpClk                      0x00000ddd   Thumb Code    88  uartstdio.o(i.UARTStdioInitExpClk)
    UARTprintf                               0x00000e41   Thumb Code   782  uartstdio.o(i.UARTprintf)
    WatchdogEnable                           0x00001165   Thumb Code    10  watchdog.o(i.WatchdogEnable)
    WatchdogLock                             0x0000116f   Thumb Code     8  watchdog.o(i.WatchdogLock)
    WatchdogReloadSet                        0x00001177   Thumb Code     4  watchdog.o(i.WatchdogReloadSet)
    WatchdogResetEnable                      0x0000117b   Thumb Code    10  watchdog.o(i.WatchdogResetEnable)
    Watchdog_Timer                           0x00001185   Thumb Code    32  main.o(i.Watchdog_Timer)
    __scatterload_copy                       0x000011a9   Thumb Code    14  handlers.o(i.__scatterload_copy)
    __scatterload_null                       0x000011b7   Thumb Code     2  handlers.o(i.__scatterload_null)
    __scatterload_zeroinit                   0x000011b9   Thumb Code    14  handlers.o(i.__scatterload_zeroinit)
    lcd_init                                 0x000011c9   Thumb Code   802  lcd.o(i.lcd_init)
    lcd_write_command                        0x00001525   Thumb Code    24  lcd.o(i.lcd_write_command)
    lcd_write_data                           0x00001549   Thumb Code    26  lcd.o(i.lcd_write_data)
    main                                     0x00001571   Thumb Code   298  main.o(i.main)
    Region$$Table$$Base                      0x00001a7c   Number         0  anon$$obj.o(Region$$Table)
    Region$$Table$$Limit                     0x00001a9c   Number         0  anon$$obj.o(Region$$Table)
    POINT_COLOR                              0x20000000   Data           4  lcd.o(.data)
    BACK_COLOR                               0x20000004   Data           4  lcd.o(.data)
    asc2_1608                                0x20000008   Data        1520  lcd.o(.data)
    DBufferFlag                              0x200005f8   Data           1  uart.o(.data)
    lcddev                                   0x20000604   Data          20  lcd.o(.bss)
    BufferA                                  0x20000618   Data          50  uart.o(.bss)
    __initial_sp                             0x20000850   Data           0  startup_rvmdk.o(STACK)



==============================================================================

Memory Map of the image

  Image Entry point : 0x0000026d

  Load Region LR_1 (Base: 0x00000000, Size: 0x000020a0, Max: 0xffffffff, ABSOLUTE, COMPRESSED[0x00001d9c])

    Execution Region ER_RO (Base: 0x00000000, Size: 0x00001a9c, Max: 0xffffffff, ABSOLUTE)

    Base Addr    Size         Type   Attr      Idx    E Section Name        Object

    0x00000000   0x00000278   Code   RO            3  * RESET               startup_rvmdk.o
    0x00000278   0x00000000   Code   RO         1616  * .ARM.Collect$$$$00000000  mc_w.l(entry.o)
    0x00000278   0x00000004   Code   RO         1619    .ARM.Collect$$$$00000001  mc_w.l(entry2.o)
    0x0000027c   0x00000004   Code   RO         1622    .ARM.Collect$$$$00000004  mc_w.l(entry5.o)
    0x00000280   0x00000000   Code   RO         1624    .ARM.Collect$$$$00000008  mc_w.l(entry7b.o)
    0x00000280   0x00000000   Code   RO         1626    .ARM.Collect$$$$0000000A  mc_w.l(entry8b.o)
    0x00000280   0x00000008   Code   RO         1627    .ARM.Collect$$$$0000000B  mc_w.l(entry9a.o)
    0x00000288   0x00000000   Code   RO         1629    .ARM.Collect$$$$0000000D  mc_w.l(entry10a.o)
    0x00000288   0x00000000   Code   RO         1631    .ARM.Collect$$$$0000000F  mc_w.l(entry11a.o)
    0x00000288   0x00000004   Code   RO         1620    .ARM.Collect$$$$00002712  mc_w.l(entry2.o)
    0x0000028c   0x00000006   Code   RO          894    .emb_text           driverlib-cm4f.lib(sysctl.o)
    0x00000292   0x00000002   PAD
    0x00000294   0x00000026   Code   RO         1606    .emb_text           driverlib-cm4f.lib(cpu.o)
    0x000002ba   0x00000002   PAD
    0x000002bc   0x00000024   Code   RO         1633    .text               mc_w.l(init.o)
    0x000002e0   0x0000005c   Code   RO         1643    .text               mc_w.l(__dczerorl2.o)
    0x0000033c   0x00000058   Code   RO            9    i.Address_set       lcd.o
    0x00000394   0x00000010   Code   RO          433    i.FPUEnable         driverlib-cm4f.lib(fpu.o)
    0x000003a4   0x00000010   Code   RO          436    i.FPULazyStackingEnable  driverlib-cm4f.lib(fpu.o)
    0x000003b4   0x00000028   Code   RO          506    i.GPIODirModeSet    driverlib-cm4f.lib(gpio.o)
    0x000003dc   0x0000003a   Code   RO          509    i.GPIOIntTypeSet    driverlib-cm4f.lib(gpio.o)
    0x00000416   0x000000b0   Code   RO          511    i.GPIOPadConfigSet  driverlib-cm4f.lib(gpio.o)
    0x000004c6   0x00000002   PAD
    0x000004c8   0x00000048   Code   RO          512    i.GPIOPinConfigure  driverlib-cm4f.lib(gpio.o)
    0x00000510   0x0000000e   Code   RO          515    i.GPIOPinIntEnable  driverlib-cm4f.lib(gpio.o)
    0x0000051e   0x0000001c   Code   RO          526    i.GPIOPinTypeGPIOOutput  driverlib-cm4f.lib(gpio.o)
    0x0000053a   0x0000001c   Code   RO          538    i.GPIOPinTypeUART   driverlib-cm4f.lib(gpio.o)
    0x00000556   0x00000006   Code   RO          541    i.GPIOPinWrite      driverlib-cm4f.lib(gpio.o)
    0x0000055c   0x0000007c   Code   RO          324    i.InitConsole       uart.o
    0x000005d8   0x00000064   Code   RO          792    i.IntEnable         driverlib-cm4f.lib(interrupt.o)
    0x0000063c   0x0000000a   Code   RO          793    i.IntMasterDisable  driverlib-cm4f.lib(interrupt.o)
    0x00000646   0x0000000a   Code   RO          794    i.IntMasterEnable   driverlib-cm4f.lib(interrupt.o)
    0x00000650   0x00000028   Code   RO          802    i.IntPrioritySet    driverlib-cm4f.lib(interrupt.o)
    0x00000678   0x00000034   Code   RO          157    i.KEY_Init          key.o
    0x000006ac   0x0000005e   Code   RO           11    i.LCD_Clear         lcd.o
    0x0000070a   0x00000002   PAD
    0x0000070c   0x000000a8   Code   RO           12    i.LCD_DrawLine      lcd.o
    0x000007b4   0x0000003e   Code   RO           14    i.LCD_DrawRectangle  lcd.o
    0x000007f2   0x00000002   PAD
    0x000007f4   0x000000d4   Code   RO           16    i.LCD_ShowChar      lcd.o
    0x000008c8   0x0000002c   Code   RO           17    i.LCD_ShowString    lcd.o
    0x000008f4   0x00000034   Code   RO          192    i.PCF8574_I2C_GPIO_Config  pcf8574.o
    0x00000928   0x00000090   Code   RO          193    i.PCF8574_I2C_RecvACK  pcf8574.o
    0x000009b8   0x00000074   Code   RO          196    i.PCF8574_I2C_SendByte  pcf8574.o
    0x00000a2c   0x00000064   Code   RO          197    i.PCF8574_I2C_Start  pcf8574.o
    0x00000a90   0x00000064   Code   RO          198    i.PCF8574_I2C_Stop  pcf8574.o
    0x00000af4   0x00000020   Code   RO          201    i.PCF8574_Single_WriteI2C  pcf8574.o
    0x00000b14   0x0000016c   Code   RO          900    i.SysCtlClockSet    driverlib-cm4f.lib(sysctl.o)
    0x00000c80   0x00000050   Code   RO          927    i.SysCtlPeripheralEnable  driverlib-cm4f.lib(sysctl.o)
    0x00000cd0   0x000000ec   Code   RO          327    i.UART2_Int_Handler  uart.o
    0x00000dbc   0x0000000c   Code   RO         1203    i.UARTCharGet       driverlib-cm4f.lib(uart.o)
    0x00000dc8   0x00000004   Code   RO         1224    i.UARTIntClear      driverlib-cm4f.lib(uart.o)
    0x00000dcc   0x0000000a   Code   RO         1228    i.UARTIntStatus     driverlib-cm4f.lib(uart.o)
    0x00000dd6   0x00000004   Code   RO          366    i.UARTStdioInit     uartstdio.o
    0x00000dda   0x00000002   PAD
    0x00000ddc   0x00000064   Code   RO          367    i.UARTStdioInitExpClk  uartstdio.o
    0x00000e40   0x00000324   Code   RO          370    i.UARTprintf        uartstdio.o
    0x00001164   0x0000000a   Code   RO         1486    i.WatchdogEnable    driverlib-cm4f.lib(watchdog.o)
    0x0000116e   0x00000008   Code   RO         1493    i.WatchdogLock      driverlib-cm4f.lib(watchdog.o)
    0x00001176   0x00000004   Code   RO         1496    i.WatchdogReloadSet  driverlib-cm4f.lib(watchdog.o)
    0x0000117a   0x0000000a   Code   RO         1498    i.WatchdogResetEnable  driverlib-cm4f.lib(watchdog.o)
    0x00001184   0x00000024   Code   RO          276    i.Watchdog_Timer    main.o
    0x000011a8   0x0000000e   Code   RO         1637    i.__scatterload_copy  mc_w.l(handlers.o)
    0x000011b6   0x00000002   Code   RO         1638    i.__scatterload_null  mc_w.l(handlers.o)
    0x000011b8   0x0000000e   Code   RO         1639    i.__scatterload_zeroinit  mc_w.l(handlers.o)
    0x000011c6   0x00000002   PAD
    0x000011c8   0x0000035c   Code   RO           23    i.lcd_init          lcd.o
    0x00001524   0x00000024   Code   RO           24    i.lcd_write_command  lcd.o
    0x00001548   0x00000028   Code   RO           25    i.lcd_write_data    lcd.o
    0x00001570   0x00000174   Code   RO          278    i.main              main.o
    0x000016e4   0x00000044   Data   RO          372    .constdata          uartstdio.o
    0x00001728   0x00000078   Data   RO          544    .constdata          driverlib-cm4f.lib(gpio.o)
    0x000017a0   0x00000104   Data   RO          805    .constdata          driverlib-cm4f.lib(interrupt.o)
    0x000018a4   0x000001c4   Data   RO          943    .constdata          driverlib-cm4f.lib(sysctl.o)
    0x00001a68   0x00000011   Data   RO          373    .conststring        uartstdio.o
    0x00001a79   0x00000003   PAD
    0x00001a7c   0x00000020   Data   RO         1635    Region$$Table       anon$$obj.o


    Execution Region ER_RW (Base: 0x20000000, Size: 0x00000604, Max: 0xffffffff, ABSOLUTE, COMPRESSED[0x00000300])

    Base Addr    Size         Type   Attr      Idx    E Section Name        Object

    0x20000000   0x000005f8   Data   RW           28    .data               lcd.o
    0x200005f8   0x00000002   Data   RW          331    .data               uart.o
    0x200005fa   0x00000002   PAD
    0x200005fc   0x00000008   Data   RW          374    .data               uartstdio.o


    Execution Region ER_ZI (Base: 0x20000604, Size: 0x0000024c, Max: 0xffffffff, ABSOLUTE)

    Base Addr    Size         Type   Attr      Idx    E Section Name        Object

    0x20000604   0x00000014   Zero   RW           26    .bss                lcd.o
    0x20000618   0x00000032   Zero   RW          329    .bss                uart.o
    0x2000064a   0x00000006   PAD
    0x20000650   0x00000200   Zero   RW            1    STACK               startup_rvmdk.o


==============================================================================

Image component sizes


      Code (inc. data)   RO Data    RW Data    ZI Data      Debug   Object Name

        52         10          0          0          0        547   key.o
      1604         98          0       1528         20      36829   lcd.o
       408         78          0          0          0       2152   main.o
       544         36          0          0          0       4950   pcf8574.o
       632        622          0          0        512        288   startup_rvmdk.o
       360         70          0          2         50       2647   uart.o
       908         34         85          8          0       5664   uartstdio.o

    ----------------------------------------------------------------------
      4514        948        120       1540        588      53077   Object Totals
         0          0         32          0          0          0   (incl. Generated)
         6          0          3          2          6          0   (incl. Padding)

    ----------------------------------------------------------------------

      Code (inc. data)   RO Data    RW Data    ZI Data      Debug   Library Member Name

        38          0          0          0          0        544   cpu.o
        32          8          0          0          0       4044   fpu.o
       422          8        120          0          0       5620   gpio.o
       160         12        260          0          0       2974   interrupt.o
       450         30        452          0          0       3286   sysctl.o
        26          0          0          0          0       1565   uart.o
        32          0          0          0          0       2006   watchdog.o
        92          0          0          0          0          0   __dczerorl2.o
         0          0          0          0          0          0   entry.o
         0          0          0          0          0          0   entry10a.o
         0          0          0          0          0          0   entry11a.o
         8          4          0          0          0          0   entry2.o
         4          0          0          0          0          0   entry5.o
         0          0          0          0          0          0   entry7b.o
         0          0          0          0          0          0   entry8b.o
         8          4          0          0          0          0   entry9a.o
        30          0          0          0          0          0   handlers.o
        36          8          0          0          0         68   init.o

    ----------------------------------------------------------------------
      1346         74        832          0          0      20107   Library Totals
         8          0          0          0          0          0   (incl. Padding)

    ----------------------------------------------------------------------

      Code (inc. data)   RO Data    RW Data    ZI Data      Debug   Library Name

      1160         58        832          0          0      20039   driverlib-cm4f.lib
       178         16          0          0          0         68   mc_w.l

    ----------------------------------------------------------------------
      1346         74        832          0          0      20107   Library Totals

    ----------------------------------------------------------------------

==============================================================================


      Code (inc. data)   RO Data    RW Data    ZI Data      Debug   

      5860       1022        952       1540        588      68984   Grand Totals
      5860       1022        952        768        588      68984   ELF Image Totals (compressed)
      5860       1022        952        768          0          0   ROM Totals

==============================================================================

    Total RO  Size (Code + RO Data)                 6812 (   6.65kB)
    Total RW  Size (RW Data + ZI Data)              2128 (   2.08kB)
    Total ROM Size (Code + RO Data + RW Data)       7580 (   7.40kB)

==============================================================================

